2026/03/25 16:39:44 ??Connected to PostgreSQL

2026/03/25 16:39:44 [32mD:/works/edulinker_v2/backend/internal/database/database.go:72
[0m[33m[3.199ms] [34;1m[rows:1][0m SELECT count(*) FROM information_schema.tables WHERE table_schema = CURRENT_SCHEMA() AND table_name = 'schools' AND table_type = 'BASE TABLE'

2026/03/25 16:39:44 [32mD:/works/edulinker_v2/backend/internal/database/database.go:72
[0m[33m[0.521ms] [34;1m[rows:1][0m SELECT CURRENT_DATABASE()

2026/03/25 16:39:44 [32mD:/works/edulinker_v2/backend/internal/database/database.go:72
[0m[33m[5.811ms] [34;1m[rows:-][0m SELECT c.column_name, c.is_nullable = 'YES', c.udt_name, c.character_maximum_length, c.numeric_precision, c.numeric_precision_radix, c.numeric_scale, c.datetime_precision, 8 * typlen, c.column_default, pd.description, c.identity_increment FROM information_schema.columns AS c JOIN pg_type AS pgt ON c.udt_name = pgt.typname LEFT JOIN pg_catalog.pg_description as pd ON pd.objsubid = c.ordinal_position AND pd.objoid = (SELECT oid FROM pg_catalog.pg_class WHERE relname = c.table_name AND relnamespace = (SELECT oid FROM pg_catalog.pg_namespace WHERE nspname = c.table_schema)) where table_catalog = 'edulinker' AND table_schema = CURRENT_SCHEMA() AND table_name = 'schools'

2026/03/25 16:39:44 [32mD:/works/edulinker_v2/backend/internal/database/database.go:72
[0m[33m[1.004ms] [34;1m[rows:-][0m SELECT * FROM "schools" LIMIT 5

2026/03/25 16:39:44 [32mD:/works/edulinker_v2/backend/internal/database/database.go:72
[0m[33m[4.572ms] [34;1m[rows:-][0m SELECT constraint_name FROM information_schema.table_constraints tc JOIN information_schema.constraint_column_usage AS ccu USING (constraint_schema, constraint_catalog, table_name, constraint_name) JOIN information_schema.columns AS c ON c.table_schema = tc.constraint_schema AND tc.table_name = c.table_name AND ccu.column_name = c.column_name WHERE constraint_type IN ('PRIMARY KEY', 'UNIQUE') AND c.table_catalog = 'edulinker' AND c.table_schema = CURRENT_SCHEMA() AND c.table_name = 'schools' AND constraint_type = 'UNIQUE'

2026/03/25 16:39:44 [32mD:/works/edulinker_v2/backend/internal/database/database.go:72
[0m[33m[4.069ms] [34;1m[rows:-][0m SELECT c.column_name, constraint_name, constraint_type FROM information_schema.table_constraints tc JOIN information_schema.constraint_column_usage AS ccu USING (constraint_schema, constraint_catalog, table_name, constraint_name) JOIN information_schema.columns AS c ON c.table_schema = tc.constraint_schema AND tc.table_name = c.table_name AND ccu.column_name = c.column_name WHERE constraint_type IN ('PRIMARY KEY', 'UNIQUE') AND c.table_catalog = 'edulinker' AND c.table_schema = CURRENT_SCHEMA() AND c.table_name = 'schools'

2026/03/25 16:39:44 [32mD:/works/edulinker_v2/backend/internal/database/database.go:72
[0m[33m[0.507ms] [34;1m[rows:-][0m SELECT a.attname as column_name, format_type(a.atttypid, a.atttypmod) AS data_type
		FROM pg_attribute a JOIN pg_class b ON a.attrelid = b.oid AND relnamespace = (SELECT oid FROM pg_catalog.pg_namespace WHERE nspname = CURRENT_SCHEMA())
		WHERE a.attnum > 0 -- hide internal columns
		AND NOT a.attisdropped -- hide deleted columns
		AND b.relname = 'schools'

2026/03/25 16:39:44 [32mD:/works/edulinker_v2/backend/internal/database/database.go:72
[0m[33m[1.639ms] [34;1m[rows:0][0m SELECT description FROM pg_catalog.pg_description WHERE objsubid = (SELECT ordinal_position FROM information_schema.columns WHERE table_schema = CURRENT_SCHEMA() AND table_name = 'schools' AND column_name = 'id') AND objoid = (SELECT oid FROM pg_catalog.pg_class WHERE relname = 'schools' AND relnamespace = (SELECT oid FROM pg_catalog.pg_namespace WHERE nspname = CURRENT_SCHEMA()))

2026/03/25 16:39:44 [32mD:/works/edulinker_v2/backend/internal/database/database.go:72
[0m[33m[1.031ms] [34;1m[rows:0][0m SELECT description FROM pg_catalog.pg_description WHERE objsubid = (SELECT ordinal_position FROM information_schema.columns WHERE table_schema = CURRENT_SCHEMA() AND table_name = 'schools' AND column_name = 'name') AND objoid = (SELECT oid FROM pg_catalog.pg_class WHERE relname = 'schools' AND relnamespace = (SELECT oid FROM pg_catalog.pg_namespace WHERE nspname = CURRENT_SCHEMA()))

2026/03/25 16:39:44 [32mD:/works/edulinker_v2/backend/internal/database/database.go:72
[0m[33m[1.125ms] [34;1m[rows:0][0m SELECT description FROM pg_catalog.pg_description WHERE objsubid = (SELECT ordinal_position FROM information_schema.columns WHERE table_schema = CURRENT_SCHEMA() AND table_name = 'schools' AND column_name = 'code') AND objoid = (SELECT oid FROM pg_catalog.pg_class WHERE relname = 'schools' AND relnamespace = (SELECT oid FROM pg_catalog.pg_namespace WHERE nspname = CURRENT_SCHEMA()))

2026/03/25 16:39:44 [32mD:/works/edulinker_v2/backend/internal/database/database.go:72
[0m[33m[1.031ms] [34;1m[rows:0][0m SELECT description FROM pg_catalog.pg_description WHERE objsubid = (SELECT ordinal_position FROM information_schema.columns WHERE table_schema = CURRENT_SCHEMA() AND table_name = 'schools' AND column_name = 'address') AND objoid = (SELECT oid FROM pg_catalog.pg_class WHERE relname = 'schools' AND relnamespace = (SELECT oid FROM pg_catalog.pg_namespace WHERE nspname = CURRENT_SCHEMA()))

2026/03/25 16:39:44 [32mD:/works/edulinker_v2/backend/internal/database/database.go:72
[0m[33m[1.531ms] [34;1m[rows:0][0m SELECT description FROM pg_catalog.pg_description WHERE objsubid = (SELECT ordinal_position FROM information_schema.columns WHERE table_schema = CURRENT_SCHEMA() AND table_name = 'schools' AND column_name = 'phone') AND objoid = (SELECT oid FROM pg_catalog.pg_class WHERE relname = 'schools' AND relnamespace = (SELECT oid FROM pg_catalog.pg_namespace WHERE nspname = CURRENT_SCHEMA()))

2026/03/25 16:39:44 [32mD:/works/edulinker_v2/backend/internal/database/database.go:72
[0m[33m[1.017ms] [34;1m[rows:0][0m SELECT description FROM pg_catalog.pg_description WHERE objsubid = (SELECT ordinal_position FROM information_schema.columns WHERE table_schema = CURRENT_SCHEMA() AND table_name = 'schools' AND column_name = 'created_at') AND objoid = (SELECT oid FROM pg_catalog.pg_class WHERE relname = 'schools' AND relnamespace = (SELECT oid FROM pg_catalog.pg_namespace WHERE nspname = CURRENT_SCHEMA()))

2026/03/25 16:39:44 [32mD:/works/edulinker_v2/backend/internal/database/database.go:72
[0m[33m[0.514ms] [34;1m[rows:0][0m SELECT description FROM pg_catalog.pg_description WHERE objsubid = (SELECT ordinal_position FROM information_schema.columns WHERE table_schema = CURRENT_SCHEMA() AND table_name = 'schools' AND column_name = 'updated_at') AND objoid = (SELECT oid FROM pg_catalog.pg_class WHERE relname = 'schools' AND relnamespace = (SELECT oid FROM pg_catalog.pg_namespace WHERE nspname = CURRENT_SCHEMA()))

2026/03/25 16:39:44 [32mD:/works/edulinker_v2/backend/internal/database/database.go:72
[0m[33m[1.539ms] [34;1m[rows:1][0m SELECT count(*) FROM pg_indexes WHERE tablename = 'schools' AND indexname = 'idx_schools_code' AND schemaname = CURRENT_SCHEMA()

2026/03/25 16:39:44 [32mD:/works/edulinker_v2/backend/internal/database/database.go:72
[0m[33m[0.511ms] [34;1m[rows:1][0m SELECT count(*) FROM information_schema.tables WHERE table_schema = CURRENT_SCHEMA() AND table_name = 'users' AND table_type = 'BASE TABLE'

2026/03/25 16:39:44 [32mD:/works/edulinker_v2/backend/internal/database/database.go:72
[0m[33m[0.000ms] [34;1m[rows:1][0m SELECT CURRENT_DATABASE()

2026/03/25 16:39:44 [32mD:/works/edulinker_v2/backend/internal/database/database.go:72
[0m[33m[3.061ms] [34;1m[rows:-][0m SELECT c.column_name, c.is_nullable = 'YES', c.udt_name, c.character_maximum_length, c.numeric_precision, c.numeric_precision_radix, c.numeric_scale, c.datetime_precision, 8 * typlen, c.column_default, pd.description, c.identity_increment FROM information_schema.columns AS c JOIN pg_type AS pgt ON c.udt_name = pgt.typname LEFT JOIN pg_catalog.pg_description as pd ON pd.objsubid = c.ordinal_position AND pd.objoid = (SELECT oid FROM pg_catalog.pg_class WHERE relname = c.table_name AND relnamespace = (SELECT oid FROM pg_catalog.pg_namespace WHERE nspname = c.table_schema)) where table_catalog = 'edulinker' AND table_schema = CURRENT_SCHEMA() AND table_name = 'users'

2026/03/25 16:39:44 [32mD:/works/edulinker_v2/backend/internal/database/database.go:72
[0m[33m[1.036ms] [34;1m[rows:-][0m SELECT * FROM "users" LIMIT 5

2026/03/25 16:39:44 [32mD:/works/edulinker_v2/backend/internal/database/database.go:72
[0m[33m[3.115ms] [34;1m[rows:-][0m SELECT constraint_name FROM information_schema.table_constraints tc JOIN information_schema.constraint_column_usage AS ccu USING (constraint_schema, constraint_catalog, table_name, constraint_name) JOIN information_schema.columns AS c ON c.table_schema = tc.constraint_schema AND tc.table_name = c.table_name AND ccu.column_name = c.column_name WHERE constraint_type IN ('PRIMARY KEY', 'UNIQUE') AND c.table_catalog = 'edulinker' AND c.table_schema = CURRENT_SCHEMA() AND c.table_name = 'users' AND constraint_type = 'UNIQUE'

2026/03/25 16:39:44 [32mD:/works/edulinker_v2/backend/internal/database/database.go:72
[0m[33m[5.200ms] [34;1m[rows:-][0m SELECT c.column_name, constraint_name, constraint_type FROM information_schema.table_constraints tc JOIN information_schema.constraint_column_usage AS ccu USING (constraint_schema, constraint_catalog, table_name, constraint_name) JOIN information_schema.columns AS c ON c.table_schema = tc.constraint_schema AND tc.table_name = c.table_name AND ccu.column_name = c.column_name WHERE constraint_type IN ('PRIMARY KEY', 'UNIQUE') AND c.table_catalog = 'edulinker' AND c.table_schema = CURRENT_SCHEMA() AND c.table_name = 'users'

2026/03/25 16:39:44 [32mD:/works/edulinker_v2/backend/internal/database/database.go:72
[0m[33m[0.507ms] [34;1m[rows:-][0m SELECT a.attname as column_name, format_type(a.atttypid, a.atttypmod) AS data_type
		FROM pg_attribute a JOIN pg_class b ON a.attrelid = b.oid AND relnamespace = (SELECT oid FROM pg_catalog.pg_namespace WHERE nspname = CURRENT_SCHEMA())
		WHERE a.attnum > 0 -- hide internal columns
		AND NOT a.attisdropped -- hide deleted columns
		AND b.relname = 'users'

2026/03/25 16:39:44 [32mD:/works/edulinker_v2/backend/internal/database/database.go:72
[0m[33m[0.000ms] [34;1m[rows:0][0m SELECT description FROM pg_catalog.pg_description WHERE objsubid = (SELECT ordinal_position FROM information_schema.columns WHERE table_schema = CURRENT_SCHEMA() AND table_name = 'users' AND column_name = 'id') AND objoid = (SELECT oid FROM pg_catalog.pg_class WHERE relname = 'users' AND relnamespace = (SELECT oid FROM pg_catalog.pg_namespace WHERE nspname = CURRENT_SCHEMA()))

2026/03/25 16:39:44 [32mD:/works/edulinker_v2/backend/internal/database/database.go:72
[0m[33m[0.987ms] [34;1m[rows:0][0m SELECT description FROM pg_catalog.pg_description WHERE objsubid = (SELECT ordinal_position FROM information_schema.columns WHERE table_schema = CURRENT_SCHEMA() AND table_name = 'users' AND column_name = 'school_id') AND objoid = (SELECT oid FROM pg_catalog.pg_class WHERE relname = 'users' AND relnamespace = (SELECT oid FROM pg_catalog.pg_namespace WHERE nspname = CURRENT_SCHEMA()))

2026/03/25 16:39:44 [32mD:/works/edulinker_v2/backend/internal/database/database.go:72
[0m[33m[0.000ms] [34;1m[rows:0][0m SELECT description FROM pg_catalog.pg_description WHERE objsubid = (SELECT ordinal_position FROM information_schema.columns WHERE table_schema = CURRENT_SCHEMA() AND table_name = 'users' AND column_name = 'name') AND objoid = (SELECT oid FROM pg_catalog.pg_class WHERE relname = 'users' AND relnamespace = (SELECT oid FROM pg_catalog.pg_namespace WHERE nspname = CURRENT_SCHEMA()))

2026/03/25 16:39:44 [32m
[0m[33m[0.000ms] [34;1m[rows:1][0m SELECT CURRENT_DATABASE()

2026/03/25 16:39:44 [32m
[0m[33m[3.344ms] [34;1m[rows:-][0m SELECT c.column_name, c.is_nullable = 'YES', c.udt_name, c.character_maximum_length, c.numeric_precision, c.numeric_precision_radix, c.numeric_scale, c.datetime_precision, 8 * typlen, c.column_default, pd.description, c.identity_increment FROM information_schema.columns AS c JOIN pg_type AS pgt ON c.udt_name = pgt.typname LEFT JOIN pg_catalog.pg_description as pd ON pd.objsubid = c.ordinal_position AND pd.objoid = (SELECT oid FROM pg_catalog.pg_class WHERE relname = c.table_name AND relnamespace = (SELECT oid FROM pg_catalog.pg_namespace WHERE nspname = c.table_schema)) where table_catalog = 'edulinker' AND table_schema = CURRENT_SCHEMA() AND table_name = 'users'

2026/03/25 16:39:44 [32m
[0m[33m[0.000ms] [34;1m[rows:-][0m SELECT * FROM "users" LIMIT 5

2026/03/25 16:39:44 [32m
[0m[33m[3.574ms] [34;1m[rows:-][0m SELECT constraint_name FROM information_schema.table_constraints tc JOIN information_schema.constraint_column_usage AS ccu USING (constraint_schema, constraint_catalog, table_name, constraint_name) JOIN information_schema.columns AS c ON c.table_schema = tc.constraint_schema AND tc.table_name = c.table_name AND ccu.column_name = c.column_name WHERE constraint_type IN ('PRIMARY KEY', 'UNIQUE') AND c.table_catalog = 'edulinker' AND c.table_schema = CURRENT_SCHEMA() AND c.table_name = 'users' AND constraint_type = 'UNIQUE'

2026/03/25 16:39:44 [32m
[0m[33m[3.678ms] [34;1m[rows:-][0m SELECT c.column_name, constraint_name, constraint_type FROM information_schema.table_constraints tc JOIN information_schema.constraint_column_usage AS ccu USING (constraint_schema, constraint_catalog, table_name, constraint_name) JOIN information_schema.columns AS c ON c.table_schema = tc.constraint_schema AND tc.table_name = c.table_name AND ccu.column_name = c.column_name WHERE constraint_type IN ('PRIMARY KEY', 'UNIQUE') AND c.table_catalog = 'edulinker' AND c.table_schema = CURRENT_SCHEMA() AND c.table_name = 'users'

2026/03/25 16:39:44 [32m
[0m[33m[0.504ms] [34;1m[rows:-][0m SELECT a.attname as column_name, format_type(a.atttypid, a.atttypmod) AS data_type
		FROM pg_attribute a JOIN pg_class b ON a.attrelid = b.oid AND relnamespace = (SELECT oid FROM pg_catalog.pg_namespace WHERE nspname = CURRENT_SCHEMA())
		WHERE a.attnum > 0 -- hide internal columns
		AND NOT a.attisdropped -- hide deleted columns
		AND b.relname = 'users'

2026/03/25 16:39:44 [32m
[0m[33m[1.519ms] [34;1m[rows:0][0m ALTER TABLE "users" ALTER COLUMN "login_id" TYPE varchar(50) USING "login_id"::varchar(50)

2026/03/25 16:39:44 [32mD:/works/edulinker_v2/backend/internal/database/database.go:72
[0m[33m[0.000ms] [34;1m[rows:0][0m ALTER TABLE "users" ALTER COLUMN "login_id" SET DEFAULT null

2026/03/25 16:39:44 [32mD:/works/edulinker_v2/backend/internal/database/database.go:72
[0m[33m[0.564ms] [34;1m[rows:0][0m SELECT description FROM pg_catalog.pg_description WHERE objsubid = (SELECT ordinal_position FROM information_schema.columns WHERE table_schema = CURRENT_SCHEMA() AND table_name = 'users' AND column_name = 'login_id') AND objoid = (SELECT oid FROM pg_catalog.pg_class WHERE relname = 'users' AND relnamespace = (SELECT oid FROM pg_catalog.pg_namespace WHERE nspname = CURRENT_SCHEMA()))

2026/03/25 16:39:44 [32mD:/works/edulinker_v2/backend/internal/database/database.go:72
[0m[33m[0.000ms] [34;1m[rows:0][0m SELECT description FROM pg_catalog.pg_description WHERE objsubid = (SELECT ordinal_position FROM information_schema.columns WHERE table_schema = CURRENT_SCHEMA() AND table_name = 'users' AND column_name = 'phone') AND objoid = (SELECT oid FROM pg_catalog.pg_class WHERE relname = 'users' AND relnamespace = (SELECT oid FROM pg_catalog.pg_namespace WHERE nspname = CURRENT_SCHEMA()))

2026/03/25 16:39:44 [32mD:/works/edulinker_v2/backend/internal/database/database.go:72
[0m[33m[0.000ms] [34;1m[rows:0][0m SELECT description FROM pg_catalog.pg_description WHERE objsubid = (SELECT ordinal_position FROM information_schema.columns WHERE table_schema = CURRENT_SCHEMA() AND table_name = 'users' AND column_name = 'email') AND objoid = (SELECT oid FROM pg_catalog.pg_class WHERE relname = 'users' AND relnamespace = (SELECT oid FROM pg_catalog.pg_namespace WHERE nspname = CURRENT_SCHEMA()))

2026/03/25 16:39:44 [32mD:/works/edulinker_v2/backend/internal/database/database.go:72
[0m[33m[0.524ms] [34;1m[rows:0][0m SELECT description FROM pg_catalog.pg_description WHERE objsubid = (SELECT ordinal_position FROM information_schema.columns WHERE table_schema = CURRENT_SCHEMA() AND table_name = 'users' AND column_name = 'role') AND objoid = (SELECT oid FROM pg_catalog.pg_class WHERE relname = 'users' AND relnamespace = (SELECT oid FROM pg_catalog.pg_namespace WHERE nspname = CURRENT_SCHEMA()))

2026/03/25 16:39:44 [32mD:/works/edulinker_v2/backend/internal/database/database.go:72
[0m[33m[0.000ms] [34;1m[rows:0][0m SELECT description FROM pg_catalog.pg_description WHERE objsubid = (SELECT ordinal_position FROM information_schema.columns WHERE table_schema = CURRENT_SCHEMA() AND table_name = 'users' AND column_name = 'grade') AND objoid = (SELECT oid FROM pg_catalog.pg_class WHERE relname = 'users' AND relnamespace = (SELECT oid FROM pg_catalog.pg_namespace WHERE nspname = CURRENT_SCHEMA()))

2026/03/25 16:39:44 [32mD:/works/edulinker_v2/backend/internal/database/database.go:72
[0m[33m[0.505ms] [34;1m[rows:0][0m SELECT description FROM pg_catalog.pg_description WHERE objsubid = (SELECT ordinal_position FROM information_schema.columns WHERE table_schema = CURRENT_SCHEMA() AND table_name = 'users' AND column_name = 'class_num') AND objoid = (SELECT oid FROM pg_catalog.pg_class WHERE relname = 'users' AND relnamespace = (SELECT oid FROM pg_catalog.pg_namespace WHERE nspname = CURRENT_SCHEMA()))

2026/03/25 16:39:44 [32mD:/works/edulinker_v2/backend/internal/database/database.go:72
[0m[33m[0.000ms] [34;1m[rows:0][0m SELECT description FROM pg_catalog.pg_description WHERE objsubid = (SELECT ordinal_position FROM information_schema.columns WHERE table_schema = CURRENT_SCHEMA() AND table_name = 'users' AND column_name = 'number') AND objoid = (SELECT oid FROM pg_catalog.pg_class WHERE relname = 'users' AND relnamespace = (SELECT oid FROM pg_catalog.pg_namespace WHERE nspname = CURRENT_SCHEMA()))

2026/03/25 16:39:44 [32mD:/works/edulinker_v2/backend/internal/database/database.go:72
[0m[33m[0.000ms] [34;1m[rows:0][0m SELECT description FROM pg_catalog.pg_description WHERE objsubid = (SELECT ordinal_position FROM information_schema.columns WHERE table_schema = CURRENT_SCHEMA() AND table_name = 'users' AND column_name = 'gender') AND objoid = (SELECT oid FROM pg_catalog.pg_class WHERE relname = 'users' AND relnamespace = (SELECT oid FROM pg_catalog.pg_namespace WHERE nspname = CURRENT_SCHEMA()))

2026/03/25 16:39:44 [32mD:/works/edulinker_v2/backend/internal/database/database.go:72
[0m[33m[0.507ms] [34;1m[rows:0][0m SELECT description FROM pg_catalog.pg_description WHERE objsubid = (SELECT ordinal_position FROM information_schema.columns WHERE table_schema = CURRENT_SCHEMA() AND table_name = 'users' AND column_name = 'department') AND objoid = (SELECT oid FROM pg_catalog.pg_class WHERE relname = 'users' AND relnamespace = (SELECT oid FROM pg_catalog.pg_namespace WHERE nspname = CURRENT_SCHEMA()))

2026/03/25 16:39:44 [32mD:/works/edulinker_v2/backend/internal/database/database.go:72
[0m[33m[0.000ms] [34;1m[rows:0][0m SELECT description FROM pg_catalog.pg_description WHERE objsubid = (SELECT ordinal_position FROM information_schema.columns WHERE table_schema = CURRENT_SCHEMA() AND table_name = 'users' AND column_name = 'task_name') AND objoid = (SELECT oid FROM pg_catalog.pg_class WHERE relname = 'users' AND relnamespace = (SELECT oid FROM pg_catalog.pg_namespace WHERE nspname = CURRENT_SCHEMA()))

2026/03/25 16:39:44 [32mD:/works/edulinker_v2/backend/internal/database/database.go:72
[0m[33m[0.000ms] [34;1m[rows:0][0m SELECT description FROM pg_catalog.pg_description WHERE objsubid = (SELECT ordinal_position FROM information_schema.columns WHERE table_schema = CURRENT_SCHEMA() AND table_name = 'users' AND column_name = 'position') AND objoid = (SELECT oid FROM pg_catalog.pg_class WHERE relname = 'users' AND relnamespace = (SELECT oid FROM pg_catalog.pg_namespace WHERE nspname = CURRENT_SCHEMA()))

2026/03/25 16:39:44 [32mD:/works/edulinker_v2/backend/internal/database/database.go:72
[0m[33m[0.581ms] [34;1m[rows:0][0m SELECT description FROM pg_catalog.pg_description WHERE objsubid = (SELECT ordinal_position FROM information_schema.columns WHERE table_schema = CURRENT_SCHEMA() AND table_name = 'users' AND column_name = 'class_phone') AND objoid = (SELECT oid FROM pg_catalog.pg_class WHERE relname = 'users' AND relnamespace = (SELECT oid FROM pg_catalog.pg_namespace WHERE nspname = CURRENT_SCHEMA()))

2026/03/25 16:39:44 [32mD:/works/edulinker_v2/backend/internal/database/database.go:72
[0m[33m[0.000ms] [34;1m[rows:0][0m SELECT description FROM pg_catalog.pg_description WHERE objsubid = (SELECT ordinal_position FROM information_schema.columns WHERE table_schema = CURRENT_SCHEMA() AND table_name = 'users' AND column_name = 'password_hash') AND objoid = (SELECT oid FROM pg_catalog.pg_class WHERE relname = 'users' AND relnamespace = (SELECT oid FROM pg_catalog.pg_namespace WHERE nspname = CURRENT_SCHEMA()))

2026/03/25 16:39:44 [32mD:/works/edulinker_v2/backend/internal/database/database.go:72
[0m[33m[0.000ms] [34;1m[rows:0][0m SELECT description FROM pg_catalog.pg_description WHERE objsubid = (SELECT ordinal_position FROM information_schema.columns WHERE table_schema = CURRENT_SCHEMA() AND table_name = 'users' AND column_name = 'pin') AND objoid = (SELECT oid FROM pg_catalog.pg_class WHERE relname = 'users' AND relnamespace = (SELECT oid FROM pg_catalog.pg_namespace WHERE nspname = CURRENT_SCHEMA()))

2026/03/25 16:39:44 [32mD:/works/edulinker_v2/backend/internal/database/database.go:72
[0m[33m[0.506ms] [34;1m[rows:0][0m SELECT description FROM pg_catalog.pg_description WHERE objsubid = (SELECT ordinal_position FROM information_schema.columns WHERE table_schema = CURRENT_SCHEMA() AND table_name = 'users' AND column_name = 'parent_phone') AND objoid = (SELECT oid FROM pg_catalog.pg_class WHERE relname = 'users' AND relnamespace = (SELECT oid FROM pg_catalog.pg_namespace WHERE nspname = CURRENT_SCHEMA()))

2026/03/25 16:39:44 [32mD:/works/edulinker_v2/backend/internal/database/database.go:72
[0m[33m[0.000ms] [34;1m[rows:0][0m SELECT description FROM pg_catalog.pg_description WHERE objsubid = (SELECT ordinal_position FROM information_schema.columns WHERE table_schema = CURRENT_SCHEMA() AND table_name = 'users' AND column_name = 'is_active') AND objoid = (SELECT oid FROM pg_catalog.pg_class WHERE relname = 'users' AND relnamespace = (SELECT oid FROM pg_catalog.pg_namespace WHERE nspname = CURRENT_SCHEMA()))

2026/03/25 16:39:44 [32mD:/works/edulinker_v2/backend/internal/database/database.go:72
[0m[33m[0.000ms] [34;1m[rows:0][0m SELECT description FROM pg_catalog.pg_description WHERE objsubid = (SELECT ordinal_position FROM information_schema.columns WHERE table_schema = CURRENT_SCHEMA() AND table_name = 'users' AND column_name = 'created_at') AND objoid = (SELECT oid FROM pg_catalog.pg_class WHERE relname = 'users' AND relnamespace = (SELECT oid FROM pg_catalog.pg_namespace WHERE nspname = CURRENT_SCHEMA()))

2026/03/25 16:39:44 [32mD:/works/edulinker_v2/backend/internal/database/database.go:72
[0m[33m[0.519ms] [34;1m[rows:0][0m SELECT description FROM pg_catalog.pg_description WHERE objsubid = (SELECT ordinal_position FROM information_schema.columns WHERE table_schema = CURRENT_SCHEMA() AND table_name = 'users' AND column_name = 'updated_at') AND objoid = (SELECT oid FROM pg_catalog.pg_class WHERE relname = 'users' AND relnamespace = (SELECT oid FROM pg_catalog.pg_namespace WHERE nspname = CURRENT_SCHEMA()))

2026/03/25 16:39:44 [32mD:/works/edulinker_v2/backend/internal/database/database.go:72
[0m[33m[0.507ms] [34;1m[rows:1][0m SELECT count(*) FROM INFORMATION_SCHEMA.table_constraints WHERE table_schema = CURRENT_SCHEMA() AND table_name = 'users' AND constraint_name = 'fk_users_school'

2026/03/25 16:39:44 [32mD:/works/edulinker_v2/backend/internal/database/database.go:72
[0m[33m[0.000ms] [34;1m[rows:1][0m SELECT count(*) FROM pg_indexes WHERE tablename = 'users' AND indexname = 'idx_users_school_id' AND schemaname = CURRENT_SCHEMA()

2026/03/25 16:39:44 [32mD:/works/edulinker_v2/backend/internal/database/database.go:72
[0m[33m[0.554ms] [34;1m[rows:1][0m SELECT count(*) FROM pg_indexes WHERE tablename = 'users' AND indexname = 'idx_users_login_id' AND schemaname = CURRENT_SCHEMA()

2026/03/25 16:39:44 [32mD:/works/edulinker_v2/backend/internal/database/database.go:72
[0m[33m[0.506ms] [34;1m[rows:1][0m SELECT count(*) FROM pg_indexes WHERE tablename = 'users' AND indexname = 'idx_users_phone' AND schemaname = CURRENT_SCHEMA()

2026/03/25 16:39:44 [32mD:/works/edulinker_v2/backend/internal/database/database.go:72
[0m[33m[1.036ms] [34;1m[rows:0][0m CREATE INDEX IF NOT EXISTS "idx_users_phone" ON "users" ("phone")

2026/03/25 16:39:44 [32mD:/works/edulinker_v2/backend/internal/database/database.go:72
[0m[33m[0.519ms] [34;1m[rows:1][0m SELECT count(*) FROM pg_indexes WHERE tablename = 'users' AND indexname = 'idx_users_parent_phone' AND schemaname = CURRENT_SCHEMA()

2026/03/25 16:39:44 [32mD:/works/edulinker_v2/backend/internal/database/database.go:72
[0m[33m[0.000ms] [34;1m[rows:1][0m SELECT count(*) FROM information_schema.tables WHERE table_schema = CURRENT_SCHEMA() AND table_name = 'plugins' AND table_type = 'BASE TABLE'

2026/03/25 16:39:44 [32mD:/works/edulinker_v2/backend/internal/database/database.go:72
[0m[33m[0.000ms] [34;1m[rows:1][0m SELECT CURRENT_DATABASE()

2026/03/25 16:39:44 [32mD:/works/edulinker_v2/backend/internal/database/database.go:72
[0m[33m[3.596ms] [34;1m[rows:-][0m SELECT c.column_name, c.is_nullable = 'YES', c.udt_name, c.character_maximum_length, c.numeric_precision, c.numeric_precision_radix, c.numeric_scale, c.datetime_precision, 8 * typlen, c.column_default, pd.description, c.identity_increment FROM information_schema.columns AS c JOIN pg_type AS pgt ON c.udt_name = pgt.typname LEFT JOIN pg_catalog.pg_description as pd ON pd.objsubid = c.ordinal_position AND pd.objoid = (SELECT oid FROM pg_catalog.pg_class WHERE relname = c.table_name AND relnamespace = (SELECT oid FROM pg_catalog.pg_namespace WHERE nspname = c.table_schema)) where table_catalog = 'edulinker' AND table_schema = CURRENT_SCHEMA() AND table_name = 'plugins'

2026/03/25 16:39:44 [32mD:/works/edulinker_v2/backend/internal/database/database.go:72
[0m[33m[0.508ms] [34;1m[rows:-][0m SELECT * FROM "plugins" LIMIT 5

2026/03/25 16:39:44 [32mD:/works/edulinker_v2/backend/internal/database/database.go:72
[0m[33m[3.089ms] [34;1m[rows:-][0m SELECT constraint_name FROM information_schema.table_constraints tc JOIN information_schema.constraint_column_usage AS ccu USING (constraint_schema, constraint_catalog, table_name, constraint_name) JOIN information_schema.columns AS c ON c.table_schema = tc.constraint_schema AND tc.table_name = c.table_name AND ccu.column_name = c.column_name WHERE constraint_type IN ('PRIMARY KEY', 'UNIQUE') AND c.table_catalog = 'edulinker' AND c.table_schema = CURRENT_SCHEMA() AND c.table_name = 'plugins' AND constraint_type = 'UNIQUE'

2026/03/25 16:39:44 [32mD:/works/edulinker_v2/backend/internal/database/database.go:72
[0m[33m[4.048ms] [34;1m[rows:-][0m SELECT c.column_name, constraint_name, constraint_type FROM information_schema.table_constraints tc JOIN information_schema.constraint_column_usage AS ccu USING (constraint_schema, constraint_catalog, table_name, constraint_name) JOIN information_schema.columns AS c ON c.table_schema = tc.constraint_schema AND tc.table_name = c.table_name AND ccu.column_name = c.column_name WHERE constraint_type IN ('PRIMARY KEY', 'UNIQUE') AND c.table_catalog = 'edulinker' AND c.table_schema = CURRENT_SCHEMA() AND c.table_name = 'plugins'

2026/03/25 16:39:44 [32mD:/works/edulinker_v2/backend/internal/database/database.go:72
[0m[33m[0.507ms] [34;1m[rows:-][0m SELECT a.attname as column_name, format_type(a.atttypid, a.atttypmod) AS data_type
		FROM pg_attribute a JOIN pg_class b ON a.attrelid = b.oid AND relnamespace = (SELECT oid FROM pg_catalog.pg_namespace WHERE nspname = CURRENT_SCHEMA())
		WHERE a.attnum > 0 -- hide internal columns
		AND NOT a.attisdropped -- hide deleted columns
		AND b.relname = 'plugins'

2026/03/25 16:39:44 [32mD:/works/edulinker_v2/backend/internal/database/database.go:72
[0m[33m[0.000ms] [34;1m[rows:0][0m SELECT description FROM pg_catalog.pg_description WHERE objsubid = (SELECT ordinal_position FROM information_schema.columns WHERE table_schema = CURRENT_SCHEMA() AND table_name = 'plugins' AND column_name = 'id') AND objoid = (SELECT oid FROM pg_catalog.pg_class WHERE relname = 'plugins' AND relnamespace = (SELECT oid FROM pg_catalog.pg_namespace WHERE nspname = CURRENT_SCHEMA()))

2026/03/25 16:39:44 [32m
[0m[33m[0.000ms] [34;1m[rows:1][0m SELECT CURRENT_DATABASE()

2026/03/25 16:39:44 [32m
[0m[33m[2.570ms] [34;1m[rows:-][0m SELECT c.column_name, c.is_nullable = 'YES', c.udt_name, c.character_maximum_length, c.numeric_precision, c.numeric_precision_radix, c.numeric_scale, c.datetime_precision, 8 * typlen, c.column_default, pd.description, c.identity_increment FROM information_schema.columns AS c JOIN pg_type AS pgt ON c.udt_name = pgt.typname LEFT JOIN pg_catalog.pg_description as pd ON pd.objsubid = c.ordinal_position AND pd.objoid = (SELECT oid FROM pg_catalog.pg_class WHERE relname = c.table_name AND relnamespace = (SELECT oid FROM pg_catalog.pg_namespace WHERE nspname = c.table_schema)) where table_catalog = 'edulinker' AND table_schema = CURRENT_SCHEMA() AND table_name = 'plugins'

2026/03/25 16:39:44 [32m
[0m[33m[0.000ms] [34;1m[rows:-][0m SELECT * FROM "plugins" LIMIT 5

2026/03/25 16:39:44 [32m
[0m[33m[3.535ms] [34;1m[rows:-][0m SELECT constraint_name FROM information_schema.table_constraints tc JOIN information_schema.constraint_column_usage AS ccu USING (constraint_schema, constraint_catalog, table_name, constraint_name) JOIN information_schema.columns AS c ON c.table_schema = tc.constraint_schema AND tc.table_name = c.table_name AND ccu.column_name = c.column_name WHERE constraint_type IN ('PRIMARY KEY', 'UNIQUE') AND c.table_catalog = 'edulinker' AND c.table_schema = CURRENT_SCHEMA() AND c.table_name = 'plugins' AND constraint_type = 'UNIQUE'

2026/03/25 16:39:44 [32m
[0m[33m[3.554ms] [34;1m[rows:-][0m SELECT c.column_name, constraint_name, constraint_type FROM information_schema.table_constraints tc JOIN information_schema.constraint_column_usage AS ccu USING (constraint_schema, constraint_catalog, table_name, constraint_name) JOIN information_schema.columns AS c ON c.table_schema = tc.constraint_schema AND tc.table_name = c.table_name AND ccu.column_name = c.column_name WHERE constraint_type IN ('PRIMARY KEY', 'UNIQUE') AND c.table_catalog = 'edulinker' AND c.table_schema = CURRENT_SCHEMA() AND c.table_name = 'plugins'

2026/03/25 16:39:44 [32m
[0m[33m[0.000ms] [34;1m[rows:-][0m SELECT a.attname as column_name, format_type(a.atttypid, a.atttypmod) AS data_type
		FROM pg_attribute a JOIN pg_class b ON a.attrelid = b.oid AND relnamespace = (SELECT oid FROM pg_catalog.pg_namespace WHERE nspname = CURRENT_SCHEMA())
		WHERE a.attnum > 0 -- hide internal columns
		AND NOT a.attisdropped -- hide deleted columns
		AND b.relname = 'plugins'

2026/03/25 16:39:44 [32m
[0m[33m[1.534ms] [34;1m[rows:0][0m ALTER TABLE "plugins" ALTER COLUMN "group_code" TYPE char(1) USING "group_code"::char(1)

2026/03/25 16:39:44 [32mD:/works/edulinker_v2/backend/internal/database/database.go:72
[0m[33m[0.000ms] [34;1m[rows:0][0m SELECT description FROM pg_catalog.pg_description WHERE objsubid = (SELECT ordinal_position FROM information_schema.columns WHERE table_schema = CURRENT_SCHEMA() AND table_name = 'plugins' AND column_name = 'group_code') AND objoid = (SELECT oid FROM pg_catalog.pg_class WHERE relname = 'plugins' AND relnamespace = (SELECT oid FROM pg_catalog.pg_namespace WHERE nspname = CURRENT_SCHEMA()))

2026/03/25 16:39:44 [32mD:/works/edulinker_v2/backend/internal/database/database.go:72
[0m[33m[0.519ms] [34;1m[rows:0][0m SELECT description FROM pg_catalog.pg_description WHERE objsubid = (SELECT ordinal_position FROM information_schema.columns WHERE table_schema = CURRENT_SCHEMA() AND table_name = 'plugins' AND column_name = 'name') AND objoid = (SELECT oid FROM pg_catalog.pg_class WHERE relname = 'plugins' AND relnamespace = (SELECT oid FROM pg_catalog.pg_namespace WHERE nspname = CURRENT_SCHEMA()))

2026/03/25 16:39:44 [32mD:/works/edulinker_v2/backend/internal/database/database.go:72
[0m[33m[0.000ms] [34;1m[rows:0][0m SELECT description FROM pg_catalog.pg_description WHERE objsubid = (SELECT ordinal_position FROM information_schema.columns WHERE table_schema = CURRENT_SCHEMA() AND table_name = 'plugins' AND column_name = 'description') AND objoid = (SELECT oid FROM pg_catalog.pg_class WHERE relname = 'plugins' AND relnamespace = (SELECT oid FROM pg_catalog.pg_namespace WHERE nspname = CURRENT_SCHEMA()))

2026/03/25 16:39:44 [32mD:/works/edulinker_v2/backend/internal/database/database.go:72
[0m[33m[0.520ms] [34;1m[rows:0][0m SELECT description FROM pg_catalog.pg_description WHERE objsubid = (SELECT ordinal_position FROM information_schema.columns WHERE table_schema = CURRENT_SCHEMA() AND table_name = 'plugins' AND column_name = 'version') AND objoid = (SELECT oid FROM pg_catalog.pg_class WHERE relname = 'plugins' AND relnamespace = (SELECT oid FROM pg_catalog.pg_namespace WHERE nspname = CURRENT_SCHEMA()))

2026/03/25 16:39:44 [32mD:/works/edulinker_v2/backend/internal/database/database.go:72
[0m[33m[0.000ms] [34;1m[rows:0][0m SELECT description FROM pg_catalog.pg_description WHERE objsubid = (SELECT ordinal_position FROM information_schema.columns WHERE table_schema = CURRENT_SCHEMA() AND table_name = 'plugins' AND column_name = 'status') AND objoid = (SELECT oid FROM pg_catalog.pg_class WHERE relname = 'plugins' AND relnamespace = (SELECT oid FROM pg_catalog.pg_namespace WHERE nspname = CURRENT_SCHEMA()))

2026/03/25 16:39:44 [32mD:/works/edulinker_v2/backend/internal/database/database.go:72
[0m[33m[0.508ms] [34;1m[rows:0][0m SELECT description FROM pg_catalog.pg_description WHERE objsubid = (SELECT ordinal_position FROM information_schema.columns WHERE table_schema = CURRENT_SCHEMA() AND table_name = 'plugins' AND column_name = 'icon') AND objoid = (SELECT oid FROM pg_catalog.pg_class WHERE relname = 'plugins' AND relnamespace = (SELECT oid FROM pg_catalog.pg_namespace WHERE nspname = CURRENT_SCHEMA()))

2026/03/25 16:39:44 [32mD:/works/edulinker_v2/backend/internal/database/database.go:72
[0m[33m[0.000ms] [34;1m[rows:0][0m SELECT description FROM pg_catalog.pg_description WHERE objsubid = (SELECT ordinal_position FROM information_schema.columns WHERE table_schema = CURRENT_SCHEMA() AND table_name = 'plugins' AND column_name = 'created_at') AND objoid = (SELECT oid FROM pg_catalog.pg_class WHERE relname = 'plugins' AND relnamespace = (SELECT oid FROM pg_catalog.pg_namespace WHERE nspname = CURRENT_SCHEMA()))

2026/03/25 16:39:44 [32mD:/works/edulinker_v2/backend/internal/database/database.go:72
[0m[33m[0.514ms] [34;1m[rows:1][0m SELECT count(*) FROM information_schema.tables WHERE table_schema = CURRENT_SCHEMA() AND table_name = 'school_plugins' AND table_type = 'BASE TABLE'

2026/03/25 16:39:44 [32mD:/works/edulinker_v2/backend/internal/database/database.go:72
[0m[33m[0.000ms] [34;1m[rows:1][0m SELECT CURRENT_DATABASE()

2026/03/25 16:39:44 [32mD:/works/edulinker_v2/backend/internal/database/database.go:72
[0m[33m[2.621ms] [34;1m[rows:-][0m SELECT c.column_name, c.is_nullable = 'YES', c.udt_name, c.character_maximum_length, c.numeric_precision, c.numeric_precision_radix, c.numeric_scale, c.datetime_precision, 8 * typlen, c.column_default, pd.description, c.identity_increment FROM information_schema.columns AS c JOIN pg_type AS pgt ON c.udt_name = pgt.typname LEFT JOIN pg_catalog.pg_description as pd ON pd.objsubid = c.ordinal_position AND pd.objoid = (SELECT oid FROM pg_catalog.pg_class WHERE relname = c.table_name AND relnamespace = (SELECT oid FROM pg_catalog.pg_namespace WHERE nspname = c.table_schema)) where table_catalog = 'edulinker' AND table_schema = CURRENT_SCHEMA() AND table_name = 'school_plugins'

2026/03/25 16:39:44 [32mD:/works/edulinker_v2/backend/internal/database/database.go:72
[0m[33m[0.507ms] [34;1m[rows:-][0m SELECT * FROM "school_plugins" LIMIT 5

2026/03/25 16:39:44 [32mD:/works/edulinker_v2/backend/internal/database/database.go:72
[0m[33m[3.202ms] [34;1m[rows:-][0m SELECT constraint_name FROM information_schema.table_constraints tc JOIN information_schema.constraint_column_usage AS ccu USING (constraint_schema, constraint_catalog, table_name, constraint_name) JOIN information_schema.columns AS c ON c.table_schema = tc.constraint_schema AND tc.table_name = c.table_name AND ccu.column_name = c.column_name WHERE constraint_type IN ('PRIMARY KEY', 'UNIQUE') AND c.table_catalog = 'edulinker' AND c.table_schema = CURRENT_SCHEMA() AND c.table_name = 'school_plugins' AND constraint_type = 'UNIQUE'

2026/03/25 16:39:44 [32mD:/works/edulinker_v2/backend/internal/database/database.go:72
[0m[33m[4.690ms] [34;1m[rows:-][0m SELECT c.column_name, constraint_name, constraint_type FROM information_schema.table_constraints tc JOIN information_schema.constraint_column_usage AS ccu USING (constraint_schema, constraint_catalog, table_name, constraint_name) JOIN information_schema.columns AS c ON c.table_schema = tc.constraint_schema AND tc.table_name = c.table_name AND ccu.column_name = c.column_name WHERE constraint_type IN ('PRIMARY KEY', 'UNIQUE') AND c.table_catalog = 'edulinker' AND c.table_schema = CURRENT_SCHEMA() AND c.table_name = 'school_plugins'

2026/03/25 16:39:44 [32mD:/works/edulinker_v2/backend/internal/database/database.go:72
[0m[33m[0.000ms] [34;1m[rows:-][0m SELECT a.attname as column_name, format_type(a.atttypid, a.atttypmod) AS data_type
		FROM pg_attribute a JOIN pg_class b ON a.attrelid = b.oid AND relnamespace = (SELECT oid FROM pg_catalog.pg_namespace WHERE nspname = CURRENT_SCHEMA())
		WHERE a.attnum > 0 -- hide internal columns
		AND NOT a.attisdropped -- hide deleted columns
		AND b.relname = 'school_plugins'

2026/03/25 16:39:44 [32mD:/works/edulinker_v2/backend/internal/database/database.go:72
[0m[33m[0.000ms] [34;1m[rows:0][0m SELECT description FROM pg_catalog.pg_description WHERE objsubid = (SELECT ordinal_position FROM information_schema.columns WHERE table_schema = CURRENT_SCHEMA() AND table_name = 'school_plugins' AND column_name = 'school_id') AND objoid = (SELECT oid FROM pg_catalog.pg_class WHERE relname = 'school_plugins' AND relnamespace = (SELECT oid FROM pg_catalog.pg_namespace WHERE nspname = CURRENT_SCHEMA()))

2026/03/25 16:39:44 [32mD:/works/edulinker_v2/backend/internal/database/database.go:72
[0m[33m[0.000ms] [34;1m[rows:0][0m SELECT description FROM pg_catalog.pg_description WHERE objsubid = (SELECT ordinal_position FROM information_schema.columns WHERE table_schema = CURRENT_SCHEMA() AND table_name = 'school_plugins' AND column_name = 'plugin_id') AND objoid = (SELECT oid FROM pg_catalog.pg_class WHERE relname = 'school_plugins' AND relnamespace = (SELECT oid FROM pg_catalog.pg_namespace WHERE nspname = CURRENT_SCHEMA()))

2026/03/25 16:39:44 [32mD:/works/edulinker_v2/backend/internal/database/database.go:72
[0m[33m[0.514ms] [34;1m[rows:0][0m SELECT description FROM pg_catalog.pg_description WHERE objsubid = (SELECT ordinal_position FROM information_schema.columns WHERE table_schema = CURRENT_SCHEMA() AND table_name = 'school_plugins' AND column_name = 'enabled') AND objoid = (SELECT oid FROM pg_catalog.pg_class WHERE relname = 'school_plugins' AND relnamespace = (SELECT oid FROM pg_catalog.pg_namespace WHERE nspname = CURRENT_SCHEMA()))

2026/03/25 16:39:44 [32mD:/works/edulinker_v2/backend/internal/database/database.go:72
[0m[33m[0.000ms] [34;1m[rows:0][0m SELECT description FROM pg_catalog.pg_description WHERE objsubid = (SELECT ordinal_position FROM information_schema.columns WHERE table_schema = CURRENT_SCHEMA() AND table_name = 'school_plugins' AND column_name = 'config') AND objoid = (SELECT oid FROM pg_catalog.pg_class WHERE relname = 'school_plugins' AND relnamespace = (SELECT oid FROM pg_catalog.pg_namespace WHERE nspname = CURRENT_SCHEMA()))

2026/03/25 16:39:44 [32mD:/works/edulinker_v2/backend/internal/database/database.go:72
[0m[33m[0.000ms] [34;1m[rows:0][0m SELECT description FROM pg_catalog.pg_description WHERE objsubid = (SELECT ordinal_position FROM information_schema.columns WHERE table_schema = CURRENT_SCHEMA() AND table_name = 'school_plugins' AND column_name = 'enabled_at') AND objoid = (SELECT oid FROM pg_catalog.pg_class WHERE relname = 'school_plugins' AND relnamespace = (SELECT oid FROM pg_catalog.pg_namespace WHERE nspname = CURRENT_SCHEMA()))

2026/03/25 16:39:44 [32mD:/works/edulinker_v2/backend/internal/database/database.go:72
[0m[33m[0.803ms] [34;1m[rows:1][0m SELECT count(*) FROM INFORMATION_SCHEMA.table_constraints WHERE table_schema = CURRENT_SCHEMA() AND table_name = 'school_plugins' AND constraint_name = 'fk_school_plugins_plugin'

2026/03/25 16:39:44 [32mD:/works/edulinker_v2/backend/internal/database/database.go:72
[0m[33m[0.000ms] [34;1m[rows:1][0m SELECT count(*) FROM INFORMATION_SCHEMA.table_constraints WHERE table_schema = CURRENT_SCHEMA() AND table_name = 'school_plugins' AND constraint_name = 'fk_school_plugins_school'

2026/03/25 16:39:44 [32mD:/works/edulinker_v2/backend/internal/database/database.go:72
[0m[33m[0.537ms] [34;1m[rows:1][0m SELECT count(*) FROM information_schema.tables WHERE table_schema = CURRENT_SCHEMA() AND table_name = 'plugin_permissions' AND table_type = 'BASE TABLE'

2026/03/25 16:39:44 [32mD:/works/edulinker_v2/backend/internal/database/database.go:72
[0m[33m[0.000ms] [34;1m[rows:1][0m SELECT CURRENT_DATABASE()

2026/03/25 16:39:44 [32mD:/works/edulinker_v2/backend/internal/database/database.go:72
[0m[33m[0.509ms] [34;1m[rows:-][0m SELECT c.column_name, c.is_nullable = 'YES', c.udt_name, c.character_maximum_length, c.numeric_precision, c.numeric_precision_radix, c.numeric_scale, c.datetime_precision, 8 * typlen, c.column_default, pd.description, c.identity_increment FROM information_schema.columns AS c JOIN pg_type AS pgt ON c.udt_name = pgt.typname LEFT JOIN pg_catalog.pg_description as pd ON pd.objsubid = c.ordinal_position AND pd.objoid = (SELECT oid FROM pg_catalog.pg_class WHERE relname = c.table_name AND relnamespace = (SELECT oid FROM pg_catalog.pg_namespace WHERE nspname = c.table_schema)) where table_catalog = 'edulinker' AND table_schema = CURRENT_SCHEMA() AND table_name = 'plugin_permissions'

2026/03/25 16:39:44 [32mD:/works/edulinker_v2/backend/internal/database/database.go:72
[0m[33m[0.000ms] [34;1m[rows:-][0m SELECT * FROM "plugin_permissions" LIMIT 5

2026/03/25 16:39:44 [32mD:/works/edulinker_v2/backend/internal/database/database.go:72
[0m[33m[0.000ms] [34;1m[rows:-][0m SELECT constraint_name FROM information_schema.table_constraints tc JOIN information_schema.constraint_column_usage AS ccu USING (constraint_schema, constraint_catalog, table_name, constraint_name) JOIN information_schema.columns AS c ON c.table_schema = tc.constraint_schema AND tc.table_name = c.table_name AND ccu.column_name = c.column_name WHERE constraint_type IN ('PRIMARY KEY', 'UNIQUE') AND c.table_catalog = 'edulinker' AND c.table_schema = CURRENT_SCHEMA() AND c.table_name = 'plugin_permissions' AND constraint_type = 'UNIQUE'

2026/03/25 16:39:44 [32mD:/works/edulinker_v2/backend/internal/database/database.go:72
[0m[33m[0.513ms] [34;1m[rows:-][0m SELECT c.column_name, constraint_name, constraint_type FROM information_schema.table_constraints tc JOIN information_schema.constraint_column_usage AS ccu USING (constraint_schema, constraint_catalog, table_name, constraint_name) JOIN information_schema.columns AS c ON c.table_schema = tc.constraint_schema AND tc.table_name = c.table_name AND ccu.column_name = c.column_name WHERE constraint_type IN ('PRIMARY KEY', 'UNIQUE') AND c.table_catalog = 'edulinker' AND c.table_schema = CURRENT_SCHEMA() AND c.table_name = 'plugin_permissions'

2026/03/25 16:39:44 [32mD:/works/edulinker_v2/backend/internal/database/database.go:72
[0m[33m[0.000ms] [34;1m[rows:-][0m SELECT a.attname as column_name, format_type(a.atttypid, a.atttypmod) AS data_type
		FROM pg_attribute a JOIN pg_class b ON a.attrelid = b.oid AND relnamespace = (SELECT oid FROM pg_catalog.pg_namespace WHERE nspname = CURRENT_SCHEMA())
		WHERE a.attnum > 0 -- hide internal columns
		AND NOT a.attisdropped -- hide deleted columns
		AND b.relname = 'plugin_permissions'

2026/03/25 16:39:44 [32mD:/works/edulinker_v2/backend/internal/database/database.go:72
[0m[33m[0.000ms] [34;1m[rows:0][0m SELECT description FROM pg_catalog.pg_description WHERE objsubid = (SELECT ordinal_position FROM information_schema.columns WHERE table_schema = CURRENT_SCHEMA() AND table_name = 'plugin_permissions' AND column_name = 'plugin_id') AND objoid = (SELECT oid FROM pg_catalog.pg_class WHERE relname = 'plugin_permissions' AND relnamespace = (SELECT oid FROM pg_catalog.pg_namespace WHERE nspname = CURRENT_SCHEMA()))

2026/03/25 16:39:44 [32mD:/works/edulinker_v2/backend/internal/database/database.go:72
[0m[33m[0.508ms] [34;1m[rows:0][0m SELECT description FROM pg_catalog.pg_description WHERE objsubid = (SELECT ordinal_position FROM information_schema.columns WHERE table_schema = CURRENT_SCHEMA() AND table_name = 'plugin_permissions' AND column_name = 'role') AND objoid = (SELECT oid FROM pg_catalog.pg_class WHERE relname = 'plugin_permissions' AND relnamespace = (SELECT oid FROM pg_catalog.pg_namespace WHERE nspname = CURRENT_SCHEMA()))

2026/03/25 16:39:44 [32mD:/works/edulinker_v2/backend/internal/database/database.go:72
[0m[33m[0.000ms] [34;1m[rows:0][0m SELECT description FROM pg_catalog.pg_description WHERE objsubid = (SELECT ordinal_position FROM information_schema.columns WHERE table_schema = CURRENT_SCHEMA() AND table_name = 'plugin_permissions' AND column_name = 'access_level') AND objoid = (SELECT oid FROM pg_catalog.pg_class WHERE relname = 'plugin_permissions' AND relnamespace = (SELECT oid FROM pg_catalog.pg_namespace WHERE nspname = CURRENT_SCHEMA()))

2026/03/25 16:39:44 [32mD:/works/edulinker_v2/backend/internal/database/database.go:72
[0m[33m[0.510ms] [34;1m[rows:1][0m SELECT count(*) FROM INFORMATION_SCHEMA.table_constraints WHERE table_schema = CURRENT_SCHEMA() AND table_name = 'plugin_permissions' AND constraint_name = 'fk_plugin_permissions_plugin'

2026/03/25 16:39:44 [32mD:/works/edulinker_v2/backend/internal/database/database.go:72
[0m[33m[0.000ms] [34;1m[rows:1][0m SELECT count(*) FROM information_schema.tables WHERE table_schema = CURRENT_SCHEMA() AND table_name = 'notifications' AND table_type = 'BASE TABLE'

2026/03/25 16:39:44 [32mD:/works/edulinker_v2/backend/internal/database/database.go:72
[0m[33m[0.509ms] [34;1m[rows:1][0m SELECT CURRENT_DATABASE()

2026/03/25 16:39:44 [32mD:/works/edulinker_v2/backend/internal/database/database.go:72
[0m[33m[0.000ms] [34;1m[rows:-][0m SELECT c.column_name, c.is_nullable = 'YES', c.udt_name, c.character_maximum_length, c.numeric_precision, c.numeric_precision_radix, c.numeric_scale, c.datetime_precision, 8 * typlen, c.column_default, pd.description, c.identity_increment FROM information_schema.columns AS c JOIN pg_type AS pgt ON c.udt_name = pgt.typname LEFT JOIN pg_catalog.pg_description as pd ON pd.objsubid = c.ordinal_position AND pd.objoid = (SELECT oid FROM pg_catalog.pg_class WHERE relname = c.table_name AND relnamespace = (SELECT oid FROM pg_catalog.pg_namespace WHERE nspname = c.table_schema)) where table_catalog = 'edulinker' AND table_schema = CURRENT_SCHEMA() AND table_name = 'notifications'

2026/03/25 16:39:44 [32mD:/works/edulinker_v2/backend/internal/database/database.go:72
[0m[33m[0.508ms] [34;1m[rows:-][0m SELECT * FROM "notifications" LIMIT 5

2026/03/25 16:39:44 [32mD:/works/edulinker_v2/backend/internal/database/database.go:72
[0m[33m[0.000ms] [34;1m[rows:-][0m SELECT constraint_name FROM information_schema.table_constraints tc JOIN information_schema.constraint_column_usage AS ccu USING (constraint_schema, constraint_catalog, table_name, constraint_name) JOIN information_schema.columns AS c ON c.table_schema = tc.constraint_schema AND tc.table_name = c.table_name AND ccu.column_name = c.column_name WHERE constraint_type IN ('PRIMARY KEY', 'UNIQUE') AND c.table_catalog = 'edulinker' AND c.table_schema = CURRENT_SCHEMA() AND c.table_name = 'notifications' AND constraint_type = 'UNIQUE'

2026/03/25 16:39:44 [32mD:/works/edulinker_v2/backend/internal/database/database.go:72
[0m[33m[0.509ms] [34;1m[rows:-][0m SELECT c.column_name, constraint_name, constraint_type FROM information_schema.table_constraints tc JOIN information_schema.constraint_column_usage AS ccu USING (constraint_schema, constraint_catalog, table_name, constraint_name) JOIN information_schema.columns AS c ON c.table_schema = tc.constraint_schema AND tc.table_name = c.table_name AND ccu.column_name = c.column_name WHERE constraint_type IN ('PRIMARY KEY', 'UNIQUE') AND c.table_catalog = 'edulinker' AND c.table_schema = CURRENT_SCHEMA() AND c.table_name = 'notifications'

2026/03/25 16:39:44 [32mD:/works/edulinker_v2/backend/internal/database/database.go:72
[0m[33m[0.000ms] [34;1m[rows:-][0m SELECT a.attname as column_name, format_type(a.atttypid, a.atttypmod) AS data_type
		FROM pg_attribute a JOIN pg_class b ON a.attrelid = b.oid AND relnamespace = (SELECT oid FROM pg_catalog.pg_namespace WHERE nspname = CURRENT_SCHEMA())
		WHERE a.attnum > 0 -- hide internal columns
		AND NOT a.attisdropped -- hide deleted columns
		AND b.relname = 'notifications'

2026/03/25 16:39:44 [32mD:/works/edulinker_v2/backend/internal/database/database.go:72
[0m[33m[0.000ms] [34;1m[rows:0][0m SELECT description FROM pg_catalog.pg_description WHERE objsubid = (SELECT ordinal_position FROM information_schema.columns WHERE table_schema = CURRENT_SCHEMA() AND table_name = 'notifications' AND column_name = 'id') AND objoid = (SELECT oid FROM pg_catalog.pg_class WHERE relname = 'notifications' AND relnamespace = (SELECT oid FROM pg_catalog.pg_namespace WHERE nspname = CURRENT_SCHEMA()))

2026/03/25 16:39:44 [32mD:/works/edulinker_v2/backend/internal/database/database.go:72
[0m[33m[0.000ms] [34;1m[rows:0][0m SELECT description FROM pg_catalog.pg_description WHERE objsubid = (SELECT ordinal_position FROM information_schema.columns WHERE table_schema = CURRENT_SCHEMA() AND table_name = 'notifications' AND column_name = 'school_id') AND objoid = (SELECT oid FROM pg_catalog.pg_class WHERE relname = 'notifications' AND relnamespace = (SELECT oid FROM pg_catalog.pg_namespace WHERE nspname = CURRENT_SCHEMA()))

2026/03/25 16:39:44 [32mD:/works/edulinker_v2/backend/internal/database/database.go:72
[0m[33m[0.000ms] [34;1m[rows:0][0m SELECT description FROM pg_catalog.pg_description WHERE objsubid = (SELECT ordinal_position FROM information_schema.columns WHERE table_schema = CURRENT_SCHEMA() AND table_name = 'notifications' AND column_name = 'user_id') AND objoid = (SELECT oid FROM pg_catalog.pg_class WHERE relname = 'notifications' AND relnamespace = (SELECT oid FROM pg_catalog.pg_namespace WHERE nspname = CURRENT_SCHEMA()))

2026/03/25 16:39:44 [32mD:/works/edulinker_v2/backend/internal/database/database.go:72
[0m[33m[0.000ms] [34;1m[rows:0][0m SELECT description FROM pg_catalog.pg_description WHERE objsubid = (SELECT ordinal_position FROM information_schema.columns WHERE table_schema = CURRENT_SCHEMA() AND table_name = 'notifications' AND column_name = 'plugin_id') AND objoid = (SELECT oid FROM pg_catalog.pg_class WHERE relname = 'notifications' AND relnamespace = (SELECT oid FROM pg_catalog.pg_namespace WHERE nspname = CURRENT_SCHEMA()))

2026/03/25 16:39:44 [32mD:/works/edulinker_v2/backend/internal/database/database.go:72
[0m[33m[0.510ms] [34;1m[rows:0][0m SELECT description FROM pg_catalog.pg_description WHERE objsubid = (SELECT ordinal_position FROM information_schema.columns WHERE table_schema = CURRENT_SCHEMA() AND table_name = 'notifications' AND column_name = 'type') AND objoid = (SELECT oid FROM pg_catalog.pg_class WHERE relname = 'notifications' AND relnamespace = (SELECT oid FROM pg_catalog.pg_namespace WHERE nspname = CURRENT_SCHEMA()))

2026/03/25 16:39:44 [32mD:/works/edulinker_v2/backend/internal/database/database.go:72
[0m[33m[0.000ms] [34;1m[rows:0][0m SELECT description FROM pg_catalog.pg_description WHERE objsubid = (SELECT ordinal_position FROM information_schema.columns WHERE table_schema = CURRENT_SCHEMA() AND table_name = 'notifications' AND column_name = 'title') AND objoid = (SELECT oid FROM pg_catalog.pg_class WHERE relname = 'notifications' AND relnamespace = (SELECT oid FROM pg_catalog.pg_namespace WHERE nspname = CURRENT_SCHEMA()))

2026/03/25 16:39:44 [32mD:/works/edulinker_v2/backend/internal/database/database.go:72
[0m[33m[0.000ms] [34;1m[rows:0][0m SELECT description FROM pg_catalog.pg_description WHERE objsubid = (SELECT ordinal_position FROM information_schema.columns WHERE table_schema = CURRENT_SCHEMA() AND table_name = 'notifications' AND column_name = 'body') AND objoid = (SELECT oid FROM pg_catalog.pg_class WHERE relname = 'notifications' AND relnamespace = (SELECT oid FROM pg_catalog.pg_namespace WHERE nspname = CURRENT_SCHEMA()))

2026/03/25 16:39:44 [32mD:/works/edulinker_v2/backend/internal/database/database.go:72
[0m[33m[0.000ms] [34;1m[rows:0][0m SELECT description FROM pg_catalog.pg_description WHERE objsubid = (SELECT ordinal_position FROM information_schema.columns WHERE table_schema = CURRENT_SCHEMA() AND table_name = 'notifications' AND column_name = 'data') AND objoid = (SELECT oid FROM pg_catalog.pg_class WHERE relname = 'notifications' AND relnamespace = (SELECT oid FROM pg_catalog.pg_namespace WHERE nspname = CURRENT_SCHEMA()))

2026/03/25 16:39:44 [32mD:/works/edulinker_v2/backend/internal/database/database.go:72
[0m[33m[0.000ms] [34;1m[rows:0][0m SELECT description FROM pg_catalog.pg_description WHERE objsubid = (SELECT ordinal_position FROM information_schema.columns WHERE table_schema = CURRENT_SCHEMA() AND table_name = 'notifications' AND column_name = 'is_read') AND objoid = (SELECT oid FROM pg_catalog.pg_class WHERE relname = 'notifications' AND relnamespace = (SELECT oid FROM pg_catalog.pg_namespace WHERE nspname = CURRENT_SCHEMA()))

2026/03/25 16:39:44 [32mD:/works/edulinker_v2/backend/internal/database/database.go:72
[0m[33m[0.000ms] [34;1m[rows:0][0m SELECT description FROM pg_catalog.pg_description WHERE objsubid = (SELECT ordinal_position FROM information_schema.columns WHERE table_schema = CURRENT_SCHEMA() AND table_name = 'notifications' AND column_name = 'read_at') AND objoid = (SELECT oid FROM pg_catalog.pg_class WHERE relname = 'notifications' AND relnamespace = (SELECT oid FROM pg_catalog.pg_namespace WHERE nspname = CURRENT_SCHEMA()))

2026/03/25 16:39:44 [32mD:/works/edulinker_v2/backend/internal/database/database.go:72
[0m[33m[0.000ms] [34;1m[rows:0][0m SELECT description FROM pg_catalog.pg_description WHERE objsubid = (SELECT ordinal_position FROM information_schema.columns WHERE table_schema = CURRENT_SCHEMA() AND table_name = 'notifications' AND column_name = 'created_at') AND objoid = (SELECT oid FROM pg_catalog.pg_class WHERE relname = 'notifications' AND relnamespace = (SELECT oid FROM pg_catalog.pg_namespace WHERE nspname = CURRENT_SCHEMA()))

2026/03/25 16:39:44 [32mD:/works/edulinker_v2/backend/internal/database/database.go:72
[0m[33m[0.513ms] [34;1m[rows:1][0m SELECT count(*) FROM pg_indexes WHERE tablename = 'notifications' AND indexname = 'idx_notifications_school_id' AND schemaname = CURRENT_SCHEMA()

2026/03/25 16:39:44 [32mD:/works/edulinker_v2/backend/internal/database/database.go:72
[0m[33m[0.000ms] [34;1m[rows:1][0m SELECT count(*) FROM pg_indexes WHERE tablename = 'notifications' AND indexname = 'idx_notifications_user_id' AND schemaname = CURRENT_SCHEMA()

2026/03/25 16:39:44 [32mD:/works/edulinker_v2/backend/internal/database/database.go:72
[0m[33m[0.000ms] [34;1m[rows:1][0m SELECT count(*) FROM information_schema.tables WHERE table_schema = CURRENT_SCHEMA() AND table_name = 'file_records' AND table_type = 'BASE TABLE'

2026/03/25 16:39:44 [32mD:/works/edulinker_v2/backend/internal/database/database.go:72
[0m[33m[0.000ms] [34;1m[rows:1][0m SELECT CURRENT_DATABASE()

2026/03/25 16:39:44 [32mD:/works/edulinker_v2/backend/internal/database/database.go:72
[0m[33m[0.513ms] [34;1m[rows:-][0m SELECT c.column_name, c.is_nullable = 'YES', c.udt_name, c.character_maximum_length, c.numeric_precision, c.numeric_precision_radix, c.numeric_scale, c.datetime_precision, 8 * typlen, c.column_default, pd.description, c.identity_increment FROM information_schema.columns AS c JOIN pg_type AS pgt ON c.udt_name = pgt.typname LEFT JOIN pg_catalog.pg_description as pd ON pd.objsubid = c.ordinal_position AND pd.objoid = (SELECT oid FROM pg_catalog.pg_class WHERE relname = c.table_name AND relnamespace = (SELECT oid FROM pg_catalog.pg_namespace WHERE nspname = c.table_schema)) where table_catalog = 'edulinker' AND table_schema = CURRENT_SCHEMA() AND table_name = 'file_records'

2026/03/25 16:39:44 [32mD:/works/edulinker_v2/backend/internal/database/database.go:72
[0m[33m[0.513ms] [34;1m[rows:-][0m SELECT * FROM "file_records" LIMIT 5

2026/03/25 16:39:44 [32mD:/works/edulinker_v2/backend/internal/database/database.go:72
[0m[33m[0.000ms] [34;1m[rows:-][0m SELECT constraint_name FROM information_schema.table_constraints tc JOIN information_schema.constraint_column_usage AS ccu USING (constraint_schema, constraint_catalog, table_name, constraint_name) JOIN information_schema.columns AS c ON c.table_schema = tc.constraint_schema AND tc.table_name = c.table_name AND ccu.column_name = c.column_name WHERE constraint_type IN ('PRIMARY KEY', 'UNIQUE') AND c.table_catalog = 'edulinker' AND c.table_schema = CURRENT_SCHEMA() AND c.table_name = 'file_records' AND constraint_type = 'UNIQUE'

2026/03/25 16:39:44 [32mD:/works/edulinker_v2/backend/internal/database/database.go:72
[0m[33m[0.521ms] [34;1m[rows:-][0m SELECT c.column_name, constraint_name, constraint_type FROM information_schema.table_constraints tc JOIN information_schema.constraint_column_usage AS ccu USING (constraint_schema, constraint_catalog, table_name, constraint_name) JOIN information_schema.columns AS c ON c.table_schema = tc.constraint_schema AND tc.table_name = c.table_name AND ccu.column_name = c.column_name WHERE constraint_type IN ('PRIMARY KEY', 'UNIQUE') AND c.table_catalog = 'edulinker' AND c.table_schema = CURRENT_SCHEMA() AND c.table_name = 'file_records'

2026/03/25 16:39:44 [32mD:/works/edulinker_v2/backend/internal/database/database.go:72
[0m[33m[0.000ms] [34;1m[rows:-][0m SELECT a.attname as column_name, format_type(a.atttypid, a.atttypmod) AS data_type
		FROM pg_attribute a JOIN pg_class b ON a.attrelid = b.oid AND relnamespace = (SELECT oid FROM pg_catalog.pg_namespace WHERE nspname = CURRENT_SCHEMA())
		WHERE a.attnum > 0 -- hide internal columns
		AND NOT a.attisdropped -- hide deleted columns
		AND b.relname = 'file_records'

2026/03/25 16:39:44 [32mD:/works/edulinker_v2/backend/internal/database/database.go:72
[0m[33m[0.000ms] [34;1m[rows:0][0m SELECT description FROM pg_catalog.pg_description WHERE objsubid = (SELECT ordinal_position FROM information_schema.columns WHERE table_schema = CURRENT_SCHEMA() AND table_name = 'file_records' AND column_name = 'id') AND objoid = (SELECT oid FROM pg_catalog.pg_class WHERE relname = 'file_records' AND relnamespace = (SELECT oid FROM pg_catalog.pg_namespace WHERE nspname = CURRENT_SCHEMA()))

2026/03/25 16:39:44 [32mD:/works/edulinker_v2/backend/internal/database/database.go:72
[0m[33m[0.522ms] [34;1m[rows:0][0m SELECT description FROM pg_catalog.pg_description WHERE objsubid = (SELECT ordinal_position FROM information_schema.columns WHERE table_schema = CURRENT_SCHEMA() AND table_name = 'file_records' AND column_name = 'school_id') AND objoid = (SELECT oid FROM pg_catalog.pg_class WHERE relname = 'file_records' AND relnamespace = (SELECT oid FROM pg_catalog.pg_namespace WHERE nspname = CURRENT_SCHEMA()))

2026/03/25 16:39:44 [32mD:/works/edulinker_v2/backend/internal/database/database.go:72
[0m[33m[0.000ms] [34;1m[rows:0][0m SELECT description FROM pg_catalog.pg_description WHERE objsubid = (SELECT ordinal_position FROM information_schema.columns WHERE table_schema = CURRENT_SCHEMA() AND table_name = 'file_records' AND column_name = 'uploader_id') AND objoid = (SELECT oid FROM pg_catalog.pg_class WHERE relname = 'file_records' AND relnamespace = (SELECT oid FROM pg_catalog.pg_namespace WHERE nspname = CURRENT_SCHEMA()))

2026/03/25 16:39:44 [32mD:/works/edulinker_v2/backend/internal/database/database.go:72
[0m[33m[0.000ms] [34;1m[rows:0][0m SELECT description FROM pg_catalog.pg_description WHERE objsubid = (SELECT ordinal_position FROM information_schema.columns WHERE table_schema = CURRENT_SCHEMA() AND table_name = 'file_records' AND column_name = 'plugin_id') AND objoid = (SELECT oid FROM pg_catalog.pg_class WHERE relname = 'file_records' AND relnamespace = (SELECT oid FROM pg_catalog.pg_namespace WHERE nspname = CURRENT_SCHEMA()))

2026/03/25 16:39:44 [32mD:/works/edulinker_v2/backend/internal/database/database.go:72
[0m[33m[0.513ms] [34;1m[rows:0][0m SELECT description FROM pg_catalog.pg_description WHERE objsubid = (SELECT ordinal_position FROM information_schema.columns WHERE table_schema = CURRENT_SCHEMA() AND table_name = 'file_records' AND column_name = 'storage') AND objoid = (SELECT oid FROM pg_catalog.pg_class WHERE relname = 'file_records' AND relnamespace = (SELECT oid FROM pg_catalog.pg_namespace WHERE nspname = CURRENT_SCHEMA()))

2026/03/25 16:39:44 [32mD:/works/edulinker_v2/backend/internal/database/database.go:72
[0m[33m[0.000ms] [34;1m[rows:0][0m SELECT description FROM pg_catalog.pg_description WHERE objsubid = (SELECT ordinal_position FROM information_schema.columns WHERE table_schema = CURRENT_SCHEMA() AND table_name = 'file_records' AND column_name = 'bucket') AND objoid = (SELECT oid FROM pg_catalog.pg_class WHERE relname = 'file_records' AND relnamespace = (SELECT oid FROM pg_catalog.pg_namespace WHERE nspname = CURRENT_SCHEMA()))

2026/03/25 16:39:44 [32mD:/works/edulinker_v2/backend/internal/database/database.go:72
[0m[33m[0.000ms] [34;1m[rows:0][0m SELECT description FROM pg_catalog.pg_description WHERE objsubid = (SELECT ordinal_position FROM information_schema.columns WHERE table_schema = CURRENT_SCHEMA() AND table_name = 'file_records' AND column_name = 'object_key') AND objoid = (SELECT oid FROM pg_catalog.pg_class WHERE relname = 'file_records' AND relnamespace = (SELECT oid FROM pg_catalog.pg_namespace WHERE nspname = CURRENT_SCHEMA()))

2026/03/25 16:39:44 [32mD:/works/edulinker_v2/backend/internal/database/database.go:72
[0m[33m[0.000ms] [34;1m[rows:0][0m SELECT description FROM pg_catalog.pg_description WHERE objsubid = (SELECT ordinal_position FROM information_schema.columns WHERE table_schema = CURRENT_SCHEMA() AND table_name = 'file_records' AND column_name = 'file_name') AND objoid = (SELECT oid FROM pg_catalog.pg_class WHERE relname = 'file_records' AND relnamespace = (SELECT oid FROM pg_catalog.pg_namespace WHERE nspname = CURRENT_SCHEMA()))

2026/03/25 16:39:44 [32mD:/works/edulinker_v2/backend/internal/database/database.go:72
[0m[33m[0.000ms] [34;1m[rows:0][0m SELECT description FROM pg_catalog.pg_description WHERE objsubid = (SELECT ordinal_position FROM information_schema.columns WHERE table_schema = CURRENT_SCHEMA() AND table_name = 'file_records' AND column_name = 'content_type') AND objoid = (SELECT oid FROM pg_catalog.pg_class WHERE relname = 'file_records' AND relnamespace = (SELECT oid FROM pg_catalog.pg_namespace WHERE nspname = CURRENT_SCHEMA()))

2026/03/25 16:39:44 [32mD:/works/edulinker_v2/backend/internal/database/database.go:72
[0m[33m[0.000ms] [34;1m[rows:0][0m SELECT description FROM pg_catalog.pg_description WHERE objsubid = (SELECT ordinal_position FROM information_schema.columns WHERE table_schema = CURRENT_SCHEMA() AND table_name = 'file_records' AND column_name = 'size') AND objoid = (SELECT oid FROM pg_catalog.pg_class WHERE relname = 'file_records' AND relnamespace = (SELECT oid FROM pg_catalog.pg_namespace WHERE nspname = CURRENT_SCHEMA()))

2026/03/25 16:39:44 [32mD:/works/edulinker_v2/backend/internal/database/database.go:72
[0m[33m[0.517ms] [34;1m[rows:0][0m SELECT description FROM pg_catalog.pg_description WHERE objsubid = (SELECT ordinal_position FROM information_schema.columns WHERE table_schema = CURRENT_SCHEMA() AND table_name = 'file_records' AND column_name = 'created_at') AND objoid = (SELECT oid FROM pg_catalog.pg_class WHERE relname = 'file_records' AND relnamespace = (SELECT oid FROM pg_catalog.pg_namespace WHERE nspname = CURRENT_SCHEMA()))

2026/03/25 16:39:44 [32mD:/works/edulinker_v2/backend/internal/database/database.go:72
[0m[33m[0.000ms] [34;1m[rows:1][0m SELECT count(*) FROM pg_indexes WHERE tablename = 'file_records' AND indexname = 'idx_file_records_school_id' AND schemaname = CURRENT_SCHEMA()

2026/03/25 16:39:44 [32mD:/works/edulinker_v2/backend/internal/database/database.go:72
[0m[33m[0.000ms] [34;1m[rows:1][0m SELECT count(*) FROM pg_indexes WHERE tablename = 'file_records' AND indexname = 'idx_file_records_uploader_id' AND schemaname = CURRENT_SCHEMA()

2026/03/25 16:39:44 [32mD:/works/edulinker_v2/backend/internal/database/database.go:72
[0m[33m[0.000ms] [34;1m[rows:1][0m SELECT count(*) FROM information_schema.tables WHERE table_schema = CURRENT_SCHEMA() AND table_name = 'gatongs' AND table_type = 'BASE TABLE'

2026/03/25 16:39:44 [32mD:/works/edulinker_v2/backend/internal/database/database.go:72
[0m[33m[0.630ms] [34;1m[rows:1][0m SELECT CURRENT_DATABASE()

2026/03/25 16:39:44 [32mD:/works/edulinker_v2/backend/internal/database/database.go:72
[0m[33m[0.517ms] [34;1m[rows:-][0m SELECT c.column_name, c.is_nullable = 'YES', c.udt_name, c.character_maximum_length, c.numeric_precision, c.numeric_precision_radix, c.numeric_scale, c.datetime_precision, 8 * typlen, c.column_default, pd.description, c.identity_increment FROM information_schema.columns AS c JOIN pg_type AS pgt ON c.udt_name = pgt.typname LEFT JOIN pg_catalog.pg_description as pd ON pd.objsubid = c.ordinal_position AND pd.objoid = (SELECT oid FROM pg_catalog.pg_class WHERE relname = c.table_name AND relnamespace = (SELECT oid FROM pg_catalog.pg_namespace WHERE nspname = c.table_schema)) where table_catalog = 'edulinker' AND table_schema = CURRENT_SCHEMA() AND table_name = 'gatongs'

2026/03/25 16:39:44 [32mD:/works/edulinker_v2/backend/internal/database/database.go:72
[0m[33m[0.652ms] [34;1m[rows:-][0m SELECT * FROM "gatongs" LIMIT 5

2026/03/25 16:39:44 [32mD:/works/edulinker_v2/backend/internal/database/database.go:72
[0m[33m[0.000ms] [34;1m[rows:-][0m SELECT constraint_name FROM information_schema.table_constraints tc JOIN information_schema.constraint_column_usage AS ccu USING (constraint_schema, constraint_catalog, table_name, constraint_name) JOIN information_schema.columns AS c ON c.table_schema = tc.constraint_schema AND tc.table_name = c.table_name AND ccu.column_name = c.column_name WHERE constraint_type IN ('PRIMARY KEY', 'UNIQUE') AND c.table_catalog = 'edulinker' AND c.table_schema = CURRENT_SCHEMA() AND c.table_name = 'gatongs' AND constraint_type = 'UNIQUE'

2026/03/25 16:39:44 [32mD:/works/edulinker_v2/backend/internal/database/database.go:72
[0m[33m[1.063ms] [34;1m[rows:-][0m SELECT c.column_name, constraint_name, constraint_type FROM information_schema.table_constraints tc JOIN information_schema.constraint_column_usage AS ccu USING (constraint_schema, constraint_catalog, table_name, constraint_name) JOIN information_schema.columns AS c ON c.table_schema = tc.constraint_schema AND tc.table_name = c.table_name AND ccu.column_name = c.column_name WHERE constraint_type IN ('PRIMARY KEY', 'UNIQUE') AND c.table_catalog = 'edulinker' AND c.table_schema = CURRENT_SCHEMA() AND c.table_name = 'gatongs'

2026/03/25 16:39:44 [32mD:/works/edulinker_v2/backend/internal/database/database.go:72
[0m[33m[0.000ms] [34;1m[rows:-][0m SELECT a.attname as column_name, format_type(a.atttypid, a.atttypmod) AS data_type
		FROM pg_attribute a JOIN pg_class b ON a.attrelid = b.oid AND relnamespace = (SELECT oid FROM pg_catalog.pg_namespace WHERE nspname = CURRENT_SCHEMA())
		WHERE a.attnum > 0 -- hide internal columns
		AND NOT a.attisdropped -- hide deleted columns
		AND b.relname = 'gatongs'

2026/03/25 16:39:44 [32mD:/works/edulinker_v2/backend/internal/database/database.go:72
[0m[33m[0.000ms] [34;1m[rows:0][0m SELECT description FROM pg_catalog.pg_description WHERE objsubid = (SELECT ordinal_position FROM information_schema.columns WHERE table_schema = CURRENT_SCHEMA() AND table_name = 'gatongs' AND column_name = 'id') AND objoid = (SELECT oid FROM pg_catalog.pg_class WHERE relname = 'gatongs' AND relnamespace = (SELECT oid FROM pg_catalog.pg_namespace WHERE nspname = CURRENT_SCHEMA()))

2026/03/25 16:39:44 [32mD:/works/edulinker_v2/backend/internal/database/database.go:72
[0m[33m[0.668ms] [34;1m[rows:0][0m SELECT description FROM pg_catalog.pg_description WHERE objsubid = (SELECT ordinal_position FROM information_schema.columns WHERE table_schema = CURRENT_SCHEMA() AND table_name = 'gatongs' AND column_name = 'school_id') AND objoid = (SELECT oid FROM pg_catalog.pg_class WHERE relname = 'gatongs' AND relnamespace = (SELECT oid FROM pg_catalog.pg_namespace WHERE nspname = CURRENT_SCHEMA()))

2026/03/25 16:39:44 [32mD:/works/edulinker_v2/backend/internal/database/database.go:72
[0m[33m[0.000ms] [34;1m[rows:0][0m SELECT description FROM pg_catalog.pg_description WHERE objsubid = (SELECT ordinal_position FROM information_schema.columns WHERE table_schema = CURRENT_SCHEMA() AND table_name = 'gatongs' AND column_name = 'author_id') AND objoid = (SELECT oid FROM pg_catalog.pg_class WHERE relname = 'gatongs' AND relnamespace = (SELECT oid FROM pg_catalog.pg_namespace WHERE nspname = CURRENT_SCHEMA()))

2026/03/25 16:39:44 [32mD:/works/edulinker_v2/backend/internal/database/database.go:72
[0m[33m[0.000ms] [34;1m[rows:0][0m SELECT description FROM pg_catalog.pg_description WHERE objsubid = (SELECT ordinal_position FROM information_schema.columns WHERE table_schema = CURRENT_SCHEMA() AND table_name = 'gatongs' AND column_name = 'title') AND objoid = (SELECT oid FROM pg_catalog.pg_class WHERE relname = 'gatongs' AND relnamespace = (SELECT oid FROM pg_catalog.pg_namespace WHERE nspname = CURRENT_SCHEMA()))

2026/03/25 16:39:44 [32mD:/works/edulinker_v2/backend/internal/database/database.go:72
[0m[33m[0.557ms] [34;1m[rows:0][0m SELECT description FROM pg_catalog.pg_description WHERE objsubid = (SELECT ordinal_position FROM information_schema.columns WHERE table_schema = CURRENT_SCHEMA() AND table_name = 'gatongs' AND column_name = 'content') AND objoid = (SELECT oid FROM pg_catalog.pg_class WHERE relname = 'gatongs' AND relnamespace = (SELECT oid FROM pg_catalog.pg_namespace WHERE nspname = CURRENT_SCHEMA()))

2026/03/25 16:39:44 [32mD:/works/edulinker_v2/backend/internal/database/database.go:72
[0m[33m[0.000ms] [34;1m[rows:0][0m SELECT description FROM pg_catalog.pg_description WHERE objsubid = (SELECT ordinal_position FROM information_schema.columns WHERE table_schema = CURRENT_SCHEMA() AND table_name = 'gatongs' AND column_name = 'type') AND objoid = (SELECT oid FROM pg_catalog.pg_class WHERE relname = 'gatongs' AND relnamespace = (SELECT oid FROM pg_catalog.pg_namespace WHERE nspname = CURRENT_SCHEMA()))

2026/03/25 16:39:44 [32mD:/works/edulinker_v2/backend/internal/database/database.go:72
[0m[33m[0.000ms] [34;1m[rows:0][0m SELECT description FROM pg_catalog.pg_description WHERE objsubid = (SELECT ordinal_position FROM information_schema.columns WHERE table_schema = CURRENT_SCHEMA() AND table_name = 'gatongs' AND column_name = 'is_required') AND objoid = (SELECT oid FROM pg_catalog.pg_class WHERE relname = 'gatongs' AND relnamespace = (SELECT oid FROM pg_catalog.pg_namespace WHERE nspname = CURRENT_SCHEMA()))

2026/03/25 16:39:44 [32mD:/works/edulinker_v2/backend/internal/database/database.go:72
[0m[33m[0.518ms] [34;1m[rows:0][0m SELECT description FROM pg_catalog.pg_description WHERE objsubid = (SELECT ordinal_position FROM information_schema.columns WHERE table_schema = CURRENT_SCHEMA() AND table_name = 'gatongs' AND column_name = 'deadline') AND objoid = (SELECT oid FROM pg_catalog.pg_class WHERE relname = 'gatongs' AND relnamespace = (SELECT oid FROM pg_catalog.pg_namespace WHERE nspname = CURRENT_SCHEMA()))

2026/03/25 16:39:44 [32mD:/works/edulinker_v2/backend/internal/database/database.go:72
[0m[33m[0.000ms] [34;1m[rows:0][0m SELECT description FROM pg_catalog.pg_description WHERE objsubid = (SELECT ordinal_position FROM information_schema.columns WHERE table_schema = CURRENT_SCHEMA() AND table_name = 'gatongs' AND column_name = 'created_at') AND objoid = (SELECT oid FROM pg_catalog.pg_class WHERE relname = 'gatongs' AND relnamespace = (SELECT oid FROM pg_catalog.pg_namespace WHERE nspname = CURRENT_SCHEMA()))

2026/03/25 16:39:44 [32mD:/works/edulinker_v2/backend/internal/database/database.go:72
[0m[33m[0.000ms] [34;1m[rows:0][0m SELECT description FROM pg_catalog.pg_description WHERE objsubid = (SELECT ordinal_position FROM information_schema.columns WHERE table_schema = CURRENT_SCHEMA() AND table_name = 'gatongs' AND column_name = 'updated_at') AND objoid = (SELECT oid FROM pg_catalog.pg_class WHERE relname = 'gatongs' AND relnamespace = (SELECT oid FROM pg_catalog.pg_namespace WHERE nspname = CURRENT_SCHEMA()))

2026/03/25 16:39:44 [32mD:/works/edulinker_v2/backend/internal/database/database.go:72
[0m[33m[0.509ms] [34;1m[rows:0][0m SELECT description FROM pg_catalog.pg_description WHERE objsubid = (SELECT ordinal_position FROM information_schema.columns WHERE table_schema = CURRENT_SCHEMA() AND table_name = 'gatongs' AND column_name = 'deleted_at') AND objoid = (SELECT oid FROM pg_catalog.pg_class WHERE relname = 'gatongs' AND relnamespace = (SELECT oid FROM pg_catalog.pg_namespace WHERE nspname = CURRENT_SCHEMA()))

2026/03/25 16:39:44 [32mD:/works/edulinker_v2/backend/internal/database/database.go:72
[0m[33m[0.000ms] [34;1m[rows:1][0m SELECT count(*) FROM INFORMATION_SCHEMA.table_constraints WHERE table_schema = CURRENT_SCHEMA() AND table_name = 'gatongs' AND constraint_name = 'fk_gatongs_author'

2026/03/25 16:39:44 [32mD:/works/edulinker_v2/backend/internal/database/database.go:72
[0m[33m[0.508ms] [34;1m[rows:1][0m SELECT count(*) FROM pg_indexes WHERE tablename = 'gatongs' AND indexname = 'idx_gatongs_school_id' AND schemaname = CURRENT_SCHEMA()

2026/03/25 16:39:44 [32mD:/works/edulinker_v2/backend/internal/database/database.go:72
[0m[33m[0.000ms] [34;1m[rows:1][0m SELECT count(*) FROM pg_indexes WHERE tablename = 'gatongs' AND indexname = 'idx_gatongs_deleted_at' AND schemaname = CURRENT_SCHEMA()

2026/03/25 16:39:44 [32mD:/works/edulinker_v2/backend/internal/database/database.go:72
[0m[33m[0.000ms] [34;1m[rows:1][0m SELECT count(*) FROM information_schema.tables WHERE table_schema = CURRENT_SCHEMA() AND table_name = 'gatong_targets' AND table_type = 'BASE TABLE'

2026/03/25 16:39:44 [32mD:/works/edulinker_v2/backend/internal/database/database.go:72
[0m[33m[0.000ms] [34;1m[rows:1][0m SELECT CURRENT_DATABASE()

2026/03/25 16:39:44 [32mD:/works/edulinker_v2/backend/internal/database/database.go:72
[0m[33m[0.528ms] [34;1m[rows:-][0m SELECT c.column_name, c.is_nullable = 'YES', c.udt_name, c.character_maximum_length, c.numeric_precision, c.numeric_precision_radix, c.numeric_scale, c.datetime_precision, 8 * typlen, c.column_default, pd.description, c.identity_increment FROM information_schema.columns AS c JOIN pg_type AS pgt ON c.udt_name = pgt.typname LEFT JOIN pg_catalog.pg_description as pd ON pd.objsubid = c.ordinal_position AND pd.objoid = (SELECT oid FROM pg_catalog.pg_class WHERE relname = c.table_name AND relnamespace = (SELECT oid FROM pg_catalog.pg_namespace WHERE nspname = c.table_schema)) where table_catalog = 'edulinker' AND table_schema = CURRENT_SCHEMA() AND table_name = 'gatong_targets'

2026/03/25 16:39:44 [32mD:/works/edulinker_v2/backend/internal/database/database.go:72
[0m[33m[0.530ms] [34;1m[rows:-][0m SELECT * FROM "gatong_targets" LIMIT 5

2026/03/25 16:39:44 [32mD:/works/edulinker_v2/backend/internal/database/database.go:72
[0m[33m[0.516ms] [34;1m[rows:-][0m SELECT constraint_name FROM information_schema.table_constraints tc JOIN information_schema.constraint_column_usage AS ccu USING (constraint_schema, constraint_catalog, table_name, constraint_name) JOIN information_schema.columns AS c ON c.table_schema = tc.constraint_schema AND tc.table_name = c.table_name AND ccu.column_name = c.column_name WHERE constraint_type IN ('PRIMARY KEY', 'UNIQUE') AND c.table_catalog = 'edulinker' AND c.table_schema = CURRENT_SCHEMA() AND c.table_name = 'gatong_targets' AND constraint_type = 'UNIQUE'

2026/03/25 16:39:44 [32mD:/works/edulinker_v2/backend/internal/database/database.go:72
[0m[33m[0.000ms] [34;1m[rows:-][0m SELECT c.column_name, constraint_name, constraint_type FROM information_schema.table_constraints tc JOIN information_schema.constraint_column_usage AS ccu USING (constraint_schema, constraint_catalog, table_name, constraint_name) JOIN information_schema.columns AS c ON c.table_schema = tc.constraint_schema AND tc.table_name = c.table_name AND ccu.column_name = c.column_name WHERE constraint_type IN ('PRIMARY KEY', 'UNIQUE') AND c.table_catalog = 'edulinker' AND c.table_schema = CURRENT_SCHEMA() AND c.table_name = 'gatong_targets'

2026/03/25 16:39:44 [32mD:/works/edulinker_v2/backend/internal/database/database.go:72
[0m[33m[0.656ms] [34;1m[rows:-][0m SELECT a.attname as column_name, format_type(a.atttypid, a.atttypmod) AS data_type
		FROM pg_attribute a JOIN pg_class b ON a.attrelid = b.oid AND relnamespace = (SELECT oid FROM pg_catalog.pg_namespace WHERE nspname = CURRENT_SCHEMA())
		WHERE a.attnum > 0 -- hide internal columns
		AND NOT a.attisdropped -- hide deleted columns
		AND b.relname = 'gatong_targets'

2026/03/25 16:39:44 [32mD:/works/edulinker_v2/backend/internal/database/database.go:72
[0m[33m[0.000ms] [34;1m[rows:0][0m SELECT description FROM pg_catalog.pg_description WHERE objsubid = (SELECT ordinal_position FROM information_schema.columns WHERE table_schema = CURRENT_SCHEMA() AND table_name = 'gatong_targets' AND column_name = 'id') AND objoid = (SELECT oid FROM pg_catalog.pg_class WHERE relname = 'gatong_targets' AND relnamespace = (SELECT oid FROM pg_catalog.pg_namespace WHERE nspname = CURRENT_SCHEMA()))

2026/03/25 16:39:44 [32mD:/works/edulinker_v2/backend/internal/database/database.go:72
[0m[33m[0.000ms] [34;1m[rows:0][0m SELECT description FROM pg_catalog.pg_description WHERE objsubid = (SELECT ordinal_position FROM information_schema.columns WHERE table_schema = CURRENT_SCHEMA() AND table_name = 'gatong_targets' AND column_name = 'gatong_id') AND objoid = (SELECT oid FROM pg_catalog.pg_class WHERE relname = 'gatong_targets' AND relnamespace = (SELECT oid FROM pg_catalog.pg_namespace WHERE nspname = CURRENT_SCHEMA()))

2026/03/25 16:39:44 [32mD:/works/edulinker_v2/backend/internal/database/database.go:72
[0m[33m[0.510ms] [34;1m[rows:0][0m SELECT description FROM pg_catalog.pg_description WHERE objsubid = (SELECT ordinal_position FROM information_schema.columns WHERE table_schema = CURRENT_SCHEMA() AND table_name = 'gatong_targets' AND column_name = 'target_role') AND objoid = (SELECT oid FROM pg_catalog.pg_class WHERE relname = 'gatong_targets' AND relnamespace = (SELECT oid FROM pg_catalog.pg_namespace WHERE nspname = CURRENT_SCHEMA()))

2026/03/25 16:39:44 [32mD:/works/edulinker_v2/backend/internal/database/database.go:72
[0m[33m[0.000ms] [34;1m[rows:0][0m SELECT description FROM pg_catalog.pg_description WHERE objsubid = (SELECT ordinal_position FROM information_schema.columns WHERE table_schema = CURRENT_SCHEMA() AND table_name = 'gatong_targets' AND column_name = 'target_user_id') AND objoid = (SELECT oid FROM pg_catalog.pg_class WHERE relname = 'gatong_targets' AND relnamespace = (SELECT oid FROM pg_catalog.pg_namespace WHERE nspname = CURRENT_SCHEMA()))

2026/03/25 16:39:44 [32mD:/works/edulinker_v2/backend/internal/database/database.go:72
[0m[33m[0.000ms] [34;1m[rows:0][0m SELECT description FROM pg_catalog.pg_description WHERE objsubid = (SELECT ordinal_position FROM information_schema.columns WHERE table_schema = CURRENT_SCHEMA() AND table_name = 'gatong_targets' AND column_name = 'read_at') AND objoid = (SELECT oid FROM pg_catalog.pg_class WHERE relname = 'gatong_targets' AND relnamespace = (SELECT oid FROM pg_catalog.pg_namespace WHERE nspname = CURRENT_SCHEMA()))

2026/03/25 16:39:44 [32mD:/works/edulinker_v2/backend/internal/database/database.go:72
[0m[33m[0.605ms] [34;1m[rows:1][0m SELECT count(*) FROM INFORMATION_SCHEMA.table_constraints WHERE table_schema = CURRENT_SCHEMA() AND table_name = 'gatong_targets' AND constraint_name = 'fk_gatongs_targets'

2026/03/25 16:39:44 [32mD:/works/edulinker_v2/backend/internal/database/database.go:72
[0m[33m[0.000ms] [34;1m[rows:1][0m SELECT count(*) FROM pg_indexes WHERE tablename = 'gatong_targets' AND indexname = 'idx_gatong_targets_gatong_id' AND schemaname = CURRENT_SCHEMA()

2026/03/25 16:39:44 [32mD:/works/edulinker_v2/backend/internal/database/database.go:72
[0m[33m[0.000ms] [34;1m[rows:1][0m SELECT count(*) FROM information_schema.tables WHERE table_schema = CURRENT_SCHEMA() AND table_name = 'gatong_responses' AND table_type = 'BASE TABLE'

2026/03/25 16:39:44 [32mD:/works/edulinker_v2/backend/internal/database/database.go:72
[0m[33m[0.000ms] [34;1m[rows:1][0m SELECT CURRENT_DATABASE()

2026/03/25 16:39:44 [32mD:/works/edulinker_v2/backend/internal/database/database.go:72
[0m[33m[0.681ms] [34;1m[rows:-][0m SELECT c.column_name, c.is_nullable = 'YES', c.udt_name, c.character_maximum_length, c.numeric_precision, c.numeric_precision_radix, c.numeric_scale, c.datetime_precision, 8 * typlen, c.column_default, pd.description, c.identity_increment FROM information_schema.columns AS c JOIN pg_type AS pgt ON c.udt_name = pgt.typname LEFT JOIN pg_catalog.pg_description as pd ON pd.objsubid = c.ordinal_position AND pd.objoid = (SELECT oid FROM pg_catalog.pg_class WHERE relname = c.table_name AND relnamespace = (SELECT oid FROM pg_catalog.pg_namespace WHERE nspname = c.table_schema)) where table_catalog = 'edulinker' AND table_schema = CURRENT_SCHEMA() AND table_name = 'gatong_responses'

2026/03/25 16:39:44 [32mD:/works/edulinker_v2/backend/internal/database/database.go:72
[0m[33m[0.508ms] [34;1m[rows:-][0m SELECT * FROM "gatong_responses" LIMIT 5

2026/03/25 16:39:44 [32mD:/works/edulinker_v2/backend/internal/database/database.go:72
[0m[33m[0.000ms] [34;1m[rows:-][0m SELECT constraint_name FROM information_schema.table_constraints tc JOIN information_schema.constraint_column_usage AS ccu USING (constraint_schema, constraint_catalog, table_name, constraint_name) JOIN information_schema.columns AS c ON c.table_schema = tc.constraint_schema AND tc.table_name = c.table_name AND ccu.column_name = c.column_name WHERE constraint_type IN ('PRIMARY KEY', 'UNIQUE') AND c.table_catalog = 'edulinker' AND c.table_schema = CURRENT_SCHEMA() AND c.table_name = 'gatong_responses' AND constraint_type = 'UNIQUE'

2026/03/25 16:39:44 [32mD:/works/edulinker_v2/backend/internal/database/database.go:72
[0m[33m[0.509ms] [34;1m[rows:-][0m SELECT c.column_name, constraint_name, constraint_type FROM information_schema.table_constraints tc JOIN information_schema.constraint_column_usage AS ccu USING (constraint_schema, constraint_catalog, table_name, constraint_name) JOIN information_schema.columns AS c ON c.table_schema = tc.constraint_schema AND tc.table_name = c.table_name AND ccu.column_name = c.column_name WHERE constraint_type IN ('PRIMARY KEY', 'UNIQUE') AND c.table_catalog = 'edulinker' AND c.table_schema = CURRENT_SCHEMA() AND c.table_name = 'gatong_responses'

2026/03/25 16:39:44 [32mD:/works/edulinker_v2/backend/internal/database/database.go:72
[0m[33m[0.000ms] [34;1m[rows:-][0m SELECT a.attname as column_name, format_type(a.atttypid, a.atttypmod) AS data_type
		FROM pg_attribute a JOIN pg_class b ON a.attrelid = b.oid AND relnamespace = (SELECT oid FROM pg_catalog.pg_namespace WHERE nspname = CURRENT_SCHEMA())
		WHERE a.attnum > 0 -- hide internal columns
		AND NOT a.attisdropped -- hide deleted columns
		AND b.relname = 'gatong_responses'

2026/03/25 16:39:44 [32mD:/works/edulinker_v2/backend/internal/database/database.go:72
[0m[33m[0.000ms] [34;1m[rows:0][0m SELECT description FROM pg_catalog.pg_description WHERE objsubid = (SELECT ordinal_position FROM information_schema.columns WHERE table_schema = CURRENT_SCHEMA() AND table_name = 'gatong_responses' AND column_name = 'id') AND objoid = (SELECT oid FROM pg_catalog.pg_class WHERE relname = 'gatong_responses' AND relnamespace = (SELECT oid FROM pg_catalog.pg_namespace WHERE nspname = CURRENT_SCHEMA()))

2026/03/25 16:39:44 [32mD:/works/edulinker_v2/backend/internal/database/database.go:72
[0m[33m[0.000ms] [34;1m[rows:0][0m SELECT description FROM pg_catalog.pg_description WHERE objsubid = (SELECT ordinal_position FROM information_schema.columns WHERE table_schema = CURRENT_SCHEMA() AND table_name = 'gatong_responses' AND column_name = 'gatong_id') AND objoid = (SELECT oid FROM pg_catalog.pg_class WHERE relname = 'gatong_responses' AND relnamespace = (SELECT oid FROM pg_catalog.pg_namespace WHERE nspname = CURRENT_SCHEMA()))

2026/03/25 16:39:44 [32mD:/works/edulinker_v2/backend/internal/database/database.go:72
[0m[33m[0.623ms] [34;1m[rows:0][0m SELECT description FROM pg_catalog.pg_description WHERE objsubid = (SELECT ordinal_position FROM information_schema.columns WHERE table_schema = CURRENT_SCHEMA() AND table_name = 'gatong_responses' AND column_name = 'user_id') AND objoid = (SELECT oid FROM pg_catalog.pg_class WHERE relname = 'gatong_responses' AND relnamespace = (SELECT oid FROM pg_catalog.pg_namespace WHERE nspname = CURRENT_SCHEMA()))

2026/03/25 16:39:44 [32mD:/works/edulinker_v2/backend/internal/database/database.go:72
[0m[33m[0.000ms] [34;1m[rows:0][0m SELECT description FROM pg_catalog.pg_description WHERE objsubid = (SELECT ordinal_position FROM information_schema.columns WHERE table_schema = CURRENT_SCHEMA() AND table_name = 'gatong_responses' AND column_name = 'response_data') AND objoid = (SELECT oid FROM pg_catalog.pg_class WHERE relname = 'gatong_responses' AND relnamespace = (SELECT oid FROM pg_catalog.pg_namespace WHERE nspname = CURRENT_SCHEMA()))

2026/03/25 16:39:44 [32mD:/works/edulinker_v2/backend/internal/database/database.go:72
[0m[33m[0.000ms] [34;1m[rows:0][0m SELECT description FROM pg_catalog.pg_description WHERE objsubid = (SELECT ordinal_position FROM information_schema.columns WHERE table_schema = CURRENT_SCHEMA() AND table_name = 'gatong_responses' AND column_name = 'signature_url') AND objoid = (SELECT oid FROM pg_catalog.pg_class WHERE relname = 'gatong_responses' AND relnamespace = (SELECT oid FROM pg_catalog.pg_namespace WHERE nspname = CURRENT_SCHEMA()))

2026/03/25 16:39:44 [32mD:/works/edulinker_v2/backend/internal/database/database.go:72
[0m[33m[0.509ms] [34;1m[rows:0][0m SELECT description FROM pg_catalog.pg_description WHERE objsubid = (SELECT ordinal_position FROM information_schema.columns WHERE table_schema = CURRENT_SCHEMA() AND table_name = 'gatong_responses' AND column_name = 'responded_at') AND objoid = (SELECT oid FROM pg_catalog.pg_class WHERE relname = 'gatong_responses' AND relnamespace = (SELECT oid FROM pg_catalog.pg_namespace WHERE nspname = CURRENT_SCHEMA()))

2026/03/25 16:39:44 [32mD:/works/edulinker_v2/backend/internal/database/database.go:72
[0m[33m[0.000ms] [34;1m[rows:1][0m SELECT count(*) FROM INFORMATION_SCHEMA.table_constraints WHERE table_schema = CURRENT_SCHEMA() AND table_name = 'gatong_responses' AND constraint_name = 'fk_gatongs_responses'

2026/03/25 16:39:44 [32mD:/works/edulinker_v2/backend/internal/database/database.go:72
[0m[33m[0.000ms] [34;1m[rows:1][0m SELECT count(*) FROM INFORMATION_SCHEMA.table_constraints WHERE table_schema = CURRENT_SCHEMA() AND table_name = 'gatong_responses' AND constraint_name = 'fk_gatong_responses_user'

2026/03/25 16:39:44 [32mD:/works/edulinker_v2/backend/internal/database/database.go:72
[0m[33m[0.000ms] [34;1m[rows:1][0m SELECT count(*) FROM pg_indexes WHERE tablename = 'gatong_responses' AND indexname = 'idx_gatong_responses_gatong_id' AND schemaname = CURRENT_SCHEMA()

2026/03/25 16:39:44 [32mD:/works/edulinker_v2/backend/internal/database/database.go:72
[0m[33m[0.000ms] [34;1m[rows:1][0m SELECT count(*) FROM information_schema.tables WHERE table_schema = CURRENT_SCHEMA() AND table_name = 'sendocs' AND table_type = 'BASE TABLE'

2026/03/25 16:39:44 [32mD:/works/edulinker_v2/backend/internal/database/database.go:72
[0m[33m[0.000ms] [34;1m[rows:1][0m SELECT CURRENT_DATABASE()

2026/03/25 16:39:44 [32mD:/works/edulinker_v2/backend/internal/database/database.go:72
[0m[33m[0.512ms] [34;1m[rows:-][0m SELECT c.column_name, c.is_nullable = 'YES', c.udt_name, c.character_maximum_length, c.numeric_precision, c.numeric_precision_radix, c.numeric_scale, c.datetime_precision, 8 * typlen, c.column_default, pd.description, c.identity_increment FROM information_schema.columns AS c JOIN pg_type AS pgt ON c.udt_name = pgt.typname LEFT JOIN pg_catalog.pg_description as pd ON pd.objsubid = c.ordinal_position AND pd.objoid = (SELECT oid FROM pg_catalog.pg_class WHERE relname = c.table_name AND relnamespace = (SELECT oid FROM pg_catalog.pg_namespace WHERE nspname = c.table_schema)) where table_catalog = 'edulinker' AND table_schema = CURRENT_SCHEMA() AND table_name = 'sendocs'

2026/03/25 16:39:44 [32mD:/works/edulinker_v2/backend/internal/database/database.go:72
[0m[33m[0.521ms] [34;1m[rows:-][0m SELECT * FROM "sendocs" LIMIT 5

2026/03/25 16:39:44 [32mD:/works/edulinker_v2/backend/internal/database/database.go:72
[0m[33m[0.000ms] [34;1m[rows:-][0m SELECT constraint_name FROM information_schema.table_constraints tc JOIN information_schema.constraint_column_usage AS ccu USING (constraint_schema, constraint_catalog, table_name, constraint_name) JOIN information_schema.columns AS c ON c.table_schema = tc.constraint_schema AND tc.table_name = c.table_name AND ccu.column_name = c.column_name WHERE constraint_type IN ('PRIMARY KEY', 'UNIQUE') AND c.table_catalog = 'edulinker' AND c.table_schema = CURRENT_SCHEMA() AND c.table_name = 'sendocs' AND constraint_type = 'UNIQUE'

2026/03/25 16:39:44 [32mD:/works/edulinker_v2/backend/internal/database/database.go:72
[0m[33m[0.550ms] [34;1m[rows:-][0m SELECT c.column_name, constraint_name, constraint_type FROM information_schema.table_constraints tc JOIN information_schema.constraint_column_usage AS ccu USING (constraint_schema, constraint_catalog, table_name, constraint_name) JOIN information_schema.columns AS c ON c.table_schema = tc.constraint_schema AND tc.table_name = c.table_name AND ccu.column_name = c.column_name WHERE constraint_type IN ('PRIMARY KEY', 'UNIQUE') AND c.table_catalog = 'edulinker' AND c.table_schema = CURRENT_SCHEMA() AND c.table_name = 'sendocs'

2026/03/25 16:39:44 [32mD:/works/edulinker_v2/backend/internal/database/database.go:72
[0m[33m[0.000ms] [34;1m[rows:-][0m SELECT a.attname as column_name, format_type(a.atttypid, a.atttypmod) AS data_type
		FROM pg_attribute a JOIN pg_class b ON a.attrelid = b.oid AND relnamespace = (SELECT oid FROM pg_catalog.pg_namespace WHERE nspname = CURRENT_SCHEMA())
		WHERE a.attnum > 0 -- hide internal columns
		AND NOT a.attisdropped -- hide deleted columns
		AND b.relname = 'sendocs'

2026/03/25 16:39:44 [32mD:/works/edulinker_v2/backend/internal/database/database.go:72
[0m[33m[0.515ms] [34;1m[rows:0][0m SELECT description FROM pg_catalog.pg_description WHERE objsubid = (SELECT ordinal_position FROM information_schema.columns WHERE table_schema = CURRENT_SCHEMA() AND table_name = 'sendocs' AND column_name = 'id') AND objoid = (SELECT oid FROM pg_catalog.pg_class WHERE relname = 'sendocs' AND relnamespace = (SELECT oid FROM pg_catalog.pg_namespace WHERE nspname = CURRENT_SCHEMA()))

2026/03/25 16:39:44 [32mD:/works/edulinker_v2/backend/internal/database/database.go:72
[0m[33m[0.000ms] [34;1m[rows:0][0m SELECT description FROM pg_catalog.pg_description WHERE objsubid = (SELECT ordinal_position FROM information_schema.columns WHERE table_schema = CURRENT_SCHEMA() AND table_name = 'sendocs' AND column_name = 'school_id') AND objoid = (SELECT oid FROM pg_catalog.pg_class WHERE relname = 'sendocs' AND relnamespace = (SELECT oid FROM pg_catalog.pg_namespace WHERE nspname = CURRENT_SCHEMA()))

2026/03/25 16:39:44 [32mD:/works/edulinker_v2/backend/internal/database/database.go:72
[0m[33m[0.000ms] [34;1m[rows:0][0m SELECT description FROM pg_catalog.pg_description WHERE objsubid = (SELECT ordinal_position FROM information_schema.columns WHERE table_schema = CURRENT_SCHEMA() AND table_name = 'sendocs' AND column_name = 'author_id') AND objoid = (SELECT oid FROM pg_catalog.pg_class WHERE relname = 'sendocs' AND relnamespace = (SELECT oid FROM pg_catalog.pg_namespace WHERE nspname = CURRENT_SCHEMA()))

2026/03/25 16:39:44 [32mD:/works/edulinker_v2/backend/internal/database/database.go:72
[0m[33m[0.510ms] [34;1m[rows:0][0m SELECT description FROM pg_catalog.pg_description WHERE objsubid = (SELECT ordinal_position FROM information_schema.columns WHERE table_schema = CURRENT_SCHEMA() AND table_name = 'sendocs' AND column_name = 'title') AND objoid = (SELECT oid FROM pg_catalog.pg_class WHERE relname = 'sendocs' AND relnamespace = (SELECT oid FROM pg_catalog.pg_namespace WHERE nspname = CURRENT_SCHEMA()))

2026/03/25 16:39:44 [32mD:/works/edulinker_v2/backend/internal/database/database.go:72
[0m[33m[0.000ms] [34;1m[rows:0][0m SELECT description FROM pg_catalog.pg_description WHERE objsubid = (SELECT ordinal_position FROM information_schema.columns WHERE table_schema = CURRENT_SCHEMA() AND table_name = 'sendocs' AND column_name = 'content') AND objoid = (SELECT oid FROM pg_catalog.pg_class WHERE relname = 'sendocs' AND relnamespace = (SELECT oid FROM pg_catalog.pg_namespace WHERE nspname = CURRENT_SCHEMA()))

2026/03/25 16:39:44 [32mD:/works/edulinker_v2/backend/internal/database/database.go:72
[0m[33m[0.000ms] [34;1m[rows:0][0m SELECT description FROM pg_catalog.pg_description WHERE objsubid = (SELECT ordinal_position FROM information_schema.columns WHERE table_schema = CURRENT_SCHEMA() AND table_name = 'sendocs' AND column_name = 'background_url') AND objoid = (SELECT oid FROM pg_catalog.pg_class WHERE relname = 'sendocs' AND relnamespace = (SELECT oid FROM pg_catalog.pg_namespace WHERE nspname = CURRENT_SCHEMA()))

2026/03/25 16:39:44 [32mD:/works/edulinker_v2/backend/internal/database/database.go:72
[0m[33m[0.000ms] [34;1m[rows:0][0m SELECT description FROM pg_catalog.pg_description WHERE objsubid = (SELECT ordinal_position FROM information_schema.columns WHERE table_schema = CURRENT_SCHEMA() AND table_name = 'sendocs' AND column_name = 'fields_json') AND objoid = (SELECT oid FROM pg_catalog.pg_class WHERE relname = 'sendocs' AND relnamespace = (SELECT oid FROM pg_catalog.pg_namespace WHERE nspname = CURRENT_SCHEMA()))

2026/03/25 16:39:44 [32mD:/works/edulinker_v2/backend/internal/database/database.go:72
[0m[33m[0.557ms] [34;1m[rows:0][0m SELECT description FROM pg_catalog.pg_description WHERE objsubid = (SELECT ordinal_position FROM information_schema.columns WHERE table_schema = CURRENT_SCHEMA() AND table_name = 'sendocs' AND column_name = 'attachment_file_id') AND objoid = (SELECT oid FROM pg_catalog.pg_class WHERE relname = 'sendocs' AND relnamespace = (SELECT oid FROM pg_catalog.pg_namespace WHERE nspname = CURRENT_SCHEMA()))

2026/03/25 16:39:44 [32mD:/works/edulinker_v2/backend/internal/database/database.go:72
[0m[33m[0.000ms] [34;1m[rows:0][0m SELECT description FROM pg_catalog.pg_description WHERE objsubid = (SELECT ordinal_position FROM information_schema.columns WHERE table_schema = CURRENT_SCHEMA() AND table_name = 'sendocs' AND column_name = 'requires_signature') AND objoid = (SELECT oid FROM pg_catalog.pg_class WHERE relname = 'sendocs' AND relnamespace = (SELECT oid FROM pg_catalog.pg_namespace WHERE nspname = CURRENT_SCHEMA()))

2026/03/25 16:39:44 [32mD:/works/edulinker_v2/backend/internal/database/database.go:72
[0m[33m[0.000ms] [34;1m[rows:0][0m SELECT description FROM pg_catalog.pg_description WHERE objsubid = (SELECT ordinal_position FROM information_schema.columns WHERE table_schema = CURRENT_SCHEMA() AND table_name = 'sendocs' AND column_name = 'status') AND objoid = (SELECT oid FROM pg_catalog.pg_class WHERE relname = 'sendocs' AND relnamespace = (SELECT oid FROM pg_catalog.pg_namespace WHERE nspname = CURRENT_SCHEMA()))

2026/03/25 16:39:44 [32mD:/works/edulinker_v2/backend/internal/database/database.go:72
[0m[33m[0.509ms] [34;1m[rows:0][0m SELECT description FROM pg_catalog.pg_description WHERE objsubid = (SELECT ordinal_position FROM information_schema.columns WHERE table_schema = CURRENT_SCHEMA() AND table_name = 'sendocs' AND column_name = 'deadline') AND objoid = (SELECT oid FROM pg_catalog.pg_class WHERE relname = 'sendocs' AND relnamespace = (SELECT oid FROM pg_catalog.pg_namespace WHERE nspname = CURRENT_SCHEMA()))

2026/03/25 16:39:44 [32mD:/works/edulinker_v2/backend/internal/database/database.go:72
[0m[33m[0.000ms] [34;1m[rows:0][0m SELECT description FROM pg_catalog.pg_description WHERE objsubid = (SELECT ordinal_position FROM information_schema.columns WHERE table_schema = CURRENT_SCHEMA() AND table_name = 'sendocs' AND column_name = 'created_at') AND objoid = (SELECT oid FROM pg_catalog.pg_class WHERE relname = 'sendocs' AND relnamespace = (SELECT oid FROM pg_catalog.pg_namespace WHERE nspname = CURRENT_SCHEMA()))

2026/03/25 16:39:44 [32mD:/works/edulinker_v2/backend/internal/database/database.go:72
[0m[33m[0.000ms] [34;1m[rows:0][0m SELECT description FROM pg_catalog.pg_description WHERE objsubid = (SELECT ordinal_position FROM information_schema.columns WHERE table_schema = CURRENT_SCHEMA() AND table_name = 'sendocs' AND column_name = 'updated_at') AND objoid = (SELECT oid FROM pg_catalog.pg_class WHERE relname = 'sendocs' AND relnamespace = (SELECT oid FROM pg_catalog.pg_namespace WHERE nspname = CURRENT_SCHEMA()))

2026/03/25 16:39:44 [32mD:/works/edulinker_v2/backend/internal/database/database.go:72
[0m[33m[0.522ms] [34;1m[rows:0][0m SELECT description FROM pg_catalog.pg_description WHERE objsubid = (SELECT ordinal_position FROM information_schema.columns WHERE table_schema = CURRENT_SCHEMA() AND table_name = 'sendocs' AND column_name = 'deleted_at') AND objoid = (SELECT oid FROM pg_catalog.pg_class WHERE relname = 'sendocs' AND relnamespace = (SELECT oid FROM pg_catalog.pg_namespace WHERE nspname = CURRENT_SCHEMA()))

2026/03/25 16:39:44 [32mD:/works/edulinker_v2/backend/internal/database/database.go:72
[0m[33m[0.000ms] [34;1m[rows:1][0m SELECT count(*) FROM INFORMATION_SCHEMA.table_constraints WHERE table_schema = CURRENT_SCHEMA() AND table_name = 'sendocs' AND constraint_name = 'fk_sendocs_author'

2026/03/25 16:39:44 [32mD:/works/edulinker_v2/backend/internal/database/database.go:72
[0m[33m[0.000ms] [34;1m[rows:1][0m SELECT count(*) FROM pg_indexes WHERE tablename = 'sendocs' AND indexname = 'idx_sendocs_school_id' AND schemaname = CURRENT_SCHEMA()

2026/03/25 16:39:44 [32mD:/works/edulinker_v2/backend/internal/database/database.go:72
[0m[33m[0.000ms] [34;1m[rows:1][0m SELECT count(*) FROM pg_indexes WHERE tablename = 'sendocs' AND indexname = 'idx_sendocs_deleted_at' AND schemaname = CURRENT_SCHEMA()

2026/03/25 16:39:44 [32mD:/works/edulinker_v2/backend/internal/database/database.go:72
[0m[33m[0.509ms] [34;1m[rows:1][0m SELECT count(*) FROM information_schema.tables WHERE table_schema = CURRENT_SCHEMA() AND table_name = 'sendoc_recipients' AND table_type = 'BASE TABLE'

2026/03/25 16:39:44 [32mD:/works/edulinker_v2/backend/internal/database/database.go:72
[0m[33m[0.000ms] [34;1m[rows:1][0m SELECT CURRENT_DATABASE()

2026/03/25 16:39:44 [32mD:/works/edulinker_v2/backend/internal/database/database.go:72
[0m[33m[0.509ms] [34;1m[rows:-][0m SELECT c.column_name, c.is_nullable = 'YES', c.udt_name, c.character_maximum_length, c.numeric_precision, c.numeric_precision_radix, c.numeric_scale, c.datetime_precision, 8 * typlen, c.column_default, pd.description, c.identity_increment FROM information_schema.columns AS c JOIN pg_type AS pgt ON c.udt_name = pgt.typname LEFT JOIN pg_catalog.pg_description as pd ON pd.objsubid = c.ordinal_position AND pd.objoid = (SELECT oid FROM pg_catalog.pg_class WHERE relname = c.table_name AND relnamespace = (SELECT oid FROM pg_catalog.pg_namespace WHERE nspname = c.table_schema)) where table_catalog = 'edulinker' AND table_schema = CURRENT_SCHEMA() AND table_name = 'sendoc_recipients'

2026/03/25 16:39:44 [32mD:/works/edulinker_v2/backend/internal/database/database.go:72
[0m[33m[0.520ms] [34;1m[rows:-][0m SELECT * FROM "sendoc_recipients" LIMIT 5

2026/03/25 16:39:44 [32mD:/works/edulinker_v2/backend/internal/database/database.go:72
[0m[33m[0.000ms] [34;1m[rows:-][0m SELECT constraint_name FROM information_schema.table_constraints tc JOIN information_schema.constraint_column_usage AS ccu USING (constraint_schema, constraint_catalog, table_name, constraint_name) JOIN information_schema.columns AS c ON c.table_schema = tc.constraint_schema AND tc.table_name = c.table_name AND ccu.column_name = c.column_name WHERE constraint_type IN ('PRIMARY KEY', 'UNIQUE') AND c.table_catalog = 'edulinker' AND c.table_schema = CURRENT_SCHEMA() AND c.table_name = 'sendoc_recipients' AND constraint_type = 'UNIQUE'

2026/03/25 16:39:44 [32mD:/works/edulinker_v2/backend/internal/database/database.go:72
[0m[33m[0.573ms] [34;1m[rows:-][0m SELECT c.column_name, constraint_name, constraint_type FROM information_schema.table_constraints tc JOIN information_schema.constraint_column_usage AS ccu USING (constraint_schema, constraint_catalog, table_name, constraint_name) JOIN information_schema.columns AS c ON c.table_schema = tc.constraint_schema AND tc.table_name = c.table_name AND ccu.column_name = c.column_name WHERE constraint_type IN ('PRIMARY KEY', 'UNIQUE') AND c.table_catalog = 'edulinker' AND c.table_schema = CURRENT_SCHEMA() AND c.table_name = 'sendoc_recipients'

2026/03/25 16:39:44 [32mD:/works/edulinker_v2/backend/internal/database/database.go:72
[0m[33m[0.000ms] [34;1m[rows:-][0m SELECT a.attname as column_name, format_type(a.atttypid, a.atttypmod) AS data_type
		FROM pg_attribute a JOIN pg_class b ON a.attrelid = b.oid AND relnamespace = (SELECT oid FROM pg_catalog.pg_namespace WHERE nspname = CURRENT_SCHEMA())
		WHERE a.attnum > 0 -- hide internal columns
		AND NOT a.attisdropped -- hide deleted columns
		AND b.relname = 'sendoc_recipients'

2026/03/25 16:39:44 [32mD:/works/edulinker_v2/backend/internal/database/database.go:72
[0m[33m[0.508ms] [34;1m[rows:0][0m SELECT description FROM pg_catalog.pg_description WHERE objsubid = (SELECT ordinal_position FROM information_schema.columns WHERE table_schema = CURRENT_SCHEMA() AND table_name = 'sendoc_recipients' AND column_name = 'id') AND objoid = (SELECT oid FROM pg_catalog.pg_class WHERE relname = 'sendoc_recipients' AND relnamespace = (SELECT oid FROM pg_catalog.pg_namespace WHERE nspname = CURRENT_SCHEMA()))

2026/03/25 16:39:44 [32mD:/works/edulinker_v2/backend/internal/database/database.go:72
[0m[33m[0.000ms] [34;1m[rows:0][0m SELECT description FROM pg_catalog.pg_description WHERE objsubid = (SELECT ordinal_position FROM information_schema.columns WHERE table_schema = CURRENT_SCHEMA() AND table_name = 'sendoc_recipients' AND column_name = 'sendoc_id') AND objoid = (SELECT oid FROM pg_catalog.pg_class WHERE relname = 'sendoc_recipients' AND relnamespace = (SELECT oid FROM pg_catalog.pg_namespace WHERE nspname = CURRENT_SCHEMA()))

2026/03/25 16:39:44 [32mD:/works/edulinker_v2/backend/internal/database/database.go:72
[0m[33m[0.000ms] [34;1m[rows:0][0m SELECT description FROM pg_catalog.pg_description WHERE objsubid = (SELECT ordinal_position FROM information_schema.columns WHERE table_schema = CURRENT_SCHEMA() AND table_name = 'sendoc_recipients' AND column_name = 'user_id') AND objoid = (SELECT oid FROM pg_catalog.pg_class WHERE relname = 'sendoc_recipients' AND relnamespace = (SELECT oid FROM pg_catalog.pg_namespace WHERE nspname = CURRENT_SCHEMA()))

2026/03/25 16:39:44 [32mD:/works/edulinker_v2/backend/internal/database/database.go:72
[0m[33m[0.000ms] [34;1m[rows:0][0m SELECT description FROM pg_catalog.pg_description WHERE objsubid = (SELECT ordinal_position FROM information_schema.columns WHERE table_schema = CURRENT_SCHEMA() AND table_name = 'sendoc_recipients' AND column_name = 'read_at') AND objoid = (SELECT oid FROM pg_catalog.pg_class WHERE relname = 'sendoc_recipients' AND relnamespace = (SELECT oid FROM pg_catalog.pg_namespace WHERE nspname = CURRENT_SCHEMA()))

2026/03/25 16:39:44 [32mD:/works/edulinker_v2/backend/internal/database/database.go:72
[0m[33m[0.000ms] [34;1m[rows:0][0m SELECT description FROM pg_catalog.pg_description WHERE objsubid = (SELECT ordinal_position FROM information_schema.columns WHERE table_schema = CURRENT_SCHEMA() AND table_name = 'sendoc_recipients' AND column_name = 'is_signed') AND objoid = (SELECT oid FROM pg_catalog.pg_class WHERE relname = 'sendoc_recipients' AND relnamespace = (SELECT oid FROM pg_catalog.pg_namespace WHERE nspname = CURRENT_SCHEMA()))

2026/03/25 16:39:44 [32mD:/works/edulinker_v2/backend/internal/database/database.go:72
[0m[33m[0.000ms] [34;1m[rows:0][0m SELECT description FROM pg_catalog.pg_description WHERE objsubid = (SELECT ordinal_position FROM information_schema.columns WHERE table_schema = CURRENT_SCHEMA() AND table_name = 'sendoc_recipients' AND column_name = 'signature_image_url') AND objoid = (SELECT oid FROM pg_catalog.pg_class WHERE relname = 'sendoc_recipients' AND relnamespace = (SELECT oid FROM pg_catalog.pg_namespace WHERE nspname = CURRENT_SCHEMA()))

2026/03/25 16:39:44 [32mD:/works/edulinker_v2/backend/internal/database/database.go:72
[0m[33m[0.000ms] [34;1m[rows:0][0m SELECT description FROM pg_catalog.pg_description WHERE objsubid = (SELECT ordinal_position FROM information_schema.columns WHERE table_schema = CURRENT_SCHEMA() AND table_name = 'sendoc_recipients' AND column_name = 'form_data_json') AND objoid = (SELECT oid FROM pg_catalog.pg_class WHERE relname = 'sendoc_recipients' AND relnamespace = (SELECT oid FROM pg_catalog.pg_namespace WHERE nspname = CURRENT_SCHEMA()))

2026/03/25 16:39:44 [32mD:/works/edulinker_v2/backend/internal/database/database.go:72
[0m[33m[0.508ms] [34;1m[rows:0][0m SELECT description FROM pg_catalog.pg_description WHERE objsubid = (SELECT ordinal_position FROM information_schema.columns WHERE table_schema = CURRENT_SCHEMA() AND table_name = 'sendoc_recipients' AND column_name = 'signed_at') AND objoid = (SELECT oid FROM pg_catalog.pg_class WHERE relname = 'sendoc_recipients' AND relnamespace = (SELECT oid FROM pg_catalog.pg_namespace WHERE nspname = CURRENT_SCHEMA()))

2026/03/25 16:39:44 [32mD:/works/edulinker_v2/backend/internal/database/database.go:72
[0m[33m[0.000ms] [34;1m[rows:1][0m SELECT count(*) FROM INFORMATION_SCHEMA.table_constraints WHERE table_schema = CURRENT_SCHEMA() AND table_name = 'sendoc_recipients' AND constraint_name = 'fk_sendocs_recipients'

2026/03/25 16:39:44 [32mD:/works/edulinker_v2/backend/internal/database/database.go:72
[0m[33m[0.000ms] [34;1m[rows:1][0m SELECT count(*) FROM INFORMATION_SCHEMA.table_constraints WHERE table_schema = CURRENT_SCHEMA() AND table_name = 'sendoc_recipients' AND constraint_name = 'fk_sendoc_recipients_user'

2026/03/25 16:39:44 [32mD:/works/edulinker_v2/backend/internal/database/database.go:72
[0m[33m[0.000ms] [34;1m[rows:1][0m SELECT count(*) FROM pg_indexes WHERE tablename = 'sendoc_recipients' AND indexname = 'idx_sendoc_recipients_sendoc_id' AND schemaname = CURRENT_SCHEMA()

2026/03/25 16:39:44 [32mD:/works/edulinker_v2/backend/internal/database/database.go:72
[0m[33m[0.000ms] [34;1m[rows:1][0m SELECT count(*) FROM information_schema.tables WHERE table_schema = CURRENT_SCHEMA() AND table_name = 'teacher_leave_records' AND table_type = 'BASE TABLE'

2026/03/25 16:39:44 [32mD:/works/edulinker_v2/backend/internal/database/database.go:72
[0m[33m[0.510ms] [34;1m[rows:1][0m SELECT CURRENT_DATABASE()

2026/03/25 16:39:44 [32mD:/works/edulinker_v2/backend/internal/database/database.go:72
[0m[33m[0.523ms] [34;1m[rows:-][0m SELECT c.column_name, c.is_nullable = 'YES', c.udt_name, c.character_maximum_length, c.numeric_precision, c.numeric_precision_radix, c.numeric_scale, c.datetime_precision, 8 * typlen, c.column_default, pd.description, c.identity_increment FROM information_schema.columns AS c JOIN pg_type AS pgt ON c.udt_name = pgt.typname LEFT JOIN pg_catalog.pg_description as pd ON pd.objsubid = c.ordinal_position AND pd.objoid = (SELECT oid FROM pg_catalog.pg_class WHERE relname = c.table_name AND relnamespace = (SELECT oid FROM pg_catalog.pg_namespace WHERE nspname = c.table_schema)) where table_catalog = 'edulinker' AND table_schema = CURRENT_SCHEMA() AND table_name = 'teacher_leave_records'

2026/03/25 16:39:44 [32mD:/works/edulinker_v2/backend/internal/database/database.go:72
[0m[33m[0.509ms] [34;1m[rows:-][0m SELECT * FROM "teacher_leave_records" LIMIT 5

2026/03/25 16:39:44 [32mD:/works/edulinker_v2/backend/internal/database/database.go:72
[0m[33m[0.000ms] [34;1m[rows:-][0m SELECT constraint_name FROM information_schema.table_constraints tc JOIN information_schema.constraint_column_usage AS ccu USING (constraint_schema, constraint_catalog, table_name, constraint_name) JOIN information_schema.columns AS c ON c.table_schema = tc.constraint_schema AND tc.table_name = c.table_name AND ccu.column_name = c.column_name WHERE constraint_type IN ('PRIMARY KEY', 'UNIQUE') AND c.table_catalog = 'edulinker' AND c.table_schema = CURRENT_SCHEMA() AND c.table_name = 'teacher_leave_records' AND constraint_type = 'UNIQUE'

2026/03/25 16:39:44 [32mD:/works/edulinker_v2/backend/internal/database/database.go:72
[0m[33m[0.510ms] [34;1m[rows:-][0m SELECT c.column_name, constraint_name, constraint_type FROM information_schema.table_constraints tc JOIN information_schema.constraint_column_usage AS ccu USING (constraint_schema, constraint_catalog, table_name, constraint_name) JOIN information_schema.columns AS c ON c.table_schema = tc.constraint_schema AND tc.table_name = c.table_name AND ccu.column_name = c.column_name WHERE constraint_type IN ('PRIMARY KEY', 'UNIQUE') AND c.table_catalog = 'edulinker' AND c.table_schema = CURRENT_SCHEMA() AND c.table_name = 'teacher_leave_records'

2026/03/25 16:39:44 [32mD:/works/edulinker_v2/backend/internal/database/database.go:72
[0m[33m[0.000ms] [34;1m[rows:-][0m SELECT a.attname as column_name, format_type(a.atttypid, a.atttypmod) AS data_type
		FROM pg_attribute a JOIN pg_class b ON a.attrelid = b.oid AND relnamespace = (SELECT oid FROM pg_catalog.pg_namespace WHERE nspname = CURRENT_SCHEMA())
		WHERE a.attnum > 0 -- hide internal columns
		AND NOT a.attisdropped -- hide deleted columns
		AND b.relname = 'teacher_leave_records'

2026/03/25 16:39:44 [32mD:/works/edulinker_v2/backend/internal/database/database.go:72
[0m[33m[0.509ms] [34;1m[rows:0][0m SELECT description FROM pg_catalog.pg_description WHERE objsubid = (SELECT ordinal_position FROM information_schema.columns WHERE table_schema = CURRENT_SCHEMA() AND table_name = 'teacher_leave_records' AND column_name = 'id') AND objoid = (SELECT oid FROM pg_catalog.pg_class WHERE relname = 'teacher_leave_records' AND relnamespace = (SELECT oid FROM pg_catalog.pg_namespace WHERE nspname = CURRENT_SCHEMA()))

2026/03/25 16:39:44 [32mD:/works/edulinker_v2/backend/internal/database/database.go:72
[0m[33m[0.000ms] [34;1m[rows:0][0m SELECT description FROM pg_catalog.pg_description WHERE objsubid = (SELECT ordinal_position FROM information_schema.columns WHERE table_schema = CURRENT_SCHEMA() AND table_name = 'teacher_leave_records' AND column_name = 'school_id') AND objoid = (SELECT oid FROM pg_catalog.pg_class WHERE relname = 'teacher_leave_records' AND relnamespace = (SELECT oid FROM pg_catalog.pg_namespace WHERE nspname = CURRENT_SCHEMA()))

2026/03/25 16:39:44 [32mD:/works/edulinker_v2/backend/internal/database/database.go:72
[0m[33m[0.000ms] [34;1m[rows:0][0m SELECT description FROM pg_catalog.pg_description WHERE objsubid = (SELECT ordinal_position FROM information_schema.columns WHERE table_schema = CURRENT_SCHEMA() AND table_name = 'teacher_leave_records' AND column_name = 'teacher_id') AND objoid = (SELECT oid FROM pg_catalog.pg_class WHERE relname = 'teacher_leave_records' AND relnamespace = (SELECT oid FROM pg_catalog.pg_namespace WHERE nspname = CURRENT_SCHEMA()))

2026/03/25 16:39:44 [32mD:/works/edulinker_v2/backend/internal/database/database.go:72
[0m[33m[0.545ms] [34;1m[rows:0][0m SELECT description FROM pg_catalog.pg_description WHERE objsubid = (SELECT ordinal_position FROM information_schema.columns WHERE table_schema = CURRENT_SCHEMA() AND table_name = 'teacher_leave_records' AND column_name = 'leave_type') AND objoid = (SELECT oid FROM pg_catalog.pg_class WHERE relname = 'teacher_leave_records' AND relnamespace = (SELECT oid FROM pg_catalog.pg_namespace WHERE nspname = CURRENT_SCHEMA()))

2026/03/25 16:39:44 [32mD:/works/edulinker_v2/backend/internal/database/database.go:72
[0m[33m[0.000ms] [34;1m[rows:0][0m SELECT description FROM pg_catalog.pg_description WHERE objsubid = (SELECT ordinal_position FROM information_schema.columns WHERE table_schema = CURRENT_SCHEMA() AND table_name = 'teacher_leave_records' AND column_name = 'start_date') AND objoid = (SELECT oid FROM pg_catalog.pg_class WHERE relname = 'teacher_leave_records' AND relnamespace = (SELECT oid FROM pg_catalog.pg_namespace WHERE nspname = CURRENT_SCHEMA()))

2026/03/25 16:39:44 [32mD:/works/edulinker_v2/backend/internal/database/database.go:72
[0m[33m[0.000ms] [34;1m[rows:0][0m SELECT description FROM pg_catalog.pg_description WHERE objsubid = (SELECT ordinal_position FROM information_schema.columns WHERE table_schema = CURRENT_SCHEMA() AND table_name = 'teacher_leave_records' AND column_name = 'end_date') AND objoid = (SELECT oid FROM pg_catalog.pg_class WHERE relname = 'teacher_leave_records' AND relnamespace = (SELECT oid FROM pg_catalog.pg_namespace WHERE nspname = CURRENT_SCHEMA()))

2026/03/25 16:39:44 [32mD:/works/edulinker_v2/backend/internal/database/database.go:72
[0m[33m[0.000ms] [34;1m[rows:0][0m SELECT description FROM pg_catalog.pg_description WHERE objsubid = (SELECT ordinal_position FROM information_schema.columns WHERE table_schema = CURRENT_SCHEMA() AND table_name = 'teacher_leave_records' AND column_name = 'reason') AND objoid = (SELECT oid FROM pg_catalog.pg_class WHERE relname = 'teacher_leave_records' AND relnamespace = (SELECT oid FROM pg_catalog.pg_namespace WHERE nspname = CURRENT_SCHEMA()))

2026/03/25 16:39:44 [32mD:/works/edulinker_v2/backend/internal/database/database.go:72
[0m[33m[0.000ms] [34;1m[rows:0][0m SELECT description FROM pg_catalog.pg_description WHERE objsubid = (SELECT ordinal_position FROM information_schema.columns WHERE table_schema = CURRENT_SCHEMA() AND table_name = 'teacher_leave_records' AND column_name = 'status') AND objoid = (SELECT oid FROM pg_catalog.pg_class WHERE relname = 'teacher_leave_records' AND relnamespace = (SELECT oid FROM pg_catalog.pg_namespace WHERE nspname = CURRENT_SCHEMA()))

2026/03/25 16:39:44 [32mD:/works/edulinker_v2/backend/internal/database/database.go:72
[0m[33m[0.000ms] [34;1m[rows:0][0m SELECT description FROM pg_catalog.pg_description WHERE objsubid = (SELECT ordinal_position FROM information_schema.columns WHERE table_schema = CURRENT_SCHEMA() AND table_name = 'teacher_leave_records' AND column_name = 'created_at') AND objoid = (SELECT oid FROM pg_catalog.pg_class WHERE relname = 'teacher_leave_records' AND relnamespace = (SELECT oid FROM pg_catalog.pg_namespace WHERE nspname = CURRENT_SCHEMA()))

2026/03/25 16:39:44 [32mD:/works/edulinker_v2/backend/internal/database/database.go:72
[0m[33m[0.516ms] [34;1m[rows:0][0m SELECT description FROM pg_catalog.pg_description WHERE objsubid = (SELECT ordinal_position FROM information_schema.columns WHERE table_schema = CURRENT_SCHEMA() AND table_name = 'teacher_leave_records' AND column_name = 'updated_at') AND objoid = (SELECT oid FROM pg_catalog.pg_class WHERE relname = 'teacher_leave_records' AND relnamespace = (SELECT oid FROM pg_catalog.pg_namespace WHERE nspname = CURRENT_SCHEMA()))

2026/03/25 16:39:44 [32mD:/works/edulinker_v2/backend/internal/database/database.go:72
[0m[33m[0.000ms] [34;1m[rows:0][0m SELECT description FROM pg_catalog.pg_description WHERE objsubid = (SELECT ordinal_position FROM information_schema.columns WHERE table_schema = CURRENT_SCHEMA() AND table_name = 'teacher_leave_records' AND column_name = 'deleted_at') AND objoid = (SELECT oid FROM pg_catalog.pg_class WHERE relname = 'teacher_leave_records' AND relnamespace = (SELECT oid FROM pg_catalog.pg_namespace WHERE nspname = CURRENT_SCHEMA()))

2026/03/25 16:39:44 [32mD:/works/edulinker_v2/backend/internal/database/database.go:72
[0m[33m[0.000ms] [34;1m[rows:1][0m SELECT count(*) FROM INFORMATION_SCHEMA.table_constraints WHERE table_schema = CURRENT_SCHEMA() AND table_name = 'teacher_leave_records' AND constraint_name = 'fk_teacher_leave_records_teacher'

2026/03/25 16:39:44 [32mD:/works/edulinker_v2/backend/internal/database/database.go:72
[0m[33m[0.520ms] [34;1m[rows:1][0m SELECT count(*) FROM pg_indexes WHERE tablename = 'teacher_leave_records' AND indexname = 'idx_teacher_leave_records_school_id' AND schemaname = CURRENT_SCHEMA()

2026/03/25 16:39:44 [32mD:/works/edulinker_v2/backend/internal/database/database.go:72
[0m[33m[0.000ms] [34;1m[rows:1][0m SELECT count(*) FROM pg_indexes WHERE tablename = 'teacher_leave_records' AND indexname = 'idx_teacher_leave_records_deleted_at' AND schemaname = CURRENT_SCHEMA()

2026/03/25 16:39:44 [32mD:/works/edulinker_v2/backend/internal/database/database.go:72
[0m[33m[0.000ms] [34;1m[rows:1][0m SELECT count(*) FROM information_schema.tables WHERE table_schema = CURRENT_SCHEMA() AND table_name = 'student_counselings' AND table_type = 'BASE TABLE'

2026/03/25 16:39:44 [32mD:/works/edulinker_v2/backend/internal/database/database.go:72
[0m[33m[0.000ms] [34;1m[rows:1][0m SELECT CURRENT_DATABASE()

2026/03/25 16:39:44 [32mD:/works/edulinker_v2/backend/internal/database/database.go:72
[0m[33m[0.523ms] [34;1m[rows:-][0m SELECT c.column_name, c.is_nullable = 'YES', c.udt_name, c.character_maximum_length, c.numeric_precision, c.numeric_precision_radix, c.numeric_scale, c.datetime_precision, 8 * typlen, c.column_default, pd.description, c.identity_increment FROM information_schema.columns AS c JOIN pg_type AS pgt ON c.udt_name = pgt.typname LEFT JOIN pg_catalog.pg_description as pd ON pd.objsubid = c.ordinal_position AND pd.objoid = (SELECT oid FROM pg_catalog.pg_class WHERE relname = c.table_name AND relnamespace = (SELECT oid FROM pg_catalog.pg_namespace WHERE nspname = c.table_schema)) where table_catalog = 'edulinker' AND table_schema = CURRENT_SCHEMA() AND table_name = 'student_counselings'

2026/03/25 16:39:44 [32mD:/works/edulinker_v2/backend/internal/database/database.go:72
[0m[33m[0.509ms] [34;1m[rows:-][0m SELECT * FROM "student_counselings" LIMIT 5

2026/03/25 16:39:44 [32mD:/works/edulinker_v2/backend/internal/database/database.go:72
[0m[33m[0.522ms] [34;1m[rows:-][0m SELECT constraint_name FROM information_schema.table_constraints tc JOIN information_schema.constraint_column_usage AS ccu USING (constraint_schema, constraint_catalog, table_name, constraint_name) JOIN information_schema.columns AS c ON c.table_schema = tc.constraint_schema AND tc.table_name = c.table_name AND ccu.column_name = c.column_name WHERE constraint_type IN ('PRIMARY KEY', 'UNIQUE') AND c.table_catalog = 'edulinker' AND c.table_schema = CURRENT_SCHEMA() AND c.table_name = 'student_counselings' AND constraint_type = 'UNIQUE'

2026/03/25 16:39:44 [32mD:/works/edulinker_v2/backend/internal/database/database.go:72
[0m[33m[0.000ms] [34;1m[rows:-][0m SELECT c.column_name, constraint_name, constraint_type FROM information_schema.table_constraints tc JOIN information_schema.constraint_column_usage AS ccu USING (constraint_schema, constraint_catalog, table_name, constraint_name) JOIN information_schema.columns AS c ON c.table_schema = tc.constraint_schema AND tc.table_name = c.table_name AND ccu.column_name = c.column_name WHERE constraint_type IN ('PRIMARY KEY', 'UNIQUE') AND c.table_catalog = 'edulinker' AND c.table_schema = CURRENT_SCHEMA() AND c.table_name = 'student_counselings'

2026/03/25 16:39:44 [32mD:/works/edulinker_v2/backend/internal/database/database.go:72
[0m[33m[0.000ms] [34;1m[rows:-][0m SELECT a.attname as column_name, format_type(a.atttypid, a.atttypmod) AS data_type
		FROM pg_attribute a JOIN pg_class b ON a.attrelid = b.oid AND relnamespace = (SELECT oid FROM pg_catalog.pg_namespace WHERE nspname = CURRENT_SCHEMA())
		WHERE a.attnum > 0 -- hide internal columns
		AND NOT a.attisdropped -- hide deleted columns
		AND b.relname = 'student_counselings'

2026/03/25 16:39:44 [32mD:/works/edulinker_v2/backend/internal/database/database.go:72
[0m[33m[0.780ms] [34;1m[rows:0][0m SELECT description FROM pg_catalog.pg_description WHERE objsubid = (SELECT ordinal_position FROM information_schema.columns WHERE table_schema = CURRENT_SCHEMA() AND table_name = 'student_counselings' AND column_name = 'id') AND objoid = (SELECT oid FROM pg_catalog.pg_class WHERE relname = 'student_counselings' AND relnamespace = (SELECT oid FROM pg_catalog.pg_namespace WHERE nspname = CURRENT_SCHEMA()))

2026/03/25 16:39:44 [32mD:/works/edulinker_v2/backend/internal/database/database.go:72
[0m[33m[0.000ms] [34;1m[rows:0][0m SELECT description FROM pg_catalog.pg_description WHERE objsubid = (SELECT ordinal_position FROM information_schema.columns WHERE table_schema = CURRENT_SCHEMA() AND table_name = 'student_counselings' AND column_name = 'school_id') AND objoid = (SELECT oid FROM pg_catalog.pg_class WHERE relname = 'student_counselings' AND relnamespace = (SELECT oid FROM pg_catalog.pg_namespace WHERE nspname = CURRENT_SCHEMA()))

2026/03/25 16:39:44 [32mD:/works/edulinker_v2/backend/internal/database/database.go:72
[0m[33m[0.000ms] [34;1m[rows:0][0m SELECT description FROM pg_catalog.pg_description WHERE objsubid = (SELECT ordinal_position FROM information_schema.columns WHERE table_schema = CURRENT_SCHEMA() AND table_name = 'student_counselings' AND column_name = 'student_id') AND objoid = (SELECT oid FROM pg_catalog.pg_class WHERE relname = 'student_counselings' AND relnamespace = (SELECT oid FROM pg_catalog.pg_namespace WHERE nspname = CURRENT_SCHEMA()))

2026/03/25 16:39:44 [32mD:/works/edulinker_v2/backend/internal/database/database.go:72
[0m[33m[0.508ms] [34;1m[rows:0][0m SELECT description FROM pg_catalog.pg_description WHERE objsubid = (SELECT ordinal_position FROM information_schema.columns WHERE table_schema = CURRENT_SCHEMA() AND table_name = 'student_counselings' AND column_name = 'teacher_id') AND objoid = (SELECT oid FROM pg_catalog.pg_class WHERE relname = 'student_counselings' AND relnamespace = (SELECT oid FROM pg_catalog.pg_namespace WHERE nspname = CURRENT_SCHEMA()))

2026/03/25 16:39:44 [32mD:/works/edulinker_v2/backend/internal/database/database.go:72
[0m[33m[0.000ms] [34;1m[rows:0][0m SELECT description FROM pg_catalog.pg_description WHERE objsubid = (SELECT ordinal_position FROM information_schema.columns WHERE table_schema = CURRENT_SCHEMA() AND table_name = 'student_counselings' AND column_name = 'category') AND objoid = (SELECT oid FROM pg_catalog.pg_class WHERE relname = 'student_counselings' AND relnamespace = (SELECT oid FROM pg_catalog.pg_namespace WHERE nspname = CURRENT_SCHEMA()))

2026/03/25 16:39:44 [32mD:/works/edulinker_v2/backend/internal/database/database.go:72
[0m[33m[0.000ms] [34;1m[rows:0][0m SELECT description FROM pg_catalog.pg_description WHERE objsubid = (SELECT ordinal_position FROM information_schema.columns WHERE table_schema = CURRENT_SCHEMA() AND table_name = 'student_counselings' AND column_name = 'content') AND objoid = (SELECT oid FROM pg_catalog.pg_class WHERE relname = 'student_counselings' AND relnamespace = (SELECT oid FROM pg_catalog.pg_namespace WHERE nspname = CURRENT_SCHEMA()))

2026/03/25 16:39:44 [32mD:/works/edulinker_v2/backend/internal/database/database.go:72
[0m[33m[0.510ms] [34;1m[rows:0][0m SELECT description FROM pg_catalog.pg_description WHERE objsubid = (SELECT ordinal_position FROM information_schema.columns WHERE table_schema = CURRENT_SCHEMA() AND table_name = 'student_counselings' AND column_name = 'counseling_date') AND objoid = (SELECT oid FROM pg_catalog.pg_class WHERE relname = 'student_counselings' AND relnamespace = (SELECT oid FROM pg_catalog.pg_namespace WHERE nspname = CURRENT_SCHEMA()))

2026/03/25 16:39:44 [32mD:/works/edulinker_v2/backend/internal/database/database.go:72
[0m[33m[0.000ms] [34;1m[rows:0][0m SELECT description FROM pg_catalog.pg_description WHERE objsubid = (SELECT ordinal_position FROM information_schema.columns WHERE table_schema = CURRENT_SCHEMA() AND table_name = 'student_counselings' AND column_name = 'created_at') AND objoid = (SELECT oid FROM pg_catalog.pg_class WHERE relname = 'student_counselings' AND relnamespace = (SELECT oid FROM pg_catalog.pg_namespace WHERE nspname = CURRENT_SCHEMA()))

2026/03/25 16:39:44 [32mD:/works/edulinker_v2/backend/internal/database/database.go:72
[0m[33m[0.000ms] [34;1m[rows:0][0m SELECT description FROM pg_catalog.pg_description WHERE objsubid = (SELECT ordinal_position FROM information_schema.columns WHERE table_schema = CURRENT_SCHEMA() AND table_name = 'student_counselings' AND column_name = 'updated_at') AND objoid = (SELECT oid FROM pg_catalog.pg_class WHERE relname = 'student_counselings' AND relnamespace = (SELECT oid FROM pg_catalog.pg_namespace WHERE nspname = CURRENT_SCHEMA()))

2026/03/25 16:39:44 [32mD:/works/edulinker_v2/backend/internal/database/database.go:72
[0m[33m[0.511ms] [34;1m[rows:0][0m SELECT description FROM pg_catalog.pg_description WHERE objsubid = (SELECT ordinal_position FROM information_schema.columns WHERE table_schema = CURRENT_SCHEMA() AND table_name = 'student_counselings' AND column_name = 'deleted_at') AND objoid = (SELECT oid FROM pg_catalog.pg_class WHERE relname = 'student_counselings' AND relnamespace = (SELECT oid FROM pg_catalog.pg_namespace WHERE nspname = CURRENT_SCHEMA()))

2026/03/25 16:39:44 [32mD:/works/edulinker_v2/backend/internal/database/database.go:72
[0m[33m[0.000ms] [34;1m[rows:1][0m SELECT count(*) FROM INFORMATION_SCHEMA.table_constraints WHERE table_schema = CURRENT_SCHEMA() AND table_name = 'student_counselings' AND constraint_name = 'fk_student_counselings_student'

2026/03/25 16:39:44 [32mD:/works/edulinker_v2/backend/internal/database/database.go:72
[0m[33m[0.000ms] [34;1m[rows:1][0m SELECT count(*) FROM INFORMATION_SCHEMA.table_constraints WHERE table_schema = CURRENT_SCHEMA() AND table_name = 'student_counselings' AND constraint_name = 'fk_student_counselings_teacher'

2026/03/25 16:39:44 [32mD:/works/edulinker_v2/backend/internal/database/database.go:72
[0m[33m[0.000ms] [34;1m[rows:1][0m SELECT count(*) FROM pg_indexes WHERE tablename = 'student_counselings' AND indexname = 'idx_student_counselings_school_id' AND schemaname = CURRENT_SCHEMA()

2026/03/25 16:39:44 [32mD:/works/edulinker_v2/backend/internal/database/database.go:72
[0m[33m[0.537ms] [34;1m[rows:1][0m SELECT count(*) FROM pg_indexes WHERE tablename = 'student_counselings' AND indexname = 'idx_student_counselings_deleted_at' AND schemaname = CURRENT_SCHEMA()

2026/03/25 16:39:44 [32mD:/works/edulinker_v2/backend/internal/database/database.go:72
[0m[33m[0.000ms] [34;1m[rows:1][0m SELECT count(*) FROM information_schema.tables WHERE table_schema = CURRENT_SCHEMA() AND table_name = 'student_absences' AND table_type = 'BASE TABLE'

2026/03/25 16:39:44 [32mD:/works/edulinker_v2/backend/internal/database/database.go:72
[0m[33m[0.000ms] [34;1m[rows:1][0m SELECT CURRENT_DATABASE()

2026/03/25 16:39:44 [32mD:/works/edulinker_v2/backend/internal/database/database.go:72
[0m[33m[0.509ms] [34;1m[rows:-][0m SELECT c.column_name, c.is_nullable = 'YES', c.udt_name, c.character_maximum_length, c.numeric_precision, c.numeric_precision_radix, c.numeric_scale, c.datetime_precision, 8 * typlen, c.column_default, pd.description, c.identity_increment FROM information_schema.columns AS c JOIN pg_type AS pgt ON c.udt_name = pgt.typname LEFT JOIN pg_catalog.pg_description as pd ON pd.objsubid = c.ordinal_position AND pd.objoid = (SELECT oid FROM pg_catalog.pg_class WHERE relname = c.table_name AND relnamespace = (SELECT oid FROM pg_catalog.pg_namespace WHERE nspname = c.table_schema)) where table_catalog = 'edulinker' AND table_schema = CURRENT_SCHEMA() AND table_name = 'student_absences'

2026/03/25 16:39:44 [32mD:/works/edulinker_v2/backend/internal/database/database.go:72
[0m[33m[0.507ms] [34;1m[rows:-][0m SELECT * FROM "student_absences" LIMIT 5

2026/03/25 16:39:44 [32mD:/works/edulinker_v2/backend/internal/database/database.go:72
[0m[33m[0.000ms] [34;1m[rows:-][0m SELECT constraint_name FROM information_schema.table_constraints tc JOIN information_schema.constraint_column_usage AS ccu USING (constraint_schema, constraint_catalog, table_name, constraint_name) JOIN information_schema.columns AS c ON c.table_schema = tc.constraint_schema AND tc.table_name = c.table_name AND ccu.column_name = c.column_name WHERE constraint_type IN ('PRIMARY KEY', 'UNIQUE') AND c.table_catalog = 'edulinker' AND c.table_schema = CURRENT_SCHEMA() AND c.table_name = 'student_absences' AND constraint_type = 'UNIQUE'

2026/03/25 16:39:44 [32mD:/works/edulinker_v2/backend/internal/database/database.go:72
[0m[33m[0.522ms] [34;1m[rows:-][0m SELECT c.column_name, constraint_name, constraint_type FROM information_schema.table_constraints tc JOIN information_schema.constraint_column_usage AS ccu USING (constraint_schema, constraint_catalog, table_name, constraint_name) JOIN information_schema.columns AS c ON c.table_schema = tc.constraint_schema AND tc.table_name = c.table_name AND ccu.column_name = c.column_name WHERE constraint_type IN ('PRIMARY KEY', 'UNIQUE') AND c.table_catalog = 'edulinker' AND c.table_schema = CURRENT_SCHEMA() AND c.table_name = 'student_absences'

2026/03/25 16:39:44 [32mD:/works/edulinker_v2/backend/internal/database/database.go:72
[0m[33m[0.000ms] [34;1m[rows:-][0m SELECT a.attname as column_name, format_type(a.atttypid, a.atttypmod) AS data_type
		FROM pg_attribute a JOIN pg_class b ON a.attrelid = b.oid AND relnamespace = (SELECT oid FROM pg_catalog.pg_namespace WHERE nspname = CURRENT_SCHEMA())
		WHERE a.attnum > 0 -- hide internal columns
		AND NOT a.attisdropped -- hide deleted columns
		AND b.relname = 'student_absences'

2026/03/25 16:39:44 [32mD:/works/edulinker_v2/backend/internal/database/database.go:72
[0m[33m[0.000ms] [34;1m[rows:0][0m SELECT description FROM pg_catalog.pg_description WHERE objsubid = (SELECT ordinal_position FROM information_schema.columns WHERE table_schema = CURRENT_SCHEMA() AND table_name = 'student_absences' AND column_name = 'id') AND objoid = (SELECT oid FROM pg_catalog.pg_class WHERE relname = 'student_absences' AND relnamespace = (SELECT oid FROM pg_catalog.pg_namespace WHERE nspname = CURRENT_SCHEMA()))

2026/03/25 16:39:44 [32mD:/works/edulinker_v2/backend/internal/database/database.go:72
[0m[33m[0.000ms] [34;1m[rows:0][0m SELECT description FROM pg_catalog.pg_description WHERE objsubid = (SELECT ordinal_position FROM information_schema.columns WHERE table_schema = CURRENT_SCHEMA() AND table_name = 'student_absences' AND column_name = 'school_id') AND objoid = (SELECT oid FROM pg_catalog.pg_class WHERE relname = 'student_absences' AND relnamespace = (SELECT oid FROM pg_catalog.pg_namespace WHERE nspname = CURRENT_SCHEMA()))

2026/03/25 16:39:44 [32mD:/works/edulinker_v2/backend/internal/database/database.go:72
[0m[33m[0.000ms] [34;1m[rows:0][0m SELECT description FROM pg_catalog.pg_description WHERE objsubid = (SELECT ordinal_position FROM information_schema.columns WHERE table_schema = CURRENT_SCHEMA() AND table_name = 'student_absences' AND column_name = 'student_id') AND objoid = (SELECT oid FROM pg_catalog.pg_class WHERE relname = 'student_absences' AND relnamespace = (SELECT oid FROM pg_catalog.pg_namespace WHERE nspname = CURRENT_SCHEMA()))

2026/03/25 16:39:44 [32mD:/works/edulinker_v2/backend/internal/database/database.go:72
[0m[33m[1.001ms] [34;1m[rows:0][0m SELECT description FROM pg_catalog.pg_description WHERE objsubid = (SELECT ordinal_position FROM information_schema.columns WHERE table_schema = CURRENT_SCHEMA() AND table_name = 'student_absences' AND column_name = 'absence_date') AND objoid = (SELECT oid FROM pg_catalog.pg_class WHERE relname = 'student_absences' AND relnamespace = (SELECT oid FROM pg_catalog.pg_namespace WHERE nspname = CURRENT_SCHEMA()))

2026/03/25 16:39:44 [32mD:/works/edulinker_v2/backend/internal/database/database.go:72
[0m[33m[0.000ms] [34;1m[rows:0][0m SELECT description FROM pg_catalog.pg_description WHERE objsubid = (SELECT ordinal_position FROM information_schema.columns WHERE table_schema = CURRENT_SCHEMA() AND table_name = 'student_absences' AND column_name = 'reason') AND objoid = (SELECT oid FROM pg_catalog.pg_class WHERE relname = 'student_absences' AND relnamespace = (SELECT oid FROM pg_catalog.pg_namespace WHERE nspname = CURRENT_SCHEMA()))

2026/03/25 16:39:44 [32mD:/works/edulinker_v2/backend/internal/database/database.go:72
[0m[33m[0.000ms] [34;1m[rows:0][0m SELECT description FROM pg_catalog.pg_description WHERE objsubid = (SELECT ordinal_position FROM information_schema.columns WHERE table_schema = CURRENT_SCHEMA() AND table_name = 'student_absences' AND column_name = 'approved') AND objoid = (SELECT oid FROM pg_catalog.pg_class WHERE relname = 'student_absences' AND relnamespace = (SELECT oid FROM pg_catalog.pg_namespace WHERE nspname = CURRENT_SCHEMA()))

2026/03/25 16:39:44 [32mD:/works/edulinker_v2/backend/internal/database/database.go:72
[0m[33m[0.000ms] [34;1m[rows:0][0m SELECT description FROM pg_catalog.pg_description WHERE objsubid = (SELECT ordinal_position FROM information_schema.columns WHERE table_schema = CURRENT_SCHEMA() AND table_name = 'student_absences' AND column_name = 'created_at') AND objoid = (SELECT oid FROM pg_catalog.pg_class WHERE relname = 'student_absences' AND relnamespace = (SELECT oid FROM pg_catalog.pg_namespace WHERE nspname = CURRENT_SCHEMA()))

2026/03/25 16:39:44 [32mD:/works/edulinker_v2/backend/internal/database/database.go:72
[0m[33m[0.504ms] [34;1m[rows:1][0m SELECT count(*) FROM INFORMATION_SCHEMA.table_constraints WHERE table_schema = CURRENT_SCHEMA() AND table_name = 'student_absences' AND constraint_name = 'fk_student_absences_student'

2026/03/25 16:39:44 [32mD:/works/edulinker_v2/backend/internal/database/database.go:72
[0m[33m[0.000ms] [34;1m[rows:1][0m SELECT count(*) FROM pg_indexes WHERE tablename = 'student_absences' AND indexname = 'idx_student_absences_school_id' AND schemaname = CURRENT_SCHEMA()

2026/03/25 16:39:44 [32mD:/works/edulinker_v2/backend/internal/database/database.go:72
[0m[33m[0.000ms] [34;1m[rows:1][0m SELECT count(*) FROM information_schema.tables WHERE table_schema = CURRENT_SCHEMA() AND table_name = 'ai_analysis_logs' AND table_type = 'BASE TABLE'

2026/03/25 16:39:44 [32mD:/works/edulinker_v2/backend/internal/database/database.go:72
[0m[33m[0.000ms] [34;1m[rows:1][0m SELECT CURRENT_DATABASE()

2026/03/25 16:39:44 [32mD:/works/edulinker_v2/backend/internal/database/database.go:72
[0m[33m[0.507ms] [34;1m[rows:-][0m SELECT c.column_name, c.is_nullable = 'YES', c.udt_name, c.character_maximum_length, c.numeric_precision, c.numeric_precision_radix, c.numeric_scale, c.datetime_precision, 8 * typlen, c.column_default, pd.description, c.identity_increment FROM information_schema.columns AS c JOIN pg_type AS pgt ON c.udt_name = pgt.typname LEFT JOIN pg_catalog.pg_description as pd ON pd.objsubid = c.ordinal_position AND pd.objoid = (SELECT oid FROM pg_catalog.pg_class WHERE relname = c.table_name AND relnamespace = (SELECT oid FROM pg_catalog.pg_namespace WHERE nspname = c.table_schema)) where table_catalog = 'edulinker' AND table_schema = CURRENT_SCHEMA() AND table_name = 'ai_analysis_logs'

2026/03/25 16:39:44 [32mD:/works/edulinker_v2/backend/internal/database/database.go:72
[0m[33m[0.519ms] [34;1m[rows:-][0m SELECT * FROM "ai_analysis_logs" LIMIT 5

2026/03/25 16:39:44 [32mD:/works/edulinker_v2/backend/internal/database/database.go:72
[0m[33m[0.000ms] [34;1m[rows:-][0m SELECT constraint_name FROM information_schema.table_constraints tc JOIN information_schema.constraint_column_usage AS ccu USING (constraint_schema, constraint_catalog, table_name, constraint_name) JOIN information_schema.columns AS c ON c.table_schema = tc.constraint_schema AND tc.table_name = c.table_name AND ccu.column_name = c.column_name WHERE constraint_type IN ('PRIMARY KEY', 'UNIQUE') AND c.table_catalog = 'edulinker' AND c.table_schema = CURRENT_SCHEMA() AND c.table_name = 'ai_analysis_logs' AND constraint_type = 'UNIQUE'

2026/03/25 16:39:44 [32mD:/works/edulinker_v2/backend/internal/database/database.go:72
[0m[33m[0.000ms] [34;1m[rows:-][0m SELECT c.column_name, constraint_name, constraint_type FROM information_schema.table_constraints tc JOIN information_schema.constraint_column_usage AS ccu USING (constraint_schema, constraint_catalog, table_name, constraint_name) JOIN information_schema.columns AS c ON c.table_schema = tc.constraint_schema AND tc.table_name = c.table_name AND ccu.column_name = c.column_name WHERE constraint_type IN ('PRIMARY KEY', 'UNIQUE') AND c.table_catalog = 'edulinker' AND c.table_schema = CURRENT_SCHEMA() AND c.table_name = 'ai_analysis_logs'

2026/03/25 16:39:44 [32mD:/works/edulinker_v2/backend/internal/database/database.go:72
[0m[33m[0.000ms] [34;1m[rows:-][0m SELECT a.attname as column_name, format_type(a.atttypid, a.atttypmod) AS data_type
		FROM pg_attribute a JOIN pg_class b ON a.attrelid = b.oid AND relnamespace = (SELECT oid FROM pg_catalog.pg_namespace WHERE nspname = CURRENT_SCHEMA())
		WHERE a.attnum > 0 -- hide internal columns
		AND NOT a.attisdropped -- hide deleted columns
		AND b.relname = 'ai_analysis_logs'

2026/03/25 16:39:44 [32mD:/works/edulinker_v2/backend/internal/database/database.go:72
[0m[33m[1.001ms] [34;1m[rows:0][0m SELECT description FROM pg_catalog.pg_description WHERE objsubid = (SELECT ordinal_position FROM information_schema.columns WHERE table_schema = CURRENT_SCHEMA() AND table_name = 'ai_analysis_logs' AND column_name = 'id') AND objoid = (SELECT oid FROM pg_catalog.pg_class WHERE relname = 'ai_analysis_logs' AND relnamespace = (SELECT oid FROM pg_catalog.pg_namespace WHERE nspname = CURRENT_SCHEMA()))

2026/03/25 16:39:44 [32mD:/works/edulinker_v2/backend/internal/database/database.go:72
[0m[33m[0.000ms] [34;1m[rows:0][0m SELECT description FROM pg_catalog.pg_description WHERE objsubid = (SELECT ordinal_position FROM information_schema.columns WHERE table_schema = CURRENT_SCHEMA() AND table_name = 'ai_analysis_logs' AND column_name = 'school_id') AND objoid = (SELECT oid FROM pg_catalog.pg_class WHERE relname = 'ai_analysis_logs' AND relnamespace = (SELECT oid FROM pg_catalog.pg_namespace WHERE nspname = CURRENT_SCHEMA()))

2026/03/25 16:39:44 [32mD:/works/edulinker_v2/backend/internal/database/database.go:72
[0m[33m[0.000ms] [34;1m[rows:0][0m SELECT description FROM pg_catalog.pg_description WHERE objsubid = (SELECT ordinal_position FROM information_schema.columns WHERE table_schema = CURRENT_SCHEMA() AND table_name = 'ai_analysis_logs' AND column_name = 'teacher_id') AND objoid = (SELECT oid FROM pg_catalog.pg_class WHERE relname = 'ai_analysis_logs' AND relnamespace = (SELECT oid FROM pg_catalog.pg_namespace WHERE nspname = CURRENT_SCHEMA()))

2026/03/25 16:39:44 [32mD:/works/edulinker_v2/backend/internal/database/database.go:72
[0m[33m[0.504ms] [34;1m[rows:0][0m SELECT description FROM pg_catalog.pg_description WHERE objsubid = (SELECT ordinal_position FROM information_schema.columns WHERE table_schema = CURRENT_SCHEMA() AND table_name = 'ai_analysis_logs' AND column_name = 'target_student_id') AND objoid = (SELECT oid FROM pg_catalog.pg_class WHERE relname = 'ai_analysis_logs' AND relnamespace = (SELECT oid FROM pg_catalog.pg_namespace WHERE nspname = CURRENT_SCHEMA()))

2026/03/25 16:39:44 [32mD:/works/edulinker_v2/backend/internal/database/database.go:72
[0m[33m[0.000ms] [34;1m[rows:0][0m SELECT description FROM pg_catalog.pg_description WHERE objsubid = (SELECT ordinal_position FROM information_schema.columns WHERE table_schema = CURRENT_SCHEMA() AND table_name = 'ai_analysis_logs' AND column_name = 'prompt_type') AND objoid = (SELECT oid FROM pg_catalog.pg_class WHERE relname = 'ai_analysis_logs' AND relnamespace = (SELECT oid FROM pg_catalog.pg_namespace WHERE nspname = CURRENT_SCHEMA()))

2026/03/25 16:39:44 [32mD:/works/edulinker_v2/backend/internal/database/database.go:72
[0m[33m[0.000ms] [34;1m[rows:0][0m SELECT description FROM pg_catalog.pg_description WHERE objsubid = (SELECT ordinal_position FROM information_schema.columns WHERE table_schema = CURRENT_SCHEMA() AND table_name = 'ai_analysis_logs' AND column_name = 'input_data') AND objoid = (SELECT oid FROM pg_catalog.pg_class WHERE relname = 'ai_analysis_logs' AND relnamespace = (SELECT oid FROM pg_catalog.pg_namespace WHERE nspname = CURRENT_SCHEMA()))

2026/03/25 16:39:44 [32mD:/works/edulinker_v2/backend/internal/database/database.go:72
[0m[33m[0.000ms] [34;1m[rows:0][0m SELECT description FROM pg_catalog.pg_description WHERE objsubid = (SELECT ordinal_position FROM information_schema.columns WHERE table_schema = CURRENT_SCHEMA() AND table_name = 'ai_analysis_logs' AND column_name = 'generated_content') AND objoid = (SELECT oid FROM pg_catalog.pg_class WHERE relname = 'ai_analysis_logs' AND relnamespace = (SELECT oid FROM pg_catalog.pg_namespace WHERE nspname = CURRENT_SCHEMA()))

2026/03/25 16:39:44 [32mD:/works/edulinker_v2/backend/internal/database/database.go:72
[0m[33m[0.506ms] [34;1m[rows:0][0m SELECT description FROM pg_catalog.pg_description WHERE objsubid = (SELECT ordinal_position FROM information_schema.columns WHERE table_schema = CURRENT_SCHEMA() AND table_name = 'ai_analysis_logs' AND column_name = 'created_at') AND objoid = (SELECT oid FROM pg_catalog.pg_class WHERE relname = 'ai_analysis_logs' AND relnamespace = (SELECT oid FROM pg_catalog.pg_namespace WHERE nspname = CURRENT_SCHEMA()))

2026/03/25 16:39:44 [32mD:/works/edulinker_v2/backend/internal/database/database.go:72
[0m[33m[0.000ms] [34;1m[rows:0][0m SELECT description FROM pg_catalog.pg_description WHERE objsubid = (SELECT ordinal_position FROM information_schema.columns WHERE table_schema = CURRENT_SCHEMA() AND table_name = 'ai_analysis_logs' AND column_name = 'updated_at') AND objoid = (SELECT oid FROM pg_catalog.pg_class WHERE relname = 'ai_analysis_logs' AND relnamespace = (SELECT oid FROM pg_catalog.pg_namespace WHERE nspname = CURRENT_SCHEMA()))

2026/03/25 16:39:44 [32mD:/works/edulinker_v2/backend/internal/database/database.go:72
[0m[33m[0.000ms] [34;1m[rows:0][0m SELECT description FROM pg_catalog.pg_description WHERE objsubid = (SELECT ordinal_position FROM information_schema.columns WHERE table_schema = CURRENT_SCHEMA() AND table_name = 'ai_analysis_logs' AND column_name = 'deleted_at') AND objoid = (SELECT oid FROM pg_catalog.pg_class WHERE relname = 'ai_analysis_logs' AND relnamespace = (SELECT oid FROM pg_catalog.pg_namespace WHERE nspname = CURRENT_SCHEMA()))

2026/03/25 16:39:44 [32mD:/works/edulinker_v2/backend/internal/database/database.go:72
[0m[33m[0.000ms] [34;1m[rows:1][0m SELECT count(*) FROM INFORMATION_SCHEMA.table_constraints WHERE table_schema = CURRENT_SCHEMA() AND table_name = 'ai_analysis_logs' AND constraint_name = 'fk_ai_analysis_logs_teacher'

2026/03/25 16:39:44 [32mD:/works/edulinker_v2/backend/internal/database/database.go:72
[0m[33m[0.523ms] [34;1m[rows:1][0m SELECT count(*) FROM INFORMATION_SCHEMA.table_constraints WHERE table_schema = CURRENT_SCHEMA() AND table_name = 'ai_analysis_logs' AND constraint_name = 'fk_ai_analysis_logs_student'

2026/03/25 16:39:44 [32mD:/works/edulinker_v2/backend/internal/database/database.go:72
[0m[33m[0.000ms] [34;1m[rows:1][0m SELECT count(*) FROM pg_indexes WHERE tablename = 'ai_analysis_logs' AND indexname = 'idx_ai_analysis_logs_school_id' AND schemaname = CURRENT_SCHEMA()

2026/03/25 16:39:44 [32mD:/works/edulinker_v2/backend/internal/database/database.go:72
[0m[33m[0.000ms] [34;1m[rows:1][0m SELECT count(*) FROM pg_indexes WHERE tablename = 'ai_analysis_logs' AND indexname = 'idx_ai_analysis_logs_deleted_at' AND schemaname = CURRENT_SCHEMA()

2026/03/25 16:39:44 [32mD:/works/edulinker_v2/backend/internal/database/database.go:72
[0m[33m[0.000ms] [34;1m[rows:1][0m SELECT count(*) FROM information_schema.tables WHERE table_schema = CURRENT_SCHEMA() AND table_name = 'weekly_study_plans' AND table_type = 'BASE TABLE'

2026/03/25 16:39:44 [32mD:/works/edulinker_v2/backend/internal/database/database.go:72
[0m[33m[0.000ms] [34;1m[rows:1][0m SELECT CURRENT_DATABASE()

2026/03/25 16:39:44 [32mD:/works/edulinker_v2/backend/internal/database/database.go:72
[0m[33m[0.518ms] [34;1m[rows:-][0m SELECT c.column_name, c.is_nullable = 'YES', c.udt_name, c.character_maximum_length, c.numeric_precision, c.numeric_precision_radix, c.numeric_scale, c.datetime_precision, 8 * typlen, c.column_default, pd.description, c.identity_increment FROM information_schema.columns AS c JOIN pg_type AS pgt ON c.udt_name = pgt.typname LEFT JOIN pg_catalog.pg_description as pd ON pd.objsubid = c.ordinal_position AND pd.objoid = (SELECT oid FROM pg_catalog.pg_class WHERE relname = c.table_name AND relnamespace = (SELECT oid FROM pg_catalog.pg_namespace WHERE nspname = c.table_schema)) where table_catalog = 'edulinker' AND table_schema = CURRENT_SCHEMA() AND table_name = 'weekly_study_plans'

2026/03/25 16:39:44 [32mD:/works/edulinker_v2/backend/internal/database/database.go:72
[0m[33m[0.000ms] [34;1m[rows:-][0m SELECT * FROM "weekly_study_plans" LIMIT 5

2026/03/25 16:39:44 [32mD:/works/edulinker_v2/backend/internal/database/database.go:72
[0m[33m[0.000ms] [34;1m[rows:-][0m SELECT constraint_name FROM information_schema.table_constraints tc JOIN information_schema.constraint_column_usage AS ccu USING (constraint_schema, constraint_catalog, table_name, constraint_name) JOIN information_schema.columns AS c ON c.table_schema = tc.constraint_schema AND tc.table_name = c.table_name AND ccu.column_name = c.column_name WHERE constraint_type IN ('PRIMARY KEY', 'UNIQUE') AND c.table_catalog = 'edulinker' AND c.table_schema = CURRENT_SCHEMA() AND c.table_name = 'weekly_study_plans' AND constraint_type = 'UNIQUE'

2026/03/25 16:39:44 [32mD:/works/edulinker_v2/backend/internal/database/database.go:72
[0m[33m[0.507ms] [34;1m[rows:-][0m SELECT c.column_name, constraint_name, constraint_type FROM information_schema.table_constraints tc JOIN information_schema.constraint_column_usage AS ccu USING (constraint_schema, constraint_catalog, table_name, constraint_name) JOIN information_schema.columns AS c ON c.table_schema = tc.constraint_schema AND tc.table_name = c.table_name AND ccu.column_name = c.column_name WHERE constraint_type IN ('PRIMARY KEY', 'UNIQUE') AND c.table_catalog = 'edulinker' AND c.table_schema = CURRENT_SCHEMA() AND c.table_name = 'weekly_study_plans'

2026/03/25 16:39:44 [32mD:/works/edulinker_v2/backend/internal/database/database.go:72
[0m[33m[0.000ms] [34;1m[rows:-][0m SELECT a.attname as column_name, format_type(a.atttypid, a.atttypmod) AS data_type
		FROM pg_attribute a JOIN pg_class b ON a.attrelid = b.oid AND relnamespace = (SELECT oid FROM pg_catalog.pg_namespace WHERE nspname = CURRENT_SCHEMA())
		WHERE a.attnum > 0 -- hide internal columns
		AND NOT a.attisdropped -- hide deleted columns
		AND b.relname = 'weekly_study_plans'

2026/03/25 16:39:44 [32mD:/works/edulinker_v2/backend/internal/database/database.go:72
[0m[33m[0.000ms] [34;1m[rows:0][0m SELECT description FROM pg_catalog.pg_description WHERE objsubid = (SELECT ordinal_position FROM information_schema.columns WHERE table_schema = CURRENT_SCHEMA() AND table_name = 'weekly_study_plans' AND column_name = 'id') AND objoid = (SELECT oid FROM pg_catalog.pg_class WHERE relname = 'weekly_study_plans' AND relnamespace = (SELECT oid FROM pg_catalog.pg_namespace WHERE nspname = CURRENT_SCHEMA()))

2026/03/25 16:39:44 [32mD:/works/edulinker_v2/backend/internal/database/database.go:72
[0m[33m[0.552ms] [34;1m[rows:0][0m SELECT description FROM pg_catalog.pg_description WHERE objsubid = (SELECT ordinal_position FROM information_schema.columns WHERE table_schema = CURRENT_SCHEMA() AND table_name = 'weekly_study_plans' AND column_name = 'school_id') AND objoid = (SELECT oid FROM pg_catalog.pg_class WHERE relname = 'weekly_study_plans' AND relnamespace = (SELECT oid FROM pg_catalog.pg_namespace WHERE nspname = CURRENT_SCHEMA()))

2026/03/25 16:39:44 [32mD:/works/edulinker_v2/backend/internal/database/database.go:72
[0m[33m[0.000ms] [34;1m[rows:0][0m SELECT description FROM pg_catalog.pg_description WHERE objsubid = (SELECT ordinal_position FROM information_schema.columns WHERE table_schema = CURRENT_SCHEMA() AND table_name = 'weekly_study_plans' AND column_name = 'teacher_id') AND objoid = (SELECT oid FROM pg_catalog.pg_class WHERE relname = 'weekly_study_plans' AND relnamespace = (SELECT oid FROM pg_catalog.pg_namespace WHERE nspname = CURRENT_SCHEMA()))

2026/03/25 16:39:44 [32mD:/works/edulinker_v2/backend/internal/database/database.go:72
[0m[33m[0.000ms] [34;1m[rows:0][0m SELECT description FROM pg_catalog.pg_description WHERE objsubid = (SELECT ordinal_position FROM information_schema.columns WHERE table_schema = CURRENT_SCHEMA() AND table_name = 'weekly_study_plans' AND column_name = 'week_start') AND objoid = (SELECT oid FROM pg_catalog.pg_class WHERE relname = 'weekly_study_plans' AND relnamespace = (SELECT oid FROM pg_catalog.pg_namespace WHERE nspname = CURRENT_SCHEMA()))

2026/03/25 16:39:44 [32mD:/works/edulinker_v2/backend/internal/database/database.go:72
[0m[33m[0.565ms] [34;1m[rows:0][0m SELECT description FROM pg_catalog.pg_description WHERE objsubid = (SELECT ordinal_position FROM information_schema.columns WHERE table_schema = CURRENT_SCHEMA() AND table_name = 'weekly_study_plans' AND column_name = 'week_end') AND objoid = (SELECT oid FROM pg_catalog.pg_class WHERE relname = 'weekly_study_plans' AND relnamespace = (SELECT oid FROM pg_catalog.pg_namespace WHERE nspname = CURRENT_SCHEMA()))

2026/03/25 16:39:44 [32mD:/works/edulinker_v2/backend/internal/database/database.go:72
[0m[33m[0.000ms] [34;1m[rows:0][0m SELECT description FROM pg_catalog.pg_description WHERE objsubid = (SELECT ordinal_position FROM information_schema.columns WHERE table_schema = CURRENT_SCHEMA() AND table_name = 'weekly_study_plans' AND column_name = 'title') AND objoid = (SELECT oid FROM pg_catalog.pg_class WHERE relname = 'weekly_study_plans' AND relnamespace = (SELECT oid FROM pg_catalog.pg_namespace WHERE nspname = CURRENT_SCHEMA()))

2026/03/25 16:39:44 [32mD:/works/edulinker_v2/backend/internal/database/database.go:72
[0m[33m[0.000ms] [34;1m[rows:0][0m SELECT description FROM pg_catalog.pg_description WHERE objsubid = (SELECT ordinal_position FROM information_schema.columns WHERE table_schema = CURRENT_SCHEMA() AND table_name = 'weekly_study_plans' AND column_name = 'content') AND objoid = (SELECT oid FROM pg_catalog.pg_class WHERE relname = 'weekly_study_plans' AND relnamespace = (SELECT oid FROM pg_catalog.pg_namespace WHERE nspname = CURRENT_SCHEMA()))

2026/03/25 16:39:44 [32mD:/works/edulinker_v2/backend/internal/database/database.go:72
[0m[33m[0.000ms] [34;1m[rows:0][0m SELECT description FROM pg_catalog.pg_description WHERE objsubid = (SELECT ordinal_position FROM information_schema.columns WHERE table_schema = CURRENT_SCHEMA() AND table_name = 'weekly_study_plans' AND column_name = 'created_at') AND objoid = (SELECT oid FROM pg_catalog.pg_class WHERE relname = 'weekly_study_plans' AND relnamespace = (SELECT oid FROM pg_catalog.pg_namespace WHERE nspname = CURRENT_SCHEMA()))

2026/03/25 16:39:44 [32mD:/works/edulinker_v2/backend/internal/database/database.go:72
[0m[33m[0.000ms] [34;1m[rows:0][0m SELECT description FROM pg_catalog.pg_description WHERE objsubid = (SELECT ordinal_position FROM information_schema.columns WHERE table_schema = CURRENT_SCHEMA() AND table_name = 'weekly_study_plans' AND column_name = 'updated_at') AND objoid = (SELECT oid FROM pg_catalog.pg_class WHERE relname = 'weekly_study_plans' AND relnamespace = (SELECT oid FROM pg_catalog.pg_namespace WHERE nspname = CURRENT_SCHEMA()))

2026/03/25 16:39:44 [32mD:/works/edulinker_v2/backend/internal/database/database.go:72
[0m[33m[0.000ms] [34;1m[rows:0][0m SELECT description FROM pg_catalog.pg_description WHERE objsubid = (SELECT ordinal_position FROM information_schema.columns WHERE table_schema = CURRENT_SCHEMA() AND table_name = 'weekly_study_plans' AND column_name = 'deleted_at') AND objoid = (SELECT oid FROM pg_catalog.pg_class WHERE relname = 'weekly_study_plans' AND relnamespace = (SELECT oid FROM pg_catalog.pg_namespace WHERE nspname = CURRENT_SCHEMA()))

2026/03/25 16:39:44 [32mD:/works/edulinker_v2/backend/internal/database/database.go:72
[0m[33m[0.509ms] [34;1m[rows:1][0m SELECT count(*) FROM INFORMATION_SCHEMA.table_constraints WHERE table_schema = CURRENT_SCHEMA() AND table_name = 'weekly_study_plans' AND constraint_name = 'fk_weekly_study_plans_teacher'

2026/03/25 16:39:44 [32mD:/works/edulinker_v2/backend/internal/database/database.go:72
[0m[33m[0.000ms] [34;1m[rows:1][0m SELECT count(*) FROM pg_indexes WHERE tablename = 'weekly_study_plans' AND indexname = 'idx_weekly_study_plans_school_id' AND schemaname = CURRENT_SCHEMA()

2026/03/25 16:39:44 [32mD:/works/edulinker_v2/backend/internal/database/database.go:72
[0m[33m[0.000ms] [34;1m[rows:1][0m SELECT count(*) FROM pg_indexes WHERE tablename = 'weekly_study_plans' AND indexname = 'idx_weekly_study_plans_deleted_at' AND schemaname = CURRENT_SCHEMA()

2026/03/25 16:39:44 [32mD:/works/edulinker_v2/backend/internal/database/database.go:72
[0m[33m[0.000ms] [34;1m[rows:1][0m SELECT count(*) FROM information_schema.tables WHERE table_schema = CURRENT_SCHEMA() AND table_name = 'evaluation_records' AND table_type = 'BASE TABLE'

2026/03/25 16:39:44 [32mD:/works/edulinker_v2/backend/internal/database/database.go:72
[0m[33m[0.000ms] [34;1m[rows:1][0m SELECT CURRENT_DATABASE()

2026/03/25 16:39:44 [32mD:/works/edulinker_v2/backend/internal/database/database.go:72
[0m[33m[0.523ms] [34;1m[rows:-][0m SELECT c.column_name, c.is_nullable = 'YES', c.udt_name, c.character_maximum_length, c.numeric_precision, c.numeric_precision_radix, c.numeric_scale, c.datetime_precision, 8 * typlen, c.column_default, pd.description, c.identity_increment FROM information_schema.columns AS c JOIN pg_type AS pgt ON c.udt_name = pgt.typname LEFT JOIN pg_catalog.pg_description as pd ON pd.objsubid = c.ordinal_position AND pd.objoid = (SELECT oid FROM pg_catalog.pg_class WHERE relname = c.table_name AND relnamespace = (SELECT oid FROM pg_catalog.pg_namespace WHERE nspname = c.table_schema)) where table_catalog = 'edulinker' AND table_schema = CURRENT_SCHEMA() AND table_name = 'evaluation_records'

2026/03/25 16:39:44 [32mD:/works/edulinker_v2/backend/internal/database/database.go:72
[0m[33m[0.523ms] [34;1m[rows:-][0m SELECT * FROM "evaluation_records" LIMIT 5

2026/03/25 16:39:44 [32mD:/works/edulinker_v2/backend/internal/database/database.go:72
[0m[33m[0.527ms] [34;1m[rows:-][0m SELECT constraint_name FROM information_schema.table_constraints tc JOIN information_schema.constraint_column_usage AS ccu USING (constraint_schema, constraint_catalog, table_name, constraint_name) JOIN information_schema.columns AS c ON c.table_schema = tc.constraint_schema AND tc.table_name = c.table_name AND ccu.column_name = c.column_name WHERE constraint_type IN ('PRIMARY KEY', 'UNIQUE') AND c.table_catalog = 'edulinker' AND c.table_schema = CURRENT_SCHEMA() AND c.table_name = 'evaluation_records' AND constraint_type = 'UNIQUE'

2026/03/25 16:39:44 [32mD:/works/edulinker_v2/backend/internal/database/database.go:72
[0m[33m[0.527ms] [34;1m[rows:-][0m SELECT c.column_name, constraint_name, constraint_type FROM information_schema.table_constraints tc JOIN information_schema.constraint_column_usage AS ccu USING (constraint_schema, constraint_catalog, table_name, constraint_name) JOIN information_schema.columns AS c ON c.table_schema = tc.constraint_schema AND tc.table_name = c.table_name AND ccu.column_name = c.column_name WHERE constraint_type IN ('PRIMARY KEY', 'UNIQUE') AND c.table_catalog = 'edulinker' AND c.table_schema = CURRENT_SCHEMA() AND c.table_name = 'evaluation_records'

2026/03/25 16:39:44 [32mD:/works/edulinker_v2/backend/internal/database/database.go:72
[0m[33m[0.000ms] [34;1m[rows:-][0m SELECT a.attname as column_name, format_type(a.atttypid, a.atttypmod) AS data_type
		FROM pg_attribute a JOIN pg_class b ON a.attrelid = b.oid AND relnamespace = (SELECT oid FROM pg_catalog.pg_namespace WHERE nspname = CURRENT_SCHEMA())
		WHERE a.attnum > 0 -- hide internal columns
		AND NOT a.attisdropped -- hide deleted columns
		AND b.relname = 'evaluation_records'

2026/03/25 16:39:44 [32mD:/works/edulinker_v2/backend/internal/database/database.go:72
[0m[33m[0.000ms] [34;1m[rows:0][0m SELECT description FROM pg_catalog.pg_description WHERE objsubid = (SELECT ordinal_position FROM information_schema.columns WHERE table_schema = CURRENT_SCHEMA() AND table_name = 'evaluation_records' AND column_name = 'id') AND objoid = (SELECT oid FROM pg_catalog.pg_class WHERE relname = 'evaluation_records' AND relnamespace = (SELECT oid FROM pg_catalog.pg_namespace WHERE nspname = CURRENT_SCHEMA()))

2026/03/25 16:39:44 [32mD:/works/edulinker_v2/backend/internal/database/database.go:72
[0m[33m[0.000ms] [34;1m[rows:0][0m SELECT description FROM pg_catalog.pg_description WHERE objsubid = (SELECT ordinal_position FROM information_schema.columns WHERE table_schema = CURRENT_SCHEMA() AND table_name = 'evaluation_records' AND column_name = 'school_id') AND objoid = (SELECT oid FROM pg_catalog.pg_class WHERE relname = 'evaluation_records' AND relnamespace = (SELECT oid FROM pg_catalog.pg_namespace WHERE nspname = CURRENT_SCHEMA()))

2026/03/25 16:39:44 [32mD:/works/edulinker_v2/backend/internal/database/database.go:72
[0m[33m[0.513ms] [34;1m[rows:0][0m SELECT description FROM pg_catalog.pg_description WHERE objsubid = (SELECT ordinal_position FROM information_schema.columns WHERE table_schema = CURRENT_SCHEMA() AND table_name = 'evaluation_records' AND column_name = 'teacher_id') AND objoid = (SELECT oid FROM pg_catalog.pg_class WHERE relname = 'evaluation_records' AND relnamespace = (SELECT oid FROM pg_catalog.pg_namespace WHERE nspname = CURRENT_SCHEMA()))

2026/03/25 16:39:44 [32mD:/works/edulinker_v2/backend/internal/database/database.go:72
[0m[33m[0.000ms] [34;1m[rows:0][0m SELECT description FROM pg_catalog.pg_description WHERE objsubid = (SELECT ordinal_position FROM information_schema.columns WHERE table_schema = CURRENT_SCHEMA() AND table_name = 'evaluation_records' AND column_name = 'student_id') AND objoid = (SELECT oid FROM pg_catalog.pg_class WHERE relname = 'evaluation_records' AND relnamespace = (SELECT oid FROM pg_catalog.pg_namespace WHERE nspname = CURRENT_SCHEMA()))

2026/03/25 16:39:44 [32mD:/works/edulinker_v2/backend/internal/database/database.go:72
[0m[33m[0.000ms] [34;1m[rows:0][0m SELECT description FROM pg_catalog.pg_description WHERE objsubid = (SELECT ordinal_position FROM information_schema.columns WHERE table_schema = CURRENT_SCHEMA() AND table_name = 'evaluation_records' AND column_name = 'subject') AND objoid = (SELECT oid FROM pg_catalog.pg_class WHERE relname = 'evaluation_records' AND relnamespace = (SELECT oid FROM pg_catalog.pg_namespace WHERE nspname = CURRENT_SCHEMA()))

2026/03/25 16:39:44 [32mD:/works/edulinker_v2/backend/internal/database/database.go:72
[0m[33m[0.000ms] [34;1m[rows:0][0m SELECT description FROM pg_catalog.pg_description WHERE objsubid = (SELECT ordinal_position FROM information_schema.columns WHERE table_schema = CURRENT_SCHEMA() AND table_name = 'evaluation_records' AND column_name = 'evaluation_type') AND objoid = (SELECT oid FROM pg_catalog.pg_class WHERE relname = 'evaluation_records' AND relnamespace = (SELECT oid FROM pg_catalog.pg_namespace WHERE nspname = CURRENT_SCHEMA()))

2026/03/25 16:39:44 [32mD:/works/edulinker_v2/backend/internal/database/database.go:72
[0m[33m[0.631ms] [34;1m[rows:0][0m SELECT description FROM pg_catalog.pg_description WHERE objsubid = (SELECT ordinal_position FROM information_schema.columns WHERE table_schema = CURRENT_SCHEMA() AND table_name = 'evaluation_records' AND column_name = 'score') AND objoid = (SELECT oid FROM pg_catalog.pg_class WHERE relname = 'evaluation_records' AND relnamespace = (SELECT oid FROM pg_catalog.pg_namespace WHERE nspname = CURRENT_SCHEMA()))

2026/03/25 16:39:44 [32mD:/works/edulinker_v2/backend/internal/database/database.go:72
[0m[33m[0.000ms] [34;1m[rows:0][0m SELECT description FROM pg_catalog.pg_description WHERE objsubid = (SELECT ordinal_position FROM information_schema.columns WHERE table_schema = CURRENT_SCHEMA() AND table_name = 'evaluation_records' AND column_name = 'feedback') AND objoid = (SELECT oid FROM pg_catalog.pg_class WHERE relname = 'evaluation_records' AND relnamespace = (SELECT oid FROM pg_catalog.pg_namespace WHERE nspname = CURRENT_SCHEMA()))

2026/03/25 16:39:44 [32mD:/works/edulinker_v2/backend/internal/database/database.go:72
[0m[33m[0.000ms] [34;1m[rows:0][0m SELECT description FROM pg_catalog.pg_description WHERE objsubid = (SELECT ordinal_position FROM information_schema.columns WHERE table_schema = CURRENT_SCHEMA() AND table_name = 'evaluation_records' AND column_name = 'created_at') AND objoid = (SELECT oid FROM pg_catalog.pg_class WHERE relname = 'evaluation_records' AND relnamespace = (SELECT oid FROM pg_catalog.pg_namespace WHERE nspname = CURRENT_SCHEMA()))

2026/03/25 16:39:44 [32mD:/works/edulinker_v2/backend/internal/database/database.go:72
[0m[33m[0.507ms] [34;1m[rows:0][0m SELECT description FROM pg_catalog.pg_description WHERE objsubid = (SELECT ordinal_position FROM information_schema.columns WHERE table_schema = CURRENT_SCHEMA() AND table_name = 'evaluation_records' AND column_name = 'updated_at') AND objoid = (SELECT oid FROM pg_catalog.pg_class WHERE relname = 'evaluation_records' AND relnamespace = (SELECT oid FROM pg_catalog.pg_namespace WHERE nspname = CURRENT_SCHEMA()))

2026/03/25 16:39:44 [32mD:/works/edulinker_v2/backend/internal/database/database.go:72
[0m[33m[0.000ms] [34;1m[rows:1][0m SELECT count(*) FROM INFORMATION_SCHEMA.table_constraints WHERE table_schema = CURRENT_SCHEMA() AND table_name = 'evaluation_records' AND constraint_name = 'fk_evaluation_records_teacher'

2026/03/25 16:39:44 [32mD:/works/edulinker_v2/backend/internal/database/database.go:72
[0m[33m[0.000ms] [34;1m[rows:1][0m SELECT count(*) FROM INFORMATION_SCHEMA.table_constraints WHERE table_schema = CURRENT_SCHEMA() AND table_name = 'evaluation_records' AND constraint_name = 'fk_evaluation_records_student'

2026/03/25 16:39:44 [32mD:/works/edulinker_v2/backend/internal/database/database.go:72
[0m[33m[0.000ms] [34;1m[rows:1][0m SELECT count(*) FROM pg_indexes WHERE tablename = 'evaluation_records' AND indexname = 'idx_evaluation_records_school_id' AND schemaname = CURRENT_SCHEMA()

2026/03/25 16:39:44 [32mD:/works/edulinker_v2/backend/internal/database/database.go:72
[0m[33m[0.522ms] [34;1m[rows:1][0m SELECT count(*) FROM information_schema.tables WHERE table_schema = CURRENT_SCHEMA() AND table_name = 'school_votings' AND table_type = 'BASE TABLE'

2026/03/25 16:39:44 [32mD:/works/edulinker_v2/backend/internal/database/database.go:72
[0m[33m[0.000ms] [34;1m[rows:1][0m SELECT CURRENT_DATABASE()

2026/03/25 16:39:44 [32mD:/works/edulinker_v2/backend/internal/database/database.go:72
[0m[33m[0.000ms] [34;1m[rows:-][0m SELECT c.column_name, c.is_nullable = 'YES', c.udt_name, c.character_maximum_length, c.numeric_precision, c.numeric_precision_radix, c.numeric_scale, c.datetime_precision, 8 * typlen, c.column_default, pd.description, c.identity_increment FROM information_schema.columns AS c JOIN pg_type AS pgt ON c.udt_name = pgt.typname LEFT JOIN pg_catalog.pg_description as pd ON pd.objsubid = c.ordinal_position AND pd.objoid = (SELECT oid FROM pg_catalog.pg_class WHERE relname = c.table_name AND relnamespace = (SELECT oid FROM pg_catalog.pg_namespace WHERE nspname = c.table_schema)) where table_catalog = 'edulinker' AND table_schema = CURRENT_SCHEMA() AND table_name = 'school_votings'

2026/03/25 16:39:44 [32mD:/works/edulinker_v2/backend/internal/database/database.go:72
[0m[33m[0.513ms] [34;1m[rows:-][0m SELECT * FROM "school_votings" LIMIT 5

2026/03/25 16:39:44 [32mD:/works/edulinker_v2/backend/internal/database/database.go:72
[0m[33m[0.000ms] [34;1m[rows:-][0m SELECT constraint_name FROM information_schema.table_constraints tc JOIN information_schema.constraint_column_usage AS ccu USING (constraint_schema, constraint_catalog, table_name, constraint_name) JOIN information_schema.columns AS c ON c.table_schema = tc.constraint_schema AND tc.table_name = c.table_name AND ccu.column_name = c.column_name WHERE constraint_type IN ('PRIMARY KEY', 'UNIQUE') AND c.table_catalog = 'edulinker' AND c.table_schema = CURRENT_SCHEMA() AND c.table_name = 'school_votings' AND constraint_type = 'UNIQUE'

2026/03/25 16:39:44 [32mD:/works/edulinker_v2/backend/internal/database/database.go:72
[0m[33m[0.509ms] [34;1m[rows:-][0m SELECT c.column_name, constraint_name, constraint_type FROM information_schema.table_constraints tc JOIN information_schema.constraint_column_usage AS ccu USING (constraint_schema, constraint_catalog, table_name, constraint_name) JOIN information_schema.columns AS c ON c.table_schema = tc.constraint_schema AND tc.table_name = c.table_name AND ccu.column_name = c.column_name WHERE constraint_type IN ('PRIMARY KEY', 'UNIQUE') AND c.table_catalog = 'edulinker' AND c.table_schema = CURRENT_SCHEMA() AND c.table_name = 'school_votings'

2026/03/25 16:39:44 [32mD:/works/edulinker_v2/backend/internal/database/database.go:72
[0m[33m[0.517ms] [34;1m[rows:-][0m SELECT a.attname as column_name, format_type(a.atttypid, a.atttypmod) AS data_type
		FROM pg_attribute a JOIN pg_class b ON a.attrelid = b.oid AND relnamespace = (SELECT oid FROM pg_catalog.pg_namespace WHERE nspname = CURRENT_SCHEMA())
		WHERE a.attnum > 0 -- hide internal columns
		AND NOT a.attisdropped -- hide deleted columns
		AND b.relname = 'school_votings'

2026/03/25 16:39:44 [32mD:/works/edulinker_v2/backend/internal/database/database.go:72
[0m[33m[0.000ms] [34;1m[rows:0][0m SELECT description FROM pg_catalog.pg_description WHERE objsubid = (SELECT ordinal_position FROM information_schema.columns WHERE table_schema = CURRENT_SCHEMA() AND table_name = 'school_votings' AND column_name = 'id') AND objoid = (SELECT oid FROM pg_catalog.pg_class WHERE relname = 'school_votings' AND relnamespace = (SELECT oid FROM pg_catalog.pg_namespace WHERE nspname = CURRENT_SCHEMA()))

2026/03/25 16:39:44 [32mD:/works/edulinker_v2/backend/internal/database/database.go:72
[0m[33m[0.000ms] [34;1m[rows:0][0m SELECT description FROM pg_catalog.pg_description WHERE objsubid = (SELECT ordinal_position FROM information_schema.columns WHERE table_schema = CURRENT_SCHEMA() AND table_name = 'school_votings' AND column_name = 'school_id') AND objoid = (SELECT oid FROM pg_catalog.pg_class WHERE relname = 'school_votings' AND relnamespace = (SELECT oid FROM pg_catalog.pg_namespace WHERE nspname = CURRENT_SCHEMA()))

2026/03/25 16:39:44 [32mD:/works/edulinker_v2/backend/internal/database/database.go:72
[0m[33m[0.000ms] [34;1m[rows:0][0m SELECT description FROM pg_catalog.pg_description WHERE objsubid = (SELECT ordinal_position FROM information_schema.columns WHERE table_schema = CURRENT_SCHEMA() AND table_name = 'school_votings' AND column_name = 'author_id') AND objoid = (SELECT oid FROM pg_catalog.pg_class WHERE relname = 'school_votings' AND relnamespace = (SELECT oid FROM pg_catalog.pg_namespace WHERE nspname = CURRENT_SCHEMA()))

2026/03/25 16:39:44 [32mD:/works/edulinker_v2/backend/internal/database/database.go:72
[0m[33m[0.000ms] [34;1m[rows:0][0m SELECT description FROM pg_catalog.pg_description WHERE objsubid = (SELECT ordinal_position FROM information_schema.columns WHERE table_schema = CURRENT_SCHEMA() AND table_name = 'school_votings' AND column_name = 'title') AND objoid = (SELECT oid FROM pg_catalog.pg_class WHERE relname = 'school_votings' AND relnamespace = (SELECT oid FROM pg_catalog.pg_namespace WHERE nspname = CURRENT_SCHEMA()))

2026/03/25 16:39:44 [32mD:/works/edulinker_v2/backend/internal/database/database.go:72
[0m[33m[0.000ms] [34;1m[rows:0][0m SELECT description FROM pg_catalog.pg_description WHERE objsubid = (SELECT ordinal_position FROM information_schema.columns WHERE table_schema = CURRENT_SCHEMA() AND table_name = 'school_votings' AND column_name = 'content') AND objoid = (SELECT oid FROM pg_catalog.pg_class WHERE relname = 'school_votings' AND relnamespace = (SELECT oid FROM pg_catalog.pg_namespace WHERE nspname = CURRENT_SCHEMA()))

2026/03/25 16:39:44 [32mD:/works/edulinker_v2/backend/internal/database/database.go:72
[0m[33m[0.509ms] [34;1m[rows:0][0m SELECT description FROM pg_catalog.pg_description WHERE objsubid = (SELECT ordinal_position FROM information_schema.columns WHERE table_schema = CURRENT_SCHEMA() AND table_name = 'school_votings' AND column_name = 'options') AND objoid = (SELECT oid FROM pg_catalog.pg_class WHERE relname = 'school_votings' AND relnamespace = (SELECT oid FROM pg_catalog.pg_namespace WHERE nspname = CURRENT_SCHEMA()))

2026/03/25 16:39:44 [32mD:/works/edulinker_v2/backend/internal/database/database.go:72
[0m[33m[0.000ms] [34;1m[rows:0][0m SELECT description FROM pg_catalog.pg_description WHERE objsubid = (SELECT ordinal_position FROM information_schema.columns WHERE table_schema = CURRENT_SCHEMA() AND table_name = 'school_votings' AND column_name = 'ends_at') AND objoid = (SELECT oid FROM pg_catalog.pg_class WHERE relname = 'school_votings' AND relnamespace = (SELECT oid FROM pg_catalog.pg_namespace WHERE nspname = CURRENT_SCHEMA()))

2026/03/25 16:39:44 [32mD:/works/edulinker_v2/backend/internal/database/database.go:72
[0m[33m[0.000ms] [34;1m[rows:0][0m SELECT description FROM pg_catalog.pg_description WHERE objsubid = (SELECT ordinal_position FROM information_schema.columns WHERE table_schema = CURRENT_SCHEMA() AND table_name = 'school_votings' AND column_name = 'created_at') AND objoid = (SELECT oid FROM pg_catalog.pg_class WHERE relname = 'school_votings' AND relnamespace = (SELECT oid FROM pg_catalog.pg_namespace WHERE nspname = CURRENT_SCHEMA()))

2026/03/25 16:39:44 [32mD:/works/edulinker_v2/backend/internal/database/database.go:72
[0m[33m[0.508ms] [34;1m[rows:0][0m SELECT description FROM pg_catalog.pg_description WHERE objsubid = (SELECT ordinal_position FROM information_schema.columns WHERE table_schema = CURRENT_SCHEMA() AND table_name = 'school_votings' AND column_name = 'updated_at') AND objoid = (SELECT oid FROM pg_catalog.pg_class WHERE relname = 'school_votings' AND relnamespace = (SELECT oid FROM pg_catalog.pg_namespace WHERE nspname = CURRENT_SCHEMA()))

2026/03/25 16:39:44 [32mD:/works/edulinker_v2/backend/internal/database/database.go:72
[0m[33m[0.000ms] [34;1m[rows:0][0m SELECT description FROM pg_catalog.pg_description WHERE objsubid = (SELECT ordinal_position FROM information_schema.columns WHERE table_schema = CURRENT_SCHEMA() AND table_name = 'school_votings' AND column_name = 'deleted_at') AND objoid = (SELECT oid FROM pg_catalog.pg_class WHERE relname = 'school_votings' AND relnamespace = (SELECT oid FROM pg_catalog.pg_namespace WHERE nspname = CURRENT_SCHEMA()))

2026/03/25 16:39:44 [32mD:/works/edulinker_v2/backend/internal/database/database.go:72
[0m[33m[0.000ms] [34;1m[rows:1][0m SELECT count(*) FROM INFORMATION_SCHEMA.table_constraints WHERE table_schema = CURRENT_SCHEMA() AND table_name = 'school_votings' AND constraint_name = 'fk_school_votings_author'

2026/03/25 16:39:44 [32mD:/works/edulinker_v2/backend/internal/database/database.go:72
[0m[33m[0.000ms] [34;1m[rows:1][0m SELECT count(*) FROM pg_indexes WHERE tablename = 'school_votings' AND indexname = 'idx_school_votings_school_id' AND schemaname = CURRENT_SCHEMA()

2026/03/25 16:39:44 [32mD:/works/edulinker_v2/backend/internal/database/database.go:72
[0m[33m[0.508ms] [34;1m[rows:1][0m SELECT count(*) FROM pg_indexes WHERE tablename = 'school_votings' AND indexname = 'idx_school_votings_deleted_at' AND schemaname = CURRENT_SCHEMA()

2026/03/25 16:39:44 [32mD:/works/edulinker_v2/backend/internal/database/database.go:72
[0m[33m[0.000ms] [34;1m[rows:1][0m SELECT count(*) FROM information_schema.tables WHERE table_schema = CURRENT_SCHEMA() AND table_name = 'event_records' AND table_type = 'BASE TABLE'

2026/03/25 16:39:44 [32mD:/works/edulinker_v2/backend/internal/database/database.go:72
[0m[33m[0.000ms] [34;1m[rows:1][0m SELECT CURRENT_DATABASE()

2026/03/25 16:39:44 [32mD:/works/edulinker_v2/backend/internal/database/database.go:72
[0m[33m[0.507ms] [34;1m[rows:-][0m SELECT c.column_name, c.is_nullable = 'YES', c.udt_name, c.character_maximum_length, c.numeric_precision, c.numeric_precision_radix, c.numeric_scale, c.datetime_precision, 8 * typlen, c.column_default, pd.description, c.identity_increment FROM information_schema.columns AS c JOIN pg_type AS pgt ON c.udt_name = pgt.typname LEFT JOIN pg_catalog.pg_description as pd ON pd.objsubid = c.ordinal_position AND pd.objoid = (SELECT oid FROM pg_catalog.pg_class WHERE relname = c.table_name AND relnamespace = (SELECT oid FROM pg_catalog.pg_namespace WHERE nspname = c.table_schema)) where table_catalog = 'edulinker' AND table_schema = CURRENT_SCHEMA() AND table_name = 'event_records'

2026/03/25 16:39:44 [32mD:/works/edulinker_v2/backend/internal/database/database.go:72
[0m[33m[0.514ms] [34;1m[rows:-][0m SELECT * FROM "event_records" LIMIT 5

2026/03/25 16:39:44 [32mD:/works/edulinker_v2/backend/internal/database/database.go:72
[0m[33m[0.000ms] [34;1m[rows:-][0m SELECT constraint_name FROM information_schema.table_constraints tc JOIN information_schema.constraint_column_usage AS ccu USING (constraint_schema, constraint_catalog, table_name, constraint_name) JOIN information_schema.columns AS c ON c.table_schema = tc.constraint_schema AND tc.table_name = c.table_name AND ccu.column_name = c.column_name WHERE constraint_type IN ('PRIMARY KEY', 'UNIQUE') AND c.table_catalog = 'edulinker' AND c.table_schema = CURRENT_SCHEMA() AND c.table_name = 'event_records' AND constraint_type = 'UNIQUE'

2026/03/25 16:39:44 [32mD:/works/edulinker_v2/backend/internal/database/database.go:72
[0m[33m[0.516ms] [34;1m[rows:-][0m SELECT c.column_name, constraint_name, constraint_type FROM information_schema.table_constraints tc JOIN information_schema.constraint_column_usage AS ccu USING (constraint_schema, constraint_catalog, table_name, constraint_name) JOIN information_schema.columns AS c ON c.table_schema = tc.constraint_schema AND tc.table_name = c.table_name AND ccu.column_name = c.column_name WHERE constraint_type IN ('PRIMARY KEY', 'UNIQUE') AND c.table_catalog = 'edulinker' AND c.table_schema = CURRENT_SCHEMA() AND c.table_name = 'event_records'

2026/03/25 16:39:44 [32mD:/works/edulinker_v2/backend/internal/database/database.go:72
[0m[33m[0.000ms] [34;1m[rows:-][0m SELECT a.attname as column_name, format_type(a.atttypid, a.atttypmod) AS data_type
		FROM pg_attribute a JOIN pg_class b ON a.attrelid = b.oid AND relnamespace = (SELECT oid FROM pg_catalog.pg_namespace WHERE nspname = CURRENT_SCHEMA())
		WHERE a.attnum > 0 -- hide internal columns
		AND NOT a.attisdropped -- hide deleted columns
		AND b.relname = 'event_records'

2026/03/25 16:39:44 [32mD:/works/edulinker_v2/backend/internal/database/database.go:72
[0m[33m[0.000ms] [34;1m[rows:0][0m SELECT description FROM pg_catalog.pg_description WHERE objsubid = (SELECT ordinal_position FROM information_schema.columns WHERE table_schema = CURRENT_SCHEMA() AND table_name = 'event_records' AND column_name = 'id') AND objoid = (SELECT oid FROM pg_catalog.pg_class WHERE relname = 'event_records' AND relnamespace = (SELECT oid FROM pg_catalog.pg_namespace WHERE nspname = CURRENT_SCHEMA()))

2026/03/25 16:39:44 [32mD:/works/edulinker_v2/backend/internal/database/database.go:72
[0m[33m[0.000ms] [34;1m[rows:0][0m SELECT description FROM pg_catalog.pg_description WHERE objsubid = (SELECT ordinal_position FROM information_schema.columns WHERE table_schema = CURRENT_SCHEMA() AND table_name = 'event_records' AND column_name = 'school_id') AND objoid = (SELECT oid FROM pg_catalog.pg_class WHERE relname = 'event_records' AND relnamespace = (SELECT oid FROM pg_catalog.pg_namespace WHERE nspname = CURRENT_SCHEMA()))

2026/03/25 16:39:44 [32mD:/works/edulinker_v2/backend/internal/database/database.go:72
[0m[33m[0.609ms] [34;1m[rows:0][0m SELECT description FROM pg_catalog.pg_description WHERE objsubid = (SELECT ordinal_position FROM information_schema.columns WHERE table_schema = CURRENT_SCHEMA() AND table_name = 'event_records' AND column_name = 'author_id') AND objoid = (SELECT oid FROM pg_catalog.pg_class WHERE relname = 'event_records' AND relnamespace = (SELECT oid FROM pg_catalog.pg_namespace WHERE nspname = CURRENT_SCHEMA()))

2026/03/25 16:39:44 [32mD:/works/edulinker_v2/backend/internal/database/database.go:72
[0m[33m[0.000ms] [34;1m[rows:0][0m SELECT description FROM pg_catalog.pg_description WHERE objsubid = (SELECT ordinal_position FROM information_schema.columns WHERE table_schema = CURRENT_SCHEMA() AND table_name = 'event_records' AND column_name = 'title') AND objoid = (SELECT oid FROM pg_catalog.pg_class WHERE relname = 'event_records' AND relnamespace = (SELECT oid FROM pg_catalog.pg_namespace WHERE nspname = CURRENT_SCHEMA()))

2026/03/25 16:39:44 [32mD:/works/edulinker_v2/backend/internal/database/database.go:72
[0m[33m[0.000ms] [34;1m[rows:0][0m SELECT description FROM pg_catalog.pg_description WHERE objsubid = (SELECT ordinal_position FROM information_schema.columns WHERE table_schema = CURRENT_SCHEMA() AND table_name = 'event_records' AND column_name = 'event_type') AND objoid = (SELECT oid FROM pg_catalog.pg_class WHERE relname = 'event_records' AND relnamespace = (SELECT oid FROM pg_catalog.pg_namespace WHERE nspname = CURRENT_SCHEMA()))

2026/03/25 16:39:44 [32mD:/works/edulinker_v2/backend/internal/database/database.go:72
[0m[33m[0.506ms] [34;1m[rows:0][0m SELECT description FROM pg_catalog.pg_description WHERE objsubid = (SELECT ordinal_position FROM information_schema.columns WHERE table_schema = CURRENT_SCHEMA() AND table_name = 'event_records' AND column_name = 'media_urls') AND objoid = (SELECT oid FROM pg_catalog.pg_class WHERE relname = 'event_records' AND relnamespace = (SELECT oid FROM pg_catalog.pg_namespace WHERE nspname = CURRENT_SCHEMA()))

2026/03/25 16:39:44 [32mD:/works/edulinker_v2/backend/internal/database/database.go:72
[0m[33m[0.000ms] [34;1m[rows:0][0m SELECT description FROM pg_catalog.pg_description WHERE objsubid = (SELECT ordinal_position FROM information_schema.columns WHERE table_schema = CURRENT_SCHEMA() AND table_name = 'event_records' AND column_name = 'created_at') AND objoid = (SELECT oid FROM pg_catalog.pg_class WHERE relname = 'event_records' AND relnamespace = (SELECT oid FROM pg_catalog.pg_namespace WHERE nspname = CURRENT_SCHEMA()))

2026/03/25 16:39:44 [32mD:/works/edulinker_v2/backend/internal/database/database.go:72
[0m[33m[0.000ms] [34;1m[rows:1][0m SELECT count(*) FROM INFORMATION_SCHEMA.table_constraints WHERE table_schema = CURRENT_SCHEMA() AND table_name = 'event_records' AND constraint_name = 'fk_event_records_author'

2026/03/25 16:39:44 [32mD:/works/edulinker_v2/backend/internal/database/database.go:72
[0m[33m[0.000ms] [34;1m[rows:1][0m SELECT count(*) FROM pg_indexes WHERE tablename = 'event_records' AND indexname = 'idx_event_records_school_id' AND schemaname = CURRENT_SCHEMA()

2026/03/25 16:39:44 [32mD:/works/edulinker_v2/backend/internal/database/database.go:72
[0m[33m[0.520ms] [34;1m[rows:1][0m SELECT count(*) FROM information_schema.tables WHERE table_schema = CURRENT_SCHEMA() AND table_name = 'parent_students' AND table_type = 'BASE TABLE'

2026/03/25 16:39:44 [32mD:/works/edulinker_v2/backend/internal/database/database.go:72
[0m[33m[0.000ms] [34;1m[rows:1][0m SELECT CURRENT_DATABASE()

2026/03/25 16:39:44 [32mD:/works/edulinker_v2/backend/internal/database/database.go:72
[0m[33m[0.000ms] [34;1m[rows:-][0m SELECT c.column_name, c.is_nullable = 'YES', c.udt_name, c.character_maximum_length, c.numeric_precision, c.numeric_precision_radix, c.numeric_scale, c.datetime_precision, 8 * typlen, c.column_default, pd.description, c.identity_increment FROM information_schema.columns AS c JOIN pg_type AS pgt ON c.udt_name = pgt.typname LEFT JOIN pg_catalog.pg_description as pd ON pd.objsubid = c.ordinal_position AND pd.objoid = (SELECT oid FROM pg_catalog.pg_class WHERE relname = c.table_name AND relnamespace = (SELECT oid FROM pg_catalog.pg_namespace WHERE nspname = c.table_schema)) where table_catalog = 'edulinker' AND table_schema = CURRENT_SCHEMA() AND table_name = 'parent_students'

2026/03/25 16:39:44 [32mD:/works/edulinker_v2/backend/internal/database/database.go:72
[0m[33m[1.022ms] [34;1m[rows:-][0m SELECT * FROM "parent_students" LIMIT 5

2026/03/25 16:39:44 [32mD:/works/edulinker_v2/backend/internal/database/database.go:72
[0m[33m[0.000ms] [34;1m[rows:-][0m SELECT constraint_name FROM information_schema.table_constraints tc JOIN information_schema.constraint_column_usage AS ccu USING (constraint_schema, constraint_catalog, table_name, constraint_name) JOIN information_schema.columns AS c ON c.table_schema = tc.constraint_schema AND tc.table_name = c.table_name AND ccu.column_name = c.column_name WHERE constraint_type IN ('PRIMARY KEY', 'UNIQUE') AND c.table_catalog = 'edulinker' AND c.table_schema = CURRENT_SCHEMA() AND c.table_name = 'parent_students' AND constraint_type = 'UNIQUE'

2026/03/25 16:39:44 [32mD:/works/edulinker_v2/backend/internal/database/database.go:72
[0m[33m[0.565ms] [34;1m[rows:-][0m SELECT c.column_name, constraint_name, constraint_type FROM information_schema.table_constraints tc JOIN information_schema.constraint_column_usage AS ccu USING (constraint_schema, constraint_catalog, table_name, constraint_name) JOIN information_schema.columns AS c ON c.table_schema = tc.constraint_schema AND tc.table_name = c.table_name AND ccu.column_name = c.column_name WHERE constraint_type IN ('PRIMARY KEY', 'UNIQUE') AND c.table_catalog = 'edulinker' AND c.table_schema = CURRENT_SCHEMA() AND c.table_name = 'parent_students'

2026/03/25 16:39:44 [32mD:/works/edulinker_v2/backend/internal/database/database.go:72
[0m[33m[0.000ms] [34;1m[rows:-][0m SELECT a.attname as column_name, format_type(a.atttypid, a.atttypmod) AS data_type
		FROM pg_attribute a JOIN pg_class b ON a.attrelid = b.oid AND relnamespace = (SELECT oid FROM pg_catalog.pg_namespace WHERE nspname = CURRENT_SCHEMA())
		WHERE a.attnum > 0 -- hide internal columns
		AND NOT a.attisdropped -- hide deleted columns
		AND b.relname = 'parent_students'

2026/03/25 16:39:44 [32mD:/works/edulinker_v2/backend/internal/database/database.go:72
[0m[33m[0.000ms] [34;1m[rows:0][0m SELECT description FROM pg_catalog.pg_description WHERE objsubid = (SELECT ordinal_position FROM information_schema.columns WHERE table_schema = CURRENT_SCHEMA() AND table_name = 'parent_students' AND column_name = 'id') AND objoid = (SELECT oid FROM pg_catalog.pg_class WHERE relname = 'parent_students' AND relnamespace = (SELECT oid FROM pg_catalog.pg_namespace WHERE nspname = CURRENT_SCHEMA()))

2026/03/25 16:39:44 [32mD:/works/edulinker_v2/backend/internal/database/database.go:72
[0m[33m[0.000ms] [34;1m[rows:0][0m SELECT description FROM pg_catalog.pg_description WHERE objsubid = (SELECT ordinal_position FROM information_schema.columns WHERE table_schema = CURRENT_SCHEMA() AND table_name = 'parent_students' AND column_name = 'parent_id') AND objoid = (SELECT oid FROM pg_catalog.pg_class WHERE relname = 'parent_students' AND relnamespace = (SELECT oid FROM pg_catalog.pg_namespace WHERE nspname = CURRENT_SCHEMA()))

2026/03/25 16:39:44 [32mD:/works/edulinker_v2/backend/internal/database/database.go:72
[0m[33m[0.522ms] [34;1m[rows:0][0m SELECT description FROM pg_catalog.pg_description WHERE objsubid = (SELECT ordinal_position FROM information_schema.columns WHERE table_schema = CURRENT_SCHEMA() AND table_name = 'parent_students' AND column_name = 'student_id') AND objoid = (SELECT oid FROM pg_catalog.pg_class WHERE relname = 'parent_students' AND relnamespace = (SELECT oid FROM pg_catalog.pg_namespace WHERE nspname = CURRENT_SCHEMA()))

2026/03/25 16:39:44 [32mD:/works/edulinker_v2/backend/internal/database/database.go:72
[0m[33m[0.000ms] [34;1m[rows:0][0m SELECT description FROM pg_catalog.pg_description WHERE objsubid = (SELECT ordinal_position FROM information_schema.columns WHERE table_schema = CURRENT_SCHEMA() AND table_name = 'parent_students' AND column_name = 'school_id') AND objoid = (SELECT oid FROM pg_catalog.pg_class WHERE relname = 'parent_students' AND relnamespace = (SELECT oid FROM pg_catalog.pg_namespace WHERE nspname = CURRENT_SCHEMA()))

2026/03/25 16:39:44 [32mD:/works/edulinker_v2/backend/internal/database/database.go:72
[0m[33m[0.000ms] [34;1m[rows:0][0m SELECT description FROM pg_catalog.pg_description WHERE objsubid = (SELECT ordinal_position FROM information_schema.columns WHERE table_schema = CURRENT_SCHEMA() AND table_name = 'parent_students' AND column_name = 'status') AND objoid = (SELECT oid FROM pg_catalog.pg_class WHERE relname = 'parent_students' AND relnamespace = (SELECT oid FROM pg_catalog.pg_namespace WHERE nspname = CURRENT_SCHEMA()))

2026/03/25 16:39:44 [32mD:/works/edulinker_v2/backend/internal/database/database.go:72
[0m[33m[0.000ms] [34;1m[rows:0][0m SELECT description FROM pg_catalog.pg_description WHERE objsubid = (SELECT ordinal_position FROM information_schema.columns WHERE table_schema = CURRENT_SCHEMA() AND table_name = 'parent_students' AND column_name = 'created_at') AND objoid = (SELECT oid FROM pg_catalog.pg_class WHERE relname = 'parent_students' AND relnamespace = (SELECT oid FROM pg_catalog.pg_namespace WHERE nspname = CURRENT_SCHEMA()))

2026/03/25 16:39:44 [32mD:/works/edulinker_v2/backend/internal/database/database.go:72
[0m[33m[0.000ms] [34;1m[rows:1][0m SELECT count(*) FROM INFORMATION_SCHEMA.table_constraints WHERE table_schema = CURRENT_SCHEMA() AND table_name = 'parent_students' AND constraint_name = 'fk_parent_students_parent'

2026/03/25 16:39:44 [32mD:/works/edulinker_v2/backend/internal/database/database.go:72
[0m[33m[0.000ms] [34;1m[rows:1][0m SELECT count(*) FROM INFORMATION_SCHEMA.table_constraints WHERE table_schema = CURRENT_SCHEMA() AND table_name = 'parent_students' AND constraint_name = 'fk_parent_students_student'

2026/03/25 16:39:44 [32mD:/works/edulinker_v2/backend/internal/database/database.go:72
[0m[33m[0.000ms] [34;1m[rows:1][0m SELECT count(*) FROM pg_indexes WHERE tablename = 'parent_students' AND indexname = 'idx_parent_students_parent_id' AND schemaname = CURRENT_SCHEMA()

2026/03/25 16:39:44 [32mD:/works/edulinker_v2/backend/internal/database/database.go:72
[0m[33m[0.508ms] [34;1m[rows:1][0m SELECT count(*) FROM pg_indexes WHERE tablename = 'parent_students' AND indexname = 'idx_parent_students_student_id' AND schemaname = CURRENT_SCHEMA()

2026/03/25 16:39:44 [32mD:/works/edulinker_v2/backend/internal/database/database.go:72
[0m[33m[0.000ms] [34;1m[rows:1][0m SELECT count(*) FROM pg_indexes WHERE tablename = 'parent_students' AND indexname = 'idx_parent_students_school_id' AND schemaname = CURRENT_SCHEMA()

2026/03/25 16:39:44 [32mD:/works/edulinker_v2/backend/internal/database/database.go:72
[0m[33m[0.000ms] [34;1m[rows:1][0m SELECT count(*) FROM information_schema.tables WHERE table_schema = CURRENT_SCHEMA() AND table_name = 'registered_devices' AND table_type = 'BASE TABLE'

2026/03/25 16:39:44 [32mD:/works/edulinker_v2/backend/internal/database/database.go:72
[0m[33m[0.000ms] [34;1m[rows:1][0m SELECT CURRENT_DATABASE()

2026/03/25 16:39:44 [32mD:/works/edulinker_v2/backend/internal/database/database.go:72
[0m[33m[0.511ms] [34;1m[rows:-][0m SELECT c.column_name, c.is_nullable = 'YES', c.udt_name, c.character_maximum_length, c.numeric_precision, c.numeric_precision_radix, c.numeric_scale, c.datetime_precision, 8 * typlen, c.column_default, pd.description, c.identity_increment FROM information_schema.columns AS c JOIN pg_type AS pgt ON c.udt_name = pgt.typname LEFT JOIN pg_catalog.pg_description as pd ON pd.objsubid = c.ordinal_position AND pd.objoid = (SELECT oid FROM pg_catalog.pg_class WHERE relname = c.table_name AND relnamespace = (SELECT oid FROM pg_catalog.pg_namespace WHERE nspname = c.table_schema)) where table_catalog = 'edulinker' AND table_schema = CURRENT_SCHEMA() AND table_name = 'registered_devices'

2026/03/25 16:39:44 [32mD:/works/edulinker_v2/backend/internal/database/database.go:72
[0m[33m[0.511ms] [34;1m[rows:-][0m SELECT * FROM "registered_devices" LIMIT 5

2026/03/25 16:39:44 [32mD:/works/edulinker_v2/backend/internal/database/database.go:72
[0m[33m[0.000ms] [34;1m[rows:-][0m SELECT constraint_name FROM information_schema.table_constraints tc JOIN information_schema.constraint_column_usage AS ccu USING (constraint_schema, constraint_catalog, table_name, constraint_name) JOIN information_schema.columns AS c ON c.table_schema = tc.constraint_schema AND tc.table_name = c.table_name AND ccu.column_name = c.column_name WHERE constraint_type IN ('PRIMARY KEY', 'UNIQUE') AND c.table_catalog = 'edulinker' AND c.table_schema = CURRENT_SCHEMA() AND c.table_name = 'registered_devices' AND constraint_type = 'UNIQUE'

2026/03/25 16:39:44 [32mD:/works/edulinker_v2/backend/internal/database/database.go:72
[0m[33m[0.519ms] [34;1m[rows:-][0m SELECT c.column_name, constraint_name, constraint_type FROM information_schema.table_constraints tc JOIN information_schema.constraint_column_usage AS ccu USING (constraint_schema, constraint_catalog, table_name, constraint_name) JOIN information_schema.columns AS c ON c.table_schema = tc.constraint_schema AND tc.table_name = c.table_name AND ccu.column_name = c.column_name WHERE constraint_type IN ('PRIMARY KEY', 'UNIQUE') AND c.table_catalog = 'edulinker' AND c.table_schema = CURRENT_SCHEMA() AND c.table_name = 'registered_devices'

2026/03/25 16:39:44 [32mD:/works/edulinker_v2/backend/internal/database/database.go:72
[0m[33m[0.000ms] [34;1m[rows:-][0m SELECT a.attname as column_name, format_type(a.atttypid, a.atttypmod) AS data_type
		FROM pg_attribute a JOIN pg_class b ON a.attrelid = b.oid AND relnamespace = (SELECT oid FROM pg_catalog.pg_namespace WHERE nspname = CURRENT_SCHEMA())
		WHERE a.attnum > 0 -- hide internal columns
		AND NOT a.attisdropped -- hide deleted columns
		AND b.relname = 'registered_devices'

2026/03/25 16:39:44 [32mD:/works/edulinker_v2/backend/internal/database/database.go:72
[0m[33m[0.521ms] [34;1m[rows:0][0m SELECT description FROM pg_catalog.pg_description WHERE objsubid = (SELECT ordinal_position FROM information_schema.columns WHERE table_schema = CURRENT_SCHEMA() AND table_name = 'registered_devices' AND column_name = 'id') AND objoid = (SELECT oid FROM pg_catalog.pg_class WHERE relname = 'registered_devices' AND relnamespace = (SELECT oid FROM pg_catalog.pg_namespace WHERE nspname = CURRENT_SCHEMA()))

2026/03/25 16:39:44 [32mD:/works/edulinker_v2/backend/internal/database/database.go:72
[0m[33m[0.000ms] [34;1m[rows:0][0m SELECT description FROM pg_catalog.pg_description WHERE objsubid = (SELECT ordinal_position FROM information_schema.columns WHERE table_schema = CURRENT_SCHEMA() AND table_name = 'registered_devices' AND column_name = 'device_id') AND objoid = (SELECT oid FROM pg_catalog.pg_class WHERE relname = 'registered_devices' AND relnamespace = (SELECT oid FROM pg_catalog.pg_namespace WHERE nspname = CURRENT_SCHEMA()))

2026/03/25 16:39:44 [32mD:/works/edulinker_v2/backend/internal/database/database.go:72
[0m[33m[0.000ms] [34;1m[rows:0][0m SELECT description FROM pg_catalog.pg_description WHERE objsubid = (SELECT ordinal_position FROM information_schema.columns WHERE table_schema = CURRENT_SCHEMA() AND table_name = 'registered_devices' AND column_name = 'school_id') AND objoid = (SELECT oid FROM pg_catalog.pg_class WHERE relname = 'registered_devices' AND relnamespace = (SELECT oid FROM pg_catalog.pg_namespace WHERE nspname = CURRENT_SCHEMA()))

2026/03/25 16:39:44 [32mD:/works/edulinker_v2/backend/internal/database/database.go:72
[0m[33m[0.000ms] [34;1m[rows:0][0m SELECT description FROM pg_catalog.pg_description WHERE objsubid = (SELECT ordinal_position FROM information_schema.columns WHERE table_schema = CURRENT_SCHEMA() AND table_name = 'registered_devices' AND column_name = 'name') AND objoid = (SELECT oid FROM pg_catalog.pg_class WHERE relname = 'registered_devices' AND relnamespace = (SELECT oid FROM pg_catalog.pg_namespace WHERE nspname = CURRENT_SCHEMA()))

2026/03/25 16:39:44 [32mD:/works/edulinker_v2/backend/internal/database/database.go:72
[0m[33m[0.000ms] [34;1m[rows:0][0m SELECT description FROM pg_catalog.pg_description WHERE objsubid = (SELECT ordinal_position FROM information_schema.columns WHERE table_schema = CURRENT_SCHEMA() AND table_name = 'registered_devices' AND column_name = 'is_active') AND objoid = (SELECT oid FROM pg_catalog.pg_class WHERE relname = 'registered_devices' AND relnamespace = (SELECT oid FROM pg_catalog.pg_namespace WHERE nspname = CURRENT_SCHEMA()))

2026/03/25 16:39:44 [32mD:/works/edulinker_v2/backend/internal/database/database.go:72
[0m[33m[0.000ms] [34;1m[rows:0][0m SELECT description FROM pg_catalog.pg_description WHERE objsubid = (SELECT ordinal_position FROM information_schema.columns WHERE table_schema = CURRENT_SCHEMA() AND table_name = 'registered_devices' AND column_name = 'created_at') AND objoid = (SELECT oid FROM pg_catalog.pg_class WHERE relname = 'registered_devices' AND relnamespace = (SELECT oid FROM pg_catalog.pg_namespace WHERE nspname = CURRENT_SCHEMA()))

2026/03/25 16:39:44 [32mD:/works/edulinker_v2/backend/internal/database/database.go:72
[0m[33m[0.513ms] [34;1m[rows:0][0m SELECT description FROM pg_catalog.pg_description WHERE objsubid = (SELECT ordinal_position FROM information_schema.columns WHERE table_schema = CURRENT_SCHEMA() AND table_name = 'registered_devices' AND column_name = 'updated_at') AND objoid = (SELECT oid FROM pg_catalog.pg_class WHERE relname = 'registered_devices' AND relnamespace = (SELECT oid FROM pg_catalog.pg_namespace WHERE nspname = CURRENT_SCHEMA()))

2026/03/25 16:39:44 [32mD:/works/edulinker_v2/backend/internal/database/database.go:72
[0m[33m[0.000ms] [34;1m[rows:1][0m SELECT count(*) FROM INFORMATION_SCHEMA.table_constraints WHERE table_schema = CURRENT_SCHEMA() AND table_name = 'registered_devices' AND constraint_name = 'fk_registered_devices_school'

2026/03/25 16:39:44 [32mD:/works/edulinker_v2/backend/internal/database/database.go:72
[0m[33m[0.000ms] [34;1m[rows:1][0m SELECT count(*) FROM pg_indexes WHERE tablename = 'registered_devices' AND indexname = 'idx_registered_devices_device_id' AND schemaname = CURRENT_SCHEMA()

2026/03/25 16:39:44 [32mD:/works/edulinker_v2/backend/internal/database/database.go:72
[0m[33m[0.000ms] [34;1m[rows:1][0m SELECT count(*) FROM pg_indexes WHERE tablename = 'registered_devices' AND indexname = 'idx_registered_devices_school_id' AND schemaname = CURRENT_SCHEMA()

2026/03/25 16:39:44 [32mD:/works/edulinker_v2/backend/internal/database/database.go:72
[0m[33m[0.000ms] [34;1m[rows:1][0m SELECT count(*) FROM information_schema.tables WHERE table_schema = CURRENT_SCHEMA() AND table_name = 'school_document_chunks' AND table_type = 'BASE TABLE'

2026/03/25 16:39:44 [32mD:/works/edulinker_v2/backend/internal/database/database.go:72
[0m[33m[0.000ms] [34;1m[rows:1][0m SELECT CURRENT_DATABASE()

2026/03/25 16:39:44 [32mD:/works/edulinker_v2/backend/internal/database/database.go:72
[0m[33m[0.510ms] [34;1m[rows:-][0m SELECT c.column_name, c.is_nullable = 'YES', c.udt_name, c.character_maximum_length, c.numeric_precision, c.numeric_precision_radix, c.numeric_scale, c.datetime_precision, 8 * typlen, c.column_default, pd.description, c.identity_increment FROM information_schema.columns AS c JOIN pg_type AS pgt ON c.udt_name = pgt.typname LEFT JOIN pg_catalog.pg_description as pd ON pd.objsubid = c.ordinal_position AND pd.objoid = (SELECT oid FROM pg_catalog.pg_class WHERE relname = c.table_name AND relnamespace = (SELECT oid FROM pg_catalog.pg_namespace WHERE nspname = c.table_schema)) where table_catalog = 'edulinker' AND table_schema = CURRENT_SCHEMA() AND table_name = 'school_document_chunks'

2026/03/25 16:39:44 [32mD:/works/edulinker_v2/backend/internal/database/database.go:72
[0m[33m[0.576ms] [34;1m[rows:-][0m SELECT * FROM "school_document_chunks" LIMIT 5

2026/03/25 16:39:44 [32mD:/works/edulinker_v2/backend/internal/database/database.go:72
[0m[33m[0.000ms] [34;1m[rows:-][0m SELECT constraint_name FROM information_schema.table_constraints tc JOIN information_schema.constraint_column_usage AS ccu USING (constraint_schema, constraint_catalog, table_name, constraint_name) JOIN information_schema.columns AS c ON c.table_schema = tc.constraint_schema AND tc.table_name = c.table_name AND ccu.column_name = c.column_name WHERE constraint_type IN ('PRIMARY KEY', 'UNIQUE') AND c.table_catalog = 'edulinker' AND c.table_schema = CURRENT_SCHEMA() AND c.table_name = 'school_document_chunks' AND constraint_type = 'UNIQUE'

2026/03/25 16:39:44 [32mD:/works/edulinker_v2/backend/internal/database/database.go:72
[0m[33m[0.508ms] [34;1m[rows:-][0m SELECT c.column_name, constraint_name, constraint_type FROM information_schema.table_constraints tc JOIN information_schema.constraint_column_usage AS ccu USING (constraint_schema, constraint_catalog, table_name, constraint_name) JOIN information_schema.columns AS c ON c.table_schema = tc.constraint_schema AND tc.table_name = c.table_name AND ccu.column_name = c.column_name WHERE constraint_type IN ('PRIMARY KEY', 'UNIQUE') AND c.table_catalog = 'edulinker' AND c.table_schema = CURRENT_SCHEMA() AND c.table_name = 'school_document_chunks'

2026/03/25 16:39:44 [32mD:/works/edulinker_v2/backend/internal/database/database.go:72
[0m[33m[0.000ms] [34;1m[rows:-][0m SELECT a.attname as column_name, format_type(a.atttypid, a.atttypmod) AS data_type
		FROM pg_attribute a JOIN pg_class b ON a.attrelid = b.oid AND relnamespace = (SELECT oid FROM pg_catalog.pg_namespace WHERE nspname = CURRENT_SCHEMA())
		WHERE a.attnum > 0 -- hide internal columns
		AND NOT a.attisdropped -- hide deleted columns
		AND b.relname = 'school_document_chunks'

2026/03/25 16:39:44 [32mD:/works/edulinker_v2/backend/internal/database/database.go:72
[0m[33m[0.000ms] [34;1m[rows:0][0m SELECT description FROM pg_catalog.pg_description WHERE objsubid = (SELECT ordinal_position FROM information_schema.columns WHERE table_schema = CURRENT_SCHEMA() AND table_name = 'school_document_chunks' AND column_name = 'id') AND objoid = (SELECT oid FROM pg_catalog.pg_class WHERE relname = 'school_document_chunks' AND relnamespace = (SELECT oid FROM pg_catalog.pg_namespace WHERE nspname = CURRENT_SCHEMA()))

2026/03/25 16:39:44 [32mD:/works/edulinker_v2/backend/internal/database/database.go:72
[0m[33m[0.519ms] [34;1m[rows:0][0m SELECT description FROM pg_catalog.pg_description WHERE objsubid = (SELECT ordinal_position FROM information_schema.columns WHERE table_schema = CURRENT_SCHEMA() AND table_name = 'school_document_chunks' AND column_name = 'school_id') AND objoid = (SELECT oid FROM pg_catalog.pg_class WHERE relname = 'school_document_chunks' AND relnamespace = (SELECT oid FROM pg_catalog.pg_namespace WHERE nspname = CURRENT_SCHEMA()))

2026/03/25 16:39:44 [32mD:/works/edulinker_v2/backend/internal/database/database.go:72
[0m[33m[0.000ms] [34;1m[rows:0][0m SELECT description FROM pg_catalog.pg_description WHERE objsubid = (SELECT ordinal_position FROM information_schema.columns WHERE table_schema = CURRENT_SCHEMA() AND table_name = 'school_document_chunks' AND column_name = 'source_type') AND objoid = (SELECT oid FROM pg_catalog.pg_class WHERE relname = 'school_document_chunks' AND relnamespace = (SELECT oid FROM pg_catalog.pg_namespace WHERE nspname = CURRENT_SCHEMA()))

2026/03/25 16:39:44 [32mD:/works/edulinker_v2/backend/internal/database/database.go:72
[0m[33m[0.000ms] [34;1m[rows:0][0m SELECT description FROM pg_catalog.pg_description WHERE objsubid = (SELECT ordinal_position FROM information_schema.columns WHERE table_schema = CURRENT_SCHEMA() AND table_name = 'school_document_chunks' AND column_name = 'source_id') AND objoid = (SELECT oid FROM pg_catalog.pg_class WHERE relname = 'school_document_chunks' AND relnamespace = (SELECT oid FROM pg_catalog.pg_namespace WHERE nspname = CURRENT_SCHEMA()))

2026/03/25 16:39:44 [32mD:/works/edulinker_v2/backend/internal/database/database.go:72
[0m[33m[0.507ms] [34;1m[rows:0][0m SELECT description FROM pg_catalog.pg_description WHERE objsubid = (SELECT ordinal_position FROM information_schema.columns WHERE table_schema = CURRENT_SCHEMA() AND table_name = 'school_document_chunks' AND column_name = 'title') AND objoid = (SELECT oid FROM pg_catalog.pg_class WHERE relname = 'school_document_chunks' AND relnamespace = (SELECT oid FROM pg_catalog.pg_namespace WHERE nspname = CURRENT_SCHEMA()))

2026/03/25 16:39:44 [32mD:/works/edulinker_v2/backend/internal/database/database.go:72
[0m[33m[0.000ms] [34;1m[rows:0][0m SELECT description FROM pg_catalog.pg_description WHERE objsubid = (SELECT ordinal_position FROM information_schema.columns WHERE table_schema = CURRENT_SCHEMA() AND table_name = 'school_document_chunks' AND column_name = 'content') AND objoid = (SELECT oid FROM pg_catalog.pg_class WHERE relname = 'school_document_chunks' AND relnamespace = (SELECT oid FROM pg_catalog.pg_namespace WHERE nspname = CURRENT_SCHEMA()))

2026/03/25 16:39:44 [32mD:/works/edulinker_v2/backend/internal/database/database.go:72
[0m[33m[0.000ms] [34;1m[rows:0][0m SELECT description FROM pg_catalog.pg_description WHERE objsubid = (SELECT ordinal_position FROM information_schema.columns WHERE table_schema = CURRENT_SCHEMA() AND table_name = 'school_document_chunks' AND column_name = 'embedding') AND objoid = (SELECT oid FROM pg_catalog.pg_class WHERE relname = 'school_document_chunks' AND relnamespace = (SELECT oid FROM pg_catalog.pg_namespace WHERE nspname = CURRENT_SCHEMA()))

2026/03/25 16:39:44 [32mD:/works/edulinker_v2/backend/internal/database/database.go:72
[0m[33m[0.510ms] [34;1m[rows:0][0m SELECT description FROM pg_catalog.pg_description WHERE objsubid = (SELECT ordinal_position FROM information_schema.columns WHERE table_schema = CURRENT_SCHEMA() AND table_name = 'school_document_chunks' AND column_name = 'metadata') AND objoid = (SELECT oid FROM pg_catalog.pg_class WHERE relname = 'school_document_chunks' AND relnamespace = (SELECT oid FROM pg_catalog.pg_namespace WHERE nspname = CURRENT_SCHEMA()))

2026/03/25 16:39:44 [32mD:/works/edulinker_v2/backend/internal/database/database.go:72
[0m[33m[0.000ms] [34;1m[rows:0][0m SELECT description FROM pg_catalog.pg_description WHERE objsubid = (SELECT ordinal_position FROM information_schema.columns WHERE table_schema = CURRENT_SCHEMA() AND table_name = 'school_document_chunks' AND column_name = 'created_at') AND objoid = (SELECT oid FROM pg_catalog.pg_class WHERE relname = 'school_document_chunks' AND relnamespace = (SELECT oid FROM pg_catalog.pg_namespace WHERE nspname = CURRENT_SCHEMA()))

2026/03/25 16:39:44 [32mD:/works/edulinker_v2/backend/internal/database/database.go:72
[0m[33m[0.000ms] [34;1m[rows:1][0m SELECT count(*) FROM pg_indexes WHERE tablename = 'school_document_chunks' AND indexname = 'idx_school_document_chunks_school_id' AND schemaname = CURRENT_SCHEMA()

2026/03/25 16:39:44 [32mD:/works/edulinker_v2/backend/internal/database/database.go:72
[0m[33m[0.000ms] [34;1m[rows:1][0m SELECT count(*) FROM pg_indexes WHERE tablename = 'school_document_chunks' AND indexname = 'idx_school_document_chunks_source_type' AND schemaname = CURRENT_SCHEMA()

2026/03/25 16:39:44 [32mD:/works/edulinker_v2/backend/internal/database/database.go:72
[0m[33m[0.000ms] [34;1m[rows:1][0m SELECT count(*) FROM pg_indexes WHERE tablename = 'school_document_chunks' AND indexname = 'idx_school_document_chunks_source_id' AND schemaname = CURRENT_SCHEMA()

2026/03/25 16:39:44 [32mD:/works/edulinker_v2/backend/internal/database/database.go:72
[0m[33m[0.000ms] [34;1m[rows:1][0m SELECT count(*) FROM information_schema.tables WHERE table_schema = CURRENT_SCHEMA() AND table_name = 'school_ai_chats' AND table_type = 'BASE TABLE'

2026/03/25 16:39:44 [32mD:/works/edulinker_v2/backend/internal/database/database.go:72
[0m[33m[0.000ms] [34;1m[rows:1][0m SELECT CURRENT_DATABASE()

2026/03/25 16:39:44 [32mD:/works/edulinker_v2/backend/internal/database/database.go:72
[0m[33m[0.513ms] [34;1m[rows:-][0m SELECT c.column_name, c.is_nullable = 'YES', c.udt_name, c.character_maximum_length, c.numeric_precision, c.numeric_precision_radix, c.numeric_scale, c.datetime_precision, 8 * typlen, c.column_default, pd.description, c.identity_increment FROM information_schema.columns AS c JOIN pg_type AS pgt ON c.udt_name = pgt.typname LEFT JOIN pg_catalog.pg_description as pd ON pd.objsubid = c.ordinal_position AND pd.objoid = (SELECT oid FROM pg_catalog.pg_class WHERE relname = c.table_name AND relnamespace = (SELECT oid FROM pg_catalog.pg_namespace WHERE nspname = c.table_schema)) where table_catalog = 'edulinker' AND table_schema = CURRENT_SCHEMA() AND table_name = 'school_ai_chats'

2026/03/25 16:39:44 [32mD:/works/edulinker_v2/backend/internal/database/database.go:72
[0m[33m[0.512ms] [34;1m[rows:-][0m SELECT * FROM "school_ai_chats" LIMIT 5

2026/03/25 16:39:44 [32mD:/works/edulinker_v2/backend/internal/database/database.go:72
[0m[33m[0.509ms] [34;1m[rows:-][0m SELECT constraint_name FROM information_schema.table_constraints tc JOIN information_schema.constraint_column_usage AS ccu USING (constraint_schema, constraint_catalog, table_name, constraint_name) JOIN information_schema.columns AS c ON c.table_schema = tc.constraint_schema AND tc.table_name = c.table_name AND ccu.column_name = c.column_name WHERE constraint_type IN ('PRIMARY KEY', 'UNIQUE') AND c.table_catalog = 'edulinker' AND c.table_schema = CURRENT_SCHEMA() AND c.table_name = 'school_ai_chats' AND constraint_type = 'UNIQUE'

2026/03/25 16:39:44 [32mD:/works/edulinker_v2/backend/internal/database/database.go:72
[0m[33m[0.515ms] [34;1m[rows:-][0m SELECT c.column_name, constraint_name, constraint_type FROM information_schema.table_constraints tc JOIN information_schema.constraint_column_usage AS ccu USING (constraint_schema, constraint_catalog, table_name, constraint_name) JOIN information_schema.columns AS c ON c.table_schema = tc.constraint_schema AND tc.table_name = c.table_name AND ccu.column_name = c.column_name WHERE constraint_type IN ('PRIMARY KEY', 'UNIQUE') AND c.table_catalog = 'edulinker' AND c.table_schema = CURRENT_SCHEMA() AND c.table_name = 'school_ai_chats'

2026/03/25 16:39:44 [32mD:/works/edulinker_v2/backend/internal/database/database.go:72
[0m[33m[0.000ms] [34;1m[rows:-][0m SELECT a.attname as column_name, format_type(a.atttypid, a.atttypmod) AS data_type
		FROM pg_attribute a JOIN pg_class b ON a.attrelid = b.oid AND relnamespace = (SELECT oid FROM pg_catalog.pg_namespace WHERE nspname = CURRENT_SCHEMA())
		WHERE a.attnum > 0 -- hide internal columns
		AND NOT a.attisdropped -- hide deleted columns
		AND b.relname = 'school_ai_chats'

2026/03/25 16:39:44 [32mD:/works/edulinker_v2/backend/internal/database/database.go:72
[0m[33m[0.000ms] [34;1m[rows:0][0m SELECT description FROM pg_catalog.pg_description WHERE objsubid = (SELECT ordinal_position FROM information_schema.columns WHERE table_schema = CURRENT_SCHEMA() AND table_name = 'school_ai_chats' AND column_name = 'id') AND objoid = (SELECT oid FROM pg_catalog.pg_class WHERE relname = 'school_ai_chats' AND relnamespace = (SELECT oid FROM pg_catalog.pg_namespace WHERE nspname = CURRENT_SCHEMA()))

2026/03/25 16:39:44 [32mD:/works/edulinker_v2/backend/internal/database/database.go:72
[0m[33m[0.509ms] [34;1m[rows:0][0m SELECT description FROM pg_catalog.pg_description WHERE objsubid = (SELECT ordinal_position FROM information_schema.columns WHERE table_schema = CURRENT_SCHEMA() AND table_name = 'school_ai_chats' AND column_name = 'parent_id') AND objoid = (SELECT oid FROM pg_catalog.pg_class WHERE relname = 'school_ai_chats' AND relnamespace = (SELECT oid FROM pg_catalog.pg_namespace WHERE nspname = CURRENT_SCHEMA()))

2026/03/25 16:39:44 [32mD:/works/edulinker_v2/backend/internal/database/database.go:72
[0m[33m[0.000ms] [34;1m[rows:0][0m SELECT description FROM pg_catalog.pg_description WHERE objsubid = (SELECT ordinal_position FROM information_schema.columns WHERE table_schema = CURRENT_SCHEMA() AND table_name = 'school_ai_chats' AND column_name = 'school_id') AND objoid = (SELECT oid FROM pg_catalog.pg_class WHERE relname = 'school_ai_chats' AND relnamespace = (SELECT oid FROM pg_catalog.pg_namespace WHERE nspname = CURRENT_SCHEMA()))

2026/03/25 16:39:44 [32mD:/works/edulinker_v2/backend/internal/database/database.go:72
[0m[33m[0.000ms] [34;1m[rows:0][0m SELECT description FROM pg_catalog.pg_description WHERE objsubid = (SELECT ordinal_position FROM information_schema.columns WHERE table_schema = CURRENT_SCHEMA() AND table_name = 'school_ai_chats' AND column_name = 'question') AND objoid = (SELECT oid FROM pg_catalog.pg_class WHERE relname = 'school_ai_chats' AND relnamespace = (SELECT oid FROM pg_catalog.pg_namespace WHERE nspname = CURRENT_SCHEMA()))

2026/03/25 16:39:44 [32mD:/works/edulinker_v2/backend/internal/database/database.go:72
[0m[33m[0.000ms] [34;1m[rows:0][0m SELECT description FROM pg_catalog.pg_description WHERE objsubid = (SELECT ordinal_position FROM information_schema.columns WHERE table_schema = CURRENT_SCHEMA() AND table_name = 'school_ai_chats' AND column_name = 'answer') AND objoid = (SELECT oid FROM pg_catalog.pg_class WHERE relname = 'school_ai_chats' AND relnamespace = (SELECT oid FROM pg_catalog.pg_namespace WHERE nspname = CURRENT_SCHEMA()))

2026/03/25 16:39:44 [32mD:/works/edulinker_v2/backend/internal/database/database.go:72
[0m[33m[0.000ms] [34;1m[rows:0][0m SELECT description FROM pg_catalog.pg_description WHERE objsubid = (SELECT ordinal_position FROM information_schema.columns WHERE table_schema = CURRENT_SCHEMA() AND table_name = 'school_ai_chats' AND column_name = 'sources') AND objoid = (SELECT oid FROM pg_catalog.pg_class WHERE relname = 'school_ai_chats' AND relnamespace = (SELECT oid FROM pg_catalog.pg_namespace WHERE nspname = CURRENT_SCHEMA()))

2026/03/25 16:39:44 [32mD:/works/edulinker_v2/backend/internal/database/database.go:72
[0m[33m[0.000ms] [34;1m[rows:0][0m SELECT description FROM pg_catalog.pg_description WHERE objsubid = (SELECT ordinal_position FROM information_schema.columns WHERE table_schema = CURRENT_SCHEMA() AND table_name = 'school_ai_chats' AND column_name = 'created_at') AND objoid = (SELECT oid FROM pg_catalog.pg_class WHERE relname = 'school_ai_chats' AND relnamespace = (SELECT oid FROM pg_catalog.pg_namespace WHERE nspname = CURRENT_SCHEMA()))

2026/03/25 16:39:44 [32mD:/works/edulinker_v2/backend/internal/database/database.go:72
[0m[33m[0.000ms] [34;1m[rows:1][0m SELECT count(*) FROM INFORMATION_SCHEMA.table_constraints WHERE table_schema = CURRENT_SCHEMA() AND table_name = 'school_ai_chats' AND constraint_name = 'fk_school_ai_chats_parent'

2026/03/25 16:39:44 [32mD:/works/edulinker_v2/backend/internal/database/database.go:72
[0m[33m[0.507ms] [34;1m[rows:1][0m SELECT count(*) FROM pg_indexes WHERE tablename = 'school_ai_chats' AND indexname = 'idx_school_ai_chats_parent_id' AND schemaname = CURRENT_SCHEMA()

2026/03/25 16:39:44 [32mD:/works/edulinker_v2/backend/internal/database/database.go:72
[0m[33m[0.000ms] [34;1m[rows:1][0m SELECT count(*) FROM pg_indexes WHERE tablename = 'school_ai_chats' AND indexname = 'idx_school_ai_chats_school_id' AND schemaname = CURRENT_SCHEMA()

2026/03/25 16:39:44 [32mD:/works/edulinker_v2/backend/internal/database/database.go:72
[0m[33m[0.000ms] [34;1m[rows:1][0m SELECT count(*) FROM information_schema.tables WHERE table_schema = CURRENT_SCHEMA() AND table_name = 'class_assignment_sessions' AND table_type = 'BASE TABLE'

2026/03/25 16:39:44 [32mD:/works/edulinker_v2/backend/internal/database/database.go:72
[0m[33m[0.000ms] [34;1m[rows:1][0m SELECT CURRENT_DATABASE()

2026/03/25 16:39:44 [32mD:/works/edulinker_v2/backend/internal/database/database.go:72
[0m[33m[0.512ms] [34;1m[rows:-][0m SELECT c.column_name, c.is_nullable = 'YES', c.udt_name, c.character_maximum_length, c.numeric_precision, c.numeric_precision_radix, c.numeric_scale, c.datetime_precision, 8 * typlen, c.column_default, pd.description, c.identity_increment FROM information_schema.columns AS c JOIN pg_type AS pgt ON c.udt_name = pgt.typname LEFT JOIN pg_catalog.pg_description as pd ON pd.objsubid = c.ordinal_position AND pd.objoid = (SELECT oid FROM pg_catalog.pg_class WHERE relname = c.table_name AND relnamespace = (SELECT oid FROM pg_catalog.pg_namespace WHERE nspname = c.table_schema)) where table_catalog = 'edulinker' AND table_schema = CURRENT_SCHEMA() AND table_name = 'class_assignment_sessions'

2026/03/25 16:39:44 [32mD:/works/edulinker_v2/backend/internal/database/database.go:72
[0m[33m[0.636ms] [34;1m[rows:-][0m SELECT * FROM "class_assignment_sessions" LIMIT 5

2026/03/25 16:39:44 [32mD:/works/edulinker_v2/backend/internal/database/database.go:72
[0m[33m[0.000ms] [34;1m[rows:-][0m SELECT constraint_name FROM information_schema.table_constraints tc JOIN information_schema.constraint_column_usage AS ccu USING (constraint_schema, constraint_catalog, table_name, constraint_name) JOIN information_schema.columns AS c ON c.table_schema = tc.constraint_schema AND tc.table_name = c.table_name AND ccu.column_name = c.column_name WHERE constraint_type IN ('PRIMARY KEY', 'UNIQUE') AND c.table_catalog = 'edulinker' AND c.table_schema = CURRENT_SCHEMA() AND c.table_name = 'class_assignment_sessions' AND constraint_type = 'UNIQUE'

2026/03/25 16:39:44 [32mD:/works/edulinker_v2/backend/internal/database/database.go:72
[0m[33m[0.000ms] [34;1m[rows:-][0m SELECT c.column_name, constraint_name, constraint_type FROM information_schema.table_constraints tc JOIN information_schema.constraint_column_usage AS ccu USING (constraint_schema, constraint_catalog, table_name, constraint_name) JOIN information_schema.columns AS c ON c.table_schema = tc.constraint_schema AND tc.table_name = c.table_name AND ccu.column_name = c.column_name WHERE constraint_type IN ('PRIMARY KEY', 'UNIQUE') AND c.table_catalog = 'edulinker' AND c.table_schema = CURRENT_SCHEMA() AND c.table_name = 'class_assignment_sessions'

2026/03/25 16:39:44 [32mD:/works/edulinker_v2/backend/internal/database/database.go:72
[0m[33m[0.512ms] [34;1m[rows:-][0m SELECT a.attname as column_name, format_type(a.atttypid, a.atttypmod) AS data_type
		FROM pg_attribute a JOIN pg_class b ON a.attrelid = b.oid AND relnamespace = (SELECT oid FROM pg_catalog.pg_namespace WHERE nspname = CURRENT_SCHEMA())
		WHERE a.attnum > 0 -- hide internal columns
		AND NOT a.attisdropped -- hide deleted columns
		AND b.relname = 'class_assignment_sessions'

2026/03/25 16:39:44 [32mD:/works/edulinker_v2/backend/internal/database/database.go:72
[0m[33m[0.000ms] [34;1m[rows:0][0m SELECT description FROM pg_catalog.pg_description WHERE objsubid = (SELECT ordinal_position FROM information_schema.columns WHERE table_schema = CURRENT_SCHEMA() AND table_name = 'class_assignment_sessions' AND column_name = 'id') AND objoid = (SELECT oid FROM pg_catalog.pg_class WHERE relname = 'class_assignment_sessions' AND relnamespace = (SELECT oid FROM pg_catalog.pg_namespace WHERE nspname = CURRENT_SCHEMA()))

2026/03/25 16:39:44 [32mD:/works/edulinker_v2/backend/internal/database/database.go:72
[0m[33m[0.000ms] [34;1m[rows:0][0m SELECT description FROM pg_catalog.pg_description WHERE objsubid = (SELECT ordinal_position FROM information_schema.columns WHERE table_schema = CURRENT_SCHEMA() AND table_name = 'class_assignment_sessions' AND column_name = 'school_id') AND objoid = (SELECT oid FROM pg_catalog.pg_class WHERE relname = 'class_assignment_sessions' AND relnamespace = (SELECT oid FROM pg_catalog.pg_namespace WHERE nspname = CURRENT_SCHEMA()))

2026/03/25 16:39:44 [32mD:/works/edulinker_v2/backend/internal/database/database.go:72
[0m[33m[0.561ms] [34;1m[rows:0][0m SELECT description FROM pg_catalog.pg_description WHERE objsubid = (SELECT ordinal_position FROM information_schema.columns WHERE table_schema = CURRENT_SCHEMA() AND table_name = 'class_assignment_sessions' AND column_name = 'title') AND objoid = (SELECT oid FROM pg_catalog.pg_class WHERE relname = 'class_assignment_sessions' AND relnamespace = (SELECT oid FROM pg_catalog.pg_namespace WHERE nspname = CURRENT_SCHEMA()))

2026/03/25 16:39:44 [32mD:/works/edulinker_v2/backend/internal/database/database.go:72
[0m[33m[0.000ms] [34;1m[rows:0][0m SELECT description FROM pg_catalog.pg_description WHERE objsubid = (SELECT ordinal_position FROM information_schema.columns WHERE table_schema = CURRENT_SCHEMA() AND table_name = 'class_assignment_sessions' AND column_name = 'target_grade') AND objoid = (SELECT oid FROM pg_catalog.pg_class WHERE relname = 'class_assignment_sessions' AND relnamespace = (SELECT oid FROM pg_catalog.pg_namespace WHERE nspname = CURRENT_SCHEMA()))

2026/03/25 16:39:44 [32mD:/works/edulinker_v2/backend/internal/database/database.go:72
[0m[33m[0.000ms] [34;1m[rows:0][0m SELECT description FROM pg_catalog.pg_description WHERE objsubid = (SELECT ordinal_position FROM information_schema.columns WHERE table_schema = CURRENT_SCHEMA() AND table_name = 'class_assignment_sessions' AND column_name = 'status') AND objoid = (SELECT oid FROM pg_catalog.pg_class WHERE relname = 'class_assignment_sessions' AND relnamespace = (SELECT oid FROM pg_catalog.pg_namespace WHERE nspname = CURRENT_SCHEMA()))

2026/03/25 16:39:44 [32mD:/works/edulinker_v2/backend/internal/database/database.go:72
[0m[33m[0.000ms] [34;1m[rows:0][0m SELECT description FROM pg_catalog.pg_description WHERE objsubid = (SELECT ordinal_position FROM information_schema.columns WHERE table_schema = CURRENT_SCHEMA() AND table_name = 'class_assignment_sessions' AND column_name = 'created_at') AND objoid = (SELECT oid FROM pg_catalog.pg_class WHERE relname = 'class_assignment_sessions' AND relnamespace = (SELECT oid FROM pg_catalog.pg_namespace WHERE nspname = CURRENT_SCHEMA()))

2026/03/25 16:39:44 [32mD:/works/edulinker_v2/backend/internal/database/database.go:72
[0m[33m[0.000ms] [34;1m[rows:0][0m SELECT description FROM pg_catalog.pg_description WHERE objsubid = (SELECT ordinal_position FROM information_schema.columns WHERE table_schema = CURRENT_SCHEMA() AND table_name = 'class_assignment_sessions' AND column_name = 'deleted_at') AND objoid = (SELECT oid FROM pg_catalog.pg_class WHERE relname = 'class_assignment_sessions' AND relnamespace = (SELECT oid FROM pg_catalog.pg_namespace WHERE nspname = CURRENT_SCHEMA()))

2026/03/25 16:39:44 [32mD:/works/edulinker_v2/backend/internal/database/database.go:72
[0m[33m[0.000ms] [34;1m[rows:1][0m SELECT count(*) FROM pg_indexes WHERE tablename = 'class_assignment_sessions' AND indexname = 'idx_class_assignment_sessions_school_id' AND schemaname = CURRENT_SCHEMA()

2026/03/25 16:39:44 [32mD:/works/edulinker_v2/backend/internal/database/database.go:72
[0m[33m[0.000ms] [34;1m[rows:1][0m SELECT count(*) FROM pg_indexes WHERE tablename = 'class_assignment_sessions' AND indexname = 'idx_class_assignment_sessions_deleted_at' AND schemaname = CURRENT_SCHEMA()

2026/03/25 16:39:44 [32mD:/works/edulinker_v2/backend/internal/database/database.go:72
[0m[33m[0.000ms] [34;1m[rows:1][0m SELECT count(*) FROM information_schema.tables WHERE table_schema = CURRENT_SCHEMA() AND table_name = 'parent_class_requests' AND table_type = 'BASE TABLE'

2026/03/25 16:39:44 [32mD:/works/edulinker_v2/backend/internal/database/database.go:72
[0m[33m[0.510ms] [34;1m[rows:1][0m SELECT CURRENT_DATABASE()

2026/03/25 16:39:44 [32mD:/works/edulinker_v2/backend/internal/database/database.go:72
[0m[33m[0.000ms] [34;1m[rows:-][0m SELECT c.column_name, c.is_nullable = 'YES', c.udt_name, c.character_maximum_length, c.numeric_precision, c.numeric_precision_radix, c.numeric_scale, c.datetime_precision, 8 * typlen, c.column_default, pd.description, c.identity_increment FROM information_schema.columns AS c JOIN pg_type AS pgt ON c.udt_name = pgt.typname LEFT JOIN pg_catalog.pg_description as pd ON pd.objsubid = c.ordinal_position AND pd.objoid = (SELECT oid FROM pg_catalog.pg_class WHERE relname = c.table_name AND relnamespace = (SELECT oid FROM pg_catalog.pg_namespace WHERE nspname = c.table_schema)) where table_catalog = 'edulinker' AND table_schema = CURRENT_SCHEMA() AND table_name = 'parent_class_requests'

2026/03/25 16:39:44 [32mD:/works/edulinker_v2/backend/internal/database/database.go:72
[0m[33m[0.567ms] [34;1m[rows:-][0m SELECT * FROM "parent_class_requests" LIMIT 5

2026/03/25 16:39:44 [32mD:/works/edulinker_v2/backend/internal/database/database.go:72
[0m[33m[0.000ms] [34;1m[rows:-][0m SELECT constraint_name FROM information_schema.table_constraints tc JOIN information_schema.constraint_column_usage AS ccu USING (constraint_schema, constraint_catalog, table_name, constraint_name) JOIN information_schema.columns AS c ON c.table_schema = tc.constraint_schema AND tc.table_name = c.table_name AND ccu.column_name = c.column_name WHERE constraint_type IN ('PRIMARY KEY', 'UNIQUE') AND c.table_catalog = 'edulinker' AND c.table_schema = CURRENT_SCHEMA() AND c.table_name = 'parent_class_requests' AND constraint_type = 'UNIQUE'

2026/03/25 16:39:44 [32mD:/works/edulinker_v2/backend/internal/database/database.go:72
[0m[33m[1.010ms] [34;1m[rows:-][0m SELECT c.column_name, constraint_name, constraint_type FROM information_schema.table_constraints tc JOIN information_schema.constraint_column_usage AS ccu USING (constraint_schema, constraint_catalog, table_name, constraint_name) JOIN information_schema.columns AS c ON c.table_schema = tc.constraint_schema AND tc.table_name = c.table_name AND ccu.column_name = c.column_name WHERE constraint_type IN ('PRIMARY KEY', 'UNIQUE') AND c.table_catalog = 'edulinker' AND c.table_schema = CURRENT_SCHEMA() AND c.table_name = 'parent_class_requests'

2026/03/25 16:39:44 [32mD:/works/edulinker_v2/backend/internal/database/database.go:72
[0m[33m[0.000ms] [34;1m[rows:-][0m SELECT a.attname as column_name, format_type(a.atttypid, a.atttypmod) AS data_type
		FROM pg_attribute a JOIN pg_class b ON a.attrelid = b.oid AND relnamespace = (SELECT oid FROM pg_catalog.pg_namespace WHERE nspname = CURRENT_SCHEMA())
		WHERE a.attnum > 0 -- hide internal columns
		AND NOT a.attisdropped -- hide deleted columns
		AND b.relname = 'parent_class_requests'

2026/03/25 16:39:44 [32mD:/works/edulinker_v2/backend/internal/database/database.go:72
[0m[33m[0.000ms] [34;1m[rows:0][0m SELECT description FROM pg_catalog.pg_description WHERE objsubid = (SELECT ordinal_position FROM information_schema.columns WHERE table_schema = CURRENT_SCHEMA() AND table_name = 'parent_class_requests' AND column_name = 'id') AND objoid = (SELECT oid FROM pg_catalog.pg_class WHERE relname = 'parent_class_requests' AND relnamespace = (SELECT oid FROM pg_catalog.pg_namespace WHERE nspname = CURRENT_SCHEMA()))

2026/03/25 16:39:44 [32mD:/works/edulinker_v2/backend/internal/database/database.go:72
[0m[33m[0.000ms] [34;1m[rows:0][0m SELECT description FROM pg_catalog.pg_description WHERE objsubid = (SELECT ordinal_position FROM information_schema.columns WHERE table_schema = CURRENT_SCHEMA() AND table_name = 'parent_class_requests' AND column_name = 'session_id') AND objoid = (SELECT oid FROM pg_catalog.pg_class WHERE relname = 'parent_class_requests' AND relnamespace = (SELECT oid FROM pg_catalog.pg_namespace WHERE nspname = CURRENT_SCHEMA()))

2026/03/25 16:39:44 [32mD:/works/edulinker_v2/backend/internal/database/database.go:72
[0m[33m[0.509ms] [34;1m[rows:0][0m SELECT description FROM pg_catalog.pg_description WHERE objsubid = (SELECT ordinal_position FROM information_schema.columns WHERE table_schema = CURRENT_SCHEMA() AND table_name = 'parent_class_requests' AND column_name = 'student_id') AND objoid = (SELECT oid FROM pg_catalog.pg_class WHERE relname = 'parent_class_requests' AND relnamespace = (SELECT oid FROM pg_catalog.pg_namespace WHERE nspname = CURRENT_SCHEMA()))

2026/03/25 16:39:44 [32mD:/works/edulinker_v2/backend/internal/database/database.go:72
[0m[33m[0.000ms] [34;1m[rows:0][0m SELECT description FROM pg_catalog.pg_description WHERE objsubid = (SELECT ordinal_position FROM information_schema.columns WHERE table_schema = CURRENT_SCHEMA() AND table_name = 'parent_class_requests' AND column_name = 'parent_id') AND objoid = (SELECT oid FROM pg_catalog.pg_class WHERE relname = 'parent_class_requests' AND relnamespace = (SELECT oid FROM pg_catalog.pg_namespace WHERE nspname = CURRENT_SCHEMA()))

2026/03/25 16:39:44 [32mD:/works/edulinker_v2/backend/internal/database/database.go:72
[0m[33m[0.000ms] [34;1m[rows:0][0m SELECT description FROM pg_catalog.pg_description WHERE objsubid = (SELECT ordinal_position FROM information_schema.columns WHERE table_schema = CURRENT_SCHEMA() AND table_name = 'parent_class_requests' AND column_name = 'request') AND objoid = (SELECT oid FROM pg_catalog.pg_class WHERE relname = 'parent_class_requests' AND relnamespace = (SELECT oid FROM pg_catalog.pg_namespace WHERE nspname = CURRENT_SCHEMA()))

2026/03/25 16:39:44 [32mD:/works/edulinker_v2/backend/internal/database/database.go:72
[0m[33m[0.508ms] [34;1m[rows:0][0m SELECT description FROM pg_catalog.pg_description WHERE objsubid = (SELECT ordinal_position FROM information_schema.columns WHERE table_schema = CURRENT_SCHEMA() AND table_name = 'parent_class_requests' AND column_name = 'created_at') AND objoid = (SELECT oid FROM pg_catalog.pg_class WHERE relname = 'parent_class_requests' AND relnamespace = (SELECT oid FROM pg_catalog.pg_namespace WHERE nspname = CURRENT_SCHEMA()))

2026/03/25 16:39:44 [32mD:/works/edulinker_v2/backend/internal/database/database.go:72
[0m[33m[0.000ms] [34;1m[rows:1][0m SELECT count(*) FROM pg_indexes WHERE tablename = 'parent_class_requests' AND indexname = 'idx_parent_class_requests_session_id' AND schemaname = CURRENT_SCHEMA()

2026/03/25 16:39:44 [32mD:/works/edulinker_v2/backend/internal/database/database.go:72
[0m[33m[0.000ms] [34;1m[rows:1][0m SELECT count(*) FROM pg_indexes WHERE tablename = 'parent_class_requests' AND indexname = 'idx_parent_class_requests_student_id' AND schemaname = CURRENT_SCHEMA()

2026/03/25 16:39:44 [32mD:/works/edulinker_v2/backend/internal/database/database.go:72
[0m[33m[0.000ms] [34;1m[rows:1][0m SELECT count(*) FROM pg_indexes WHERE tablename = 'parent_class_requests' AND indexname = 'idx_parent_class_requests_parent_id' AND schemaname = CURRENT_SCHEMA()

2026/03/25 16:39:44 [32mD:/works/edulinker_v2/backend/internal/database/database.go:72
[0m[33m[0.000ms] [34;1m[rows:1][0m SELECT count(*) FROM information_schema.tables WHERE table_schema = CURRENT_SCHEMA() AND table_name = 'facilities' AND table_type = 'BASE TABLE'

2026/03/25 16:39:44 [32mD:/works/edulinker_v2/backend/internal/database/database.go:72
[0m[33m[0.000ms] [34;1m[rows:1][0m SELECT CURRENT_DATABASE()

2026/03/25 16:39:44 [32mD:/works/edulinker_v2/backend/internal/database/database.go:72
[0m[33m[0.514ms] [34;1m[rows:-][0m SELECT c.column_name, c.is_nullable = 'YES', c.udt_name, c.character_maximum_length, c.numeric_precision, c.numeric_precision_radix, c.numeric_scale, c.datetime_precision, 8 * typlen, c.column_default, pd.description, c.identity_increment FROM information_schema.columns AS c JOIN pg_type AS pgt ON c.udt_name = pgt.typname LEFT JOIN pg_catalog.pg_description as pd ON pd.objsubid = c.ordinal_position AND pd.objoid = (SELECT oid FROM pg_catalog.pg_class WHERE relname = c.table_name AND relnamespace = (SELECT oid FROM pg_catalog.pg_namespace WHERE nspname = c.table_schema)) where table_catalog = 'edulinker' AND table_schema = CURRENT_SCHEMA() AND table_name = 'facilities'

2026/03/25 16:39:44 [32mD:/works/edulinker_v2/backend/internal/database/database.go:72
[0m[33m[0.509ms] [34;1m[rows:-][0m SELECT * FROM "facilities" LIMIT 5

2026/03/25 16:39:44 [32mD:/works/edulinker_v2/backend/internal/database/database.go:72
[0m[33m[0.000ms] [34;1m[rows:-][0m SELECT constraint_name FROM information_schema.table_constraints tc JOIN information_schema.constraint_column_usage AS ccu USING (constraint_schema, constraint_catalog, table_name, constraint_name) JOIN information_schema.columns AS c ON c.table_schema = tc.constraint_schema AND tc.table_name = c.table_name AND ccu.column_name = c.column_name WHERE constraint_type IN ('PRIMARY KEY', 'UNIQUE') AND c.table_catalog = 'edulinker' AND c.table_schema = CURRENT_SCHEMA() AND c.table_name = 'facilities' AND constraint_type = 'UNIQUE'

2026/03/25 16:39:44 [32mD:/works/edulinker_v2/backend/internal/database/database.go:72
[0m[33m[0.534ms] [34;1m[rows:-][0m SELECT c.column_name, constraint_name, constraint_type FROM information_schema.table_constraints tc JOIN information_schema.constraint_column_usage AS ccu USING (constraint_schema, constraint_catalog, table_name, constraint_name) JOIN information_schema.columns AS c ON c.table_schema = tc.constraint_schema AND tc.table_name = c.table_name AND ccu.column_name = c.column_name WHERE constraint_type IN ('PRIMARY KEY', 'UNIQUE') AND c.table_catalog = 'edulinker' AND c.table_schema = CURRENT_SCHEMA() AND c.table_name = 'facilities'

2026/03/25 16:39:44 [32mD:/works/edulinker_v2/backend/internal/database/database.go:72
[0m[33m[0.000ms] [34;1m[rows:-][0m SELECT a.attname as column_name, format_type(a.atttypid, a.atttypmod) AS data_type
		FROM pg_attribute a JOIN pg_class b ON a.attrelid = b.oid AND relnamespace = (SELECT oid FROM pg_catalog.pg_namespace WHERE nspname = CURRENT_SCHEMA())
		WHERE a.attnum > 0 -- hide internal columns
		AND NOT a.attisdropped -- hide deleted columns
		AND b.relname = 'facilities'

2026/03/25 16:39:44 [32mD:/works/edulinker_v2/backend/internal/database/database.go:72
[0m[33m[0.525ms] [34;1m[rows:0][0m SELECT description FROM pg_catalog.pg_description WHERE objsubid = (SELECT ordinal_position FROM information_schema.columns WHERE table_schema = CURRENT_SCHEMA() AND table_name = 'facilities' AND column_name = 'id') AND objoid = (SELECT oid FROM pg_catalog.pg_class WHERE relname = 'facilities' AND relnamespace = (SELECT oid FROM pg_catalog.pg_namespace WHERE nspname = CURRENT_SCHEMA()))

2026/03/25 16:39:44 [32mD:/works/edulinker_v2/backend/internal/database/database.go:72
[0m[33m[0.000ms] [34;1m[rows:0][0m SELECT description FROM pg_catalog.pg_description WHERE objsubid = (SELECT ordinal_position FROM information_schema.columns WHERE table_schema = CURRENT_SCHEMA() AND table_name = 'facilities' AND column_name = 'school_id') AND objoid = (SELECT oid FROM pg_catalog.pg_class WHERE relname = 'facilities' AND relnamespace = (SELECT oid FROM pg_catalog.pg_namespace WHERE nspname = CURRENT_SCHEMA()))

2026/03/25 16:39:44 [32mD:/works/edulinker_v2/backend/internal/database/database.go:72
[0m[33m[0.000ms] [34;1m[rows:0][0m SELECT description FROM pg_catalog.pg_description WHERE objsubid = (SELECT ordinal_position FROM information_schema.columns WHERE table_schema = CURRENT_SCHEMA() AND table_name = 'facilities' AND column_name = 'name') AND objoid = (SELECT oid FROM pg_catalog.pg_class WHERE relname = 'facilities' AND relnamespace = (SELECT oid FROM pg_catalog.pg_namespace WHERE nspname = CURRENT_SCHEMA()))

2026/03/25 16:39:44 [32mD:/works/edulinker_v2/backend/internal/database/database.go:72
[0m[33m[0.510ms] [34;1m[rows:0][0m SELECT description FROM pg_catalog.pg_description WHERE objsubid = (SELECT ordinal_position FROM information_schema.columns WHERE table_schema = CURRENT_SCHEMA() AND table_name = 'facilities' AND column_name = 'location') AND objoid = (SELECT oid FROM pg_catalog.pg_class WHERE relname = 'facilities' AND relnamespace = (SELECT oid FROM pg_catalog.pg_namespace WHERE nspname = CURRENT_SCHEMA()))

2026/03/25 16:39:44 [32mD:/works/edulinker_v2/backend/internal/database/database.go:72
[0m[33m[0.000ms] [34;1m[rows:0][0m SELECT description FROM pg_catalog.pg_description WHERE objsubid = (SELECT ordinal_position FROM information_schema.columns WHERE table_schema = CURRENT_SCHEMA() AND table_name = 'facilities' AND column_name = 'description') AND objoid = (SELECT oid FROM pg_catalog.pg_class WHERE relname = 'facilities' AND relnamespace = (SELECT oid FROM pg_catalog.pg_namespace WHERE nspname = CURRENT_SCHEMA()))

2026/03/25 16:39:44 [32mD:/works/edulinker_v2/backend/internal/database/database.go:72
[0m[33m[0.000ms] [34;1m[rows:0][0m SELECT description FROM pg_catalog.pg_description WHERE objsubid = (SELECT ordinal_position FROM information_schema.columns WHERE table_schema = CURRENT_SCHEMA() AND table_name = 'facilities' AND column_name = 'is_active') AND objoid = (SELECT oid FROM pg_catalog.pg_class WHERE relname = 'facilities' AND relnamespace = (SELECT oid FROM pg_catalog.pg_namespace WHERE nspname = CURRENT_SCHEMA()))

2026/03/25 16:39:44 [32mD:/works/edulinker_v2/backend/internal/database/database.go:72
[0m[33m[0.000ms] [34;1m[rows:1][0m SELECT count(*) FROM pg_indexes WHERE tablename = 'facilities' AND indexname = 'idx_facilities_school_id' AND schemaname = CURRENT_SCHEMA()

2026/03/25 16:39:44 [32mD:/works/edulinker_v2/backend/internal/database/database.go:72
[0m[33m[0.585ms] [34;1m[rows:1][0m SELECT count(*) FROM information_schema.tables WHERE table_schema = CURRENT_SCHEMA() AND table_name = 'facility_reservations' AND table_type = 'BASE TABLE'

2026/03/25 16:39:44 [32mD:/works/edulinker_v2/backend/internal/database/database.go:72
[0m[33m[0.000ms] [34;1m[rows:1][0m SELECT CURRENT_DATABASE()

2026/03/25 16:39:44 [32mD:/works/edulinker_v2/backend/internal/database/database.go:72
[0m[33m[0.000ms] [34;1m[rows:-][0m SELECT c.column_name, c.is_nullable = 'YES', c.udt_name, c.character_maximum_length, c.numeric_precision, c.numeric_precision_radix, c.numeric_scale, c.datetime_precision, 8 * typlen, c.column_default, pd.description, c.identity_increment FROM information_schema.columns AS c JOIN pg_type AS pgt ON c.udt_name = pgt.typname LEFT JOIN pg_catalog.pg_description as pd ON pd.objsubid = c.ordinal_position AND pd.objoid = (SELECT oid FROM pg_catalog.pg_class WHERE relname = c.table_name AND relnamespace = (SELECT oid FROM pg_catalog.pg_namespace WHERE nspname = c.table_schema)) where table_catalog = 'edulinker' AND table_schema = CURRENT_SCHEMA() AND table_name = 'facility_reservations'

2026/03/25 16:39:44 [32mD:/works/edulinker_v2/backend/internal/database/database.go:72
[0m[33m[0.511ms] [34;1m[rows:-][0m SELECT * FROM "facility_reservations" LIMIT 5

2026/03/25 16:39:44 [32mD:/works/edulinker_v2/backend/internal/database/database.go:72
[0m[33m[0.000ms] [34;1m[rows:-][0m SELECT constraint_name FROM information_schema.table_constraints tc JOIN information_schema.constraint_column_usage AS ccu USING (constraint_schema, constraint_catalog, table_name, constraint_name) JOIN information_schema.columns AS c ON c.table_schema = tc.constraint_schema AND tc.table_name = c.table_name AND ccu.column_name = c.column_name WHERE constraint_type IN ('PRIMARY KEY', 'UNIQUE') AND c.table_catalog = 'edulinker' AND c.table_schema = CURRENT_SCHEMA() AND c.table_name = 'facility_reservations' AND constraint_type = 'UNIQUE'

2026/03/25 16:39:44 [32mD:/works/edulinker_v2/backend/internal/database/database.go:72
[0m[33m[0.507ms] [34;1m[rows:-][0m SELECT c.column_name, constraint_name, constraint_type FROM information_schema.table_constraints tc JOIN information_schema.constraint_column_usage AS ccu USING (constraint_schema, constraint_catalog, table_name, constraint_name) JOIN information_schema.columns AS c ON c.table_schema = tc.constraint_schema AND tc.table_name = c.table_name AND ccu.column_name = c.column_name WHERE constraint_type IN ('PRIMARY KEY', 'UNIQUE') AND c.table_catalog = 'edulinker' AND c.table_schema = CURRENT_SCHEMA() AND c.table_name = 'facility_reservations'

2026/03/25 16:39:44 [32mD:/works/edulinker_v2/backend/internal/database/database.go:72
[0m[33m[0.000ms] [34;1m[rows:-][0m SELECT a.attname as column_name, format_type(a.atttypid, a.atttypmod) AS data_type
		FROM pg_attribute a JOIN pg_class b ON a.attrelid = b.oid AND relnamespace = (SELECT oid FROM pg_catalog.pg_namespace WHERE nspname = CURRENT_SCHEMA())
		WHERE a.attnum > 0 -- hide internal columns
		AND NOT a.attisdropped -- hide deleted columns
		AND b.relname = 'facility_reservations'

2026/03/25 16:39:44 [32mD:/works/edulinker_v2/backend/internal/database/database.go:72
[0m[33m[0.000ms] [34;1m[rows:0][0m SELECT description FROM pg_catalog.pg_description WHERE objsubid = (SELECT ordinal_position FROM information_schema.columns WHERE table_schema = CURRENT_SCHEMA() AND table_name = 'facility_reservations' AND column_name = 'id') AND objoid = (SELECT oid FROM pg_catalog.pg_class WHERE relname = 'facility_reservations' AND relnamespace = (SELECT oid FROM pg_catalog.pg_namespace WHERE nspname = CURRENT_SCHEMA()))

2026/03/25 16:39:44 [32mD:/works/edulinker_v2/backend/internal/database/database.go:72
[0m[33m[0.000ms] [34;1m[rows:0][0m SELECT description FROM pg_catalog.pg_description WHERE objsubid = (SELECT ordinal_position FROM information_schema.columns WHERE table_schema = CURRENT_SCHEMA() AND table_name = 'facility_reservations' AND column_name = 'facility_id') AND objoid = (SELECT oid FROM pg_catalog.pg_class WHERE relname = 'facility_reservations' AND relnamespace = (SELECT oid FROM pg_catalog.pg_namespace WHERE nspname = CURRENT_SCHEMA()))

2026/03/25 16:39:44 [32mD:/works/edulinker_v2/backend/internal/database/database.go:72
[0m[33m[0.507ms] [34;1m[rows:0][0m SELECT description FROM pg_catalog.pg_description WHERE objsubid = (SELECT ordinal_position FROM information_schema.columns WHERE table_schema = CURRENT_SCHEMA() AND table_name = 'facility_reservations' AND column_name = 'teacher_id') AND objoid = (SELECT oid FROM pg_catalog.pg_class WHERE relname = 'facility_reservations' AND relnamespace = (SELECT oid FROM pg_catalog.pg_namespace WHERE nspname = CURRENT_SCHEMA()))

2026/03/25 16:39:44 [32mD:/works/edulinker_v2/backend/internal/database/database.go:72
[0m[33m[0.000ms] [34;1m[rows:0][0m SELECT description FROM pg_catalog.pg_description WHERE objsubid = (SELECT ordinal_position FROM information_schema.columns WHERE table_schema = CURRENT_SCHEMA() AND table_name = 'facility_reservations' AND column_name = 'start_time') AND objoid = (SELECT oid FROM pg_catalog.pg_class WHERE relname = 'facility_reservations' AND relnamespace = (SELECT oid FROM pg_catalog.pg_namespace WHERE nspname = CURRENT_SCHEMA()))

2026/03/25 16:39:44 [32mD:/works/edulinker_v2/backend/internal/database/database.go:72
[0m[33m[0.000ms] [34;1m[rows:0][0m SELECT description FROM pg_catalog.pg_description WHERE objsubid = (SELECT ordinal_position FROM information_schema.columns WHERE table_schema = CURRENT_SCHEMA() AND table_name = 'facility_reservations' AND column_name = 'end_time') AND objoid = (SELECT oid FROM pg_catalog.pg_class WHERE relname = 'facility_reservations' AND relnamespace = (SELECT oid FROM pg_catalog.pg_namespace WHERE nspname = CURRENT_SCHEMA()))

2026/03/25 16:39:44 [32mD:/works/edulinker_v2/backend/internal/database/database.go:72
[0m[33m[0.000ms] [34;1m[rows:0][0m SELECT description FROM pg_catalog.pg_description WHERE objsubid = (SELECT ordinal_position FROM information_schema.columns WHERE table_schema = CURRENT_SCHEMA() AND table_name = 'facility_reservations' AND column_name = 'purpose') AND objoid = (SELECT oid FROM pg_catalog.pg_class WHERE relname = 'facility_reservations' AND relnamespace = (SELECT oid FROM pg_catalog.pg_namespace WHERE nspname = CURRENT_SCHEMA()))

2026/03/25 16:39:44 [32mD:/works/edulinker_v2/backend/internal/database/database.go:72
[0m[33m[0.539ms] [34;1m[rows:0][0m SELECT description FROM pg_catalog.pg_description WHERE objsubid = (SELECT ordinal_position FROM information_schema.columns WHERE table_schema = CURRENT_SCHEMA() AND table_name = 'facility_reservations' AND column_name = 'created_at') AND objoid = (SELECT oid FROM pg_catalog.pg_class WHERE relname = 'facility_reservations' AND relnamespace = (SELECT oid FROM pg_catalog.pg_namespace WHERE nspname = CURRENT_SCHEMA()))

2026/03/25 16:39:44 [32mD:/works/edulinker_v2/backend/internal/database/database.go:72
[0m[33m[0.000ms] [34;1m[rows:1][0m SELECT count(*) FROM pg_indexes WHERE tablename = 'facility_reservations' AND indexname = 'idx_facility_reservations_facility_id' AND schemaname = CURRENT_SCHEMA()

2026/03/25 16:39:44 [32mD:/works/edulinker_v2/backend/internal/database/database.go:72
[0m[33m[0.000ms] [34;1m[rows:1][0m SELECT count(*) FROM pg_indexes WHERE tablename = 'facility_reservations' AND indexname = 'idx_facility_reservations_teacher_id' AND schemaname = CURRENT_SCHEMA()

2026/03/25 16:39:44 [32mD:/works/edulinker_v2/backend/internal/database/database.go:72
[0m[33m[0.000ms] [34;1m[rows:1][0m SELECT count(*) FROM information_schema.tables WHERE table_schema = CURRENT_SCHEMA() AND table_name = 'task_handovers' AND table_type = 'BASE TABLE'

2026/03/25 16:39:44 [32mD:/works/edulinker_v2/backend/internal/database/database.go:72
[0m[33m[0.512ms] [34;1m[rows:1][0m SELECT CURRENT_DATABASE()

2026/03/25 16:39:44 [32mD:/works/edulinker_v2/backend/internal/database/database.go:72
[0m[33m[0.000ms] [34;1m[rows:-][0m SELECT c.column_name, c.is_nullable = 'YES', c.udt_name, c.character_maximum_length, c.numeric_precision, c.numeric_precision_radix, c.numeric_scale, c.datetime_precision, 8 * typlen, c.column_default, pd.description, c.identity_increment FROM information_schema.columns AS c JOIN pg_type AS pgt ON c.udt_name = pgt.typname LEFT JOIN pg_catalog.pg_description as pd ON pd.objsubid = c.ordinal_position AND pd.objoid = (SELECT oid FROM pg_catalog.pg_class WHERE relname = c.table_name AND relnamespace = (SELECT oid FROM pg_catalog.pg_namespace WHERE nspname = c.table_schema)) where table_catalog = 'edulinker' AND table_schema = CURRENT_SCHEMA() AND table_name = 'task_handovers'

2026/03/25 16:39:44 [32mD:/works/edulinker_v2/backend/internal/database/database.go:72
[0m[33m[0.000ms] [34;1m[rows:-][0m SELECT * FROM "task_handovers" LIMIT 5

2026/03/25 16:39:44 [32mD:/works/edulinker_v2/backend/internal/database/database.go:72
[0m[33m[0.000ms] [34;1m[rows:-][0m SELECT constraint_name FROM information_schema.table_constraints tc JOIN information_schema.constraint_column_usage AS ccu USING (constraint_schema, constraint_catalog, table_name, constraint_name) JOIN information_schema.columns AS c ON c.table_schema = tc.constraint_schema AND tc.table_name = c.table_name AND ccu.column_name = c.column_name WHERE constraint_type IN ('PRIMARY KEY', 'UNIQUE') AND c.table_catalog = 'edulinker' AND c.table_schema = CURRENT_SCHEMA() AND c.table_name = 'task_handovers' AND constraint_type = 'UNIQUE'

2026/03/25 16:39:44 [32mD:/works/edulinker_v2/backend/internal/database/database.go:72
[0m[33m[0.507ms] [34;1m[rows:-][0m SELECT c.column_name, constraint_name, constraint_type FROM information_schema.table_constraints tc JOIN information_schema.constraint_column_usage AS ccu USING (constraint_schema, constraint_catalog, table_name, constraint_name) JOIN information_schema.columns AS c ON c.table_schema = tc.constraint_schema AND tc.table_name = c.table_name AND ccu.column_name = c.column_name WHERE constraint_type IN ('PRIMARY KEY', 'UNIQUE') AND c.table_catalog = 'edulinker' AND c.table_schema = CURRENT_SCHEMA() AND c.table_name = 'task_handovers'

2026/03/25 16:39:44 [32mD:/works/edulinker_v2/backend/internal/database/database.go:72
[0m[33m[0.000ms] [34;1m[rows:-][0m SELECT a.attname as column_name, format_type(a.atttypid, a.atttypmod) AS data_type
		FROM pg_attribute a JOIN pg_class b ON a.attrelid = b.oid AND relnamespace = (SELECT oid FROM pg_catalog.pg_namespace WHERE nspname = CURRENT_SCHEMA())
		WHERE a.attnum > 0 -- hide internal columns
		AND NOT a.attisdropped -- hide deleted columns
		AND b.relname = 'task_handovers'

2026/03/25 16:39:44 [32mD:/works/edulinker_v2/backend/internal/database/database.go:72
[0m[33m[0.000ms] [34;1m[rows:0][0m SELECT description FROM pg_catalog.pg_description WHERE objsubid = (SELECT ordinal_position FROM information_schema.columns WHERE table_schema = CURRENT_SCHEMA() AND table_name = 'task_handovers' AND column_name = 'id') AND objoid = (SELECT oid FROM pg_catalog.pg_class WHERE relname = 'task_handovers' AND relnamespace = (SELECT oid FROM pg_catalog.pg_namespace WHERE nspname = CURRENT_SCHEMA()))

2026/03/25 16:39:44 [32mD:/works/edulinker_v2/backend/internal/database/database.go:72
[0m[33m[0.000ms] [34;1m[rows:0][0m SELECT description FROM pg_catalog.pg_description WHERE objsubid = (SELECT ordinal_position FROM information_schema.columns WHERE table_schema = CURRENT_SCHEMA() AND table_name = 'task_handovers' AND column_name = 'school_id') AND objoid = (SELECT oid FROM pg_catalog.pg_class WHERE relname = 'task_handovers' AND relnamespace = (SELECT oid FROM pg_catalog.pg_namespace WHERE nspname = CURRENT_SCHEMA()))

2026/03/25 16:39:44 [32mD:/works/edulinker_v2/backend/internal/database/database.go:72
[0m[33m[0.000ms] [34;1m[rows:0][0m SELECT description FROM pg_catalog.pg_description WHERE objsubid = (SELECT ordinal_position FROM information_schema.columns WHERE table_schema = CURRENT_SCHEMA() AND table_name = 'task_handovers' AND column_name = 'from_user_id') AND objoid = (SELECT oid FROM pg_catalog.pg_class WHERE relname = 'task_handovers' AND relnamespace = (SELECT oid FROM pg_catalog.pg_namespace WHERE nspname = CURRENT_SCHEMA()))

2026/03/25 16:39:44 [32mD:/works/edulinker_v2/backend/internal/database/database.go:72
[0m[33m[0.819ms] [34;1m[rows:0][0m SELECT description FROM pg_catalog.pg_description WHERE objsubid = (SELECT ordinal_position FROM information_schema.columns WHERE table_schema = CURRENT_SCHEMA() AND table_name = 'task_handovers' AND column_name = 'to_user_id') AND objoid = (SELECT oid FROM pg_catalog.pg_class WHERE relname = 'task_handovers' AND relnamespace = (SELECT oid FROM pg_catalog.pg_namespace WHERE nspname = CURRENT_SCHEMA()))

2026/03/25 16:39:44 [32mD:/works/edulinker_v2/backend/internal/database/database.go:72
[0m[33m[0.000ms] [34;1m[rows:0][0m SELECT description FROM pg_catalog.pg_description WHERE objsubid = (SELECT ordinal_position FROM information_schema.columns WHERE table_schema = CURRENT_SCHEMA() AND table_name = 'task_handovers' AND column_name = 'task_name') AND objoid = (SELECT oid FROM pg_catalog.pg_class WHERE relname = 'task_handovers' AND relnamespace = (SELECT oid FROM pg_catalog.pg_namespace WHERE nspname = CURRENT_SCHEMA()))

2026/03/25 16:39:44 [32mD:/works/edulinker_v2/backend/internal/database/database.go:72
[0m[33m[0.000ms] [34;1m[rows:0][0m SELECT description FROM pg_catalog.pg_description WHERE objsubid = (SELECT ordinal_position FROM information_schema.columns WHERE table_schema = CURRENT_SCHEMA() AND table_name = 'task_handovers' AND column_name = 'content') AND objoid = (SELECT oid FROM pg_catalog.pg_class WHERE relname = 'task_handovers' AND relnamespace = (SELECT oid FROM pg_catalog.pg_namespace WHERE nspname = CURRENT_SCHEMA()))

2026/03/25 16:39:44 [32mD:/works/edulinker_v2/backend/internal/database/database.go:72
[0m[33m[0.531ms] [34;1m[rows:0][0m SELECT description FROM pg_catalog.pg_description WHERE objsubid = (SELECT ordinal_position FROM information_schema.columns WHERE table_schema = CURRENT_SCHEMA() AND table_name = 'task_handovers' AND column_name = 'files_url') AND objoid = (SELECT oid FROM pg_catalog.pg_class WHERE relname = 'task_handovers' AND relnamespace = (SELECT oid FROM pg_catalog.pg_namespace WHERE nspname = CURRENT_SCHEMA()))

2026/03/25 16:39:44 [32mD:/works/edulinker_v2/backend/internal/database/database.go:72
[0m[33m[0.000ms] [34;1m[rows:0][0m SELECT description FROM pg_catalog.pg_description WHERE objsubid = (SELECT ordinal_position FROM information_schema.columns WHERE table_schema = CURRENT_SCHEMA() AND table_name = 'task_handovers' AND column_name = 'is_confirmed') AND objoid = (SELECT oid FROM pg_catalog.pg_class WHERE relname = 'task_handovers' AND relnamespace = (SELECT oid FROM pg_catalog.pg_namespace WHERE nspname = CURRENT_SCHEMA()))

2026/03/25 16:39:44 [32mD:/works/edulinker_v2/backend/internal/database/database.go:72
[0m[33m[0.000ms] [34;1m[rows:0][0m SELECT description FROM pg_catalog.pg_description WHERE objsubid = (SELECT ordinal_position FROM information_schema.columns WHERE table_schema = CURRENT_SCHEMA() AND table_name = 'task_handovers' AND column_name = 'created_at') AND objoid = (SELECT oid FROM pg_catalog.pg_class WHERE relname = 'task_handovers' AND relnamespace = (SELECT oid FROM pg_catalog.pg_namespace WHERE nspname = CURRENT_SCHEMA()))

2026/03/25 16:39:44 [32mD:/works/edulinker_v2/backend/internal/database/database.go:72
[0m[33m[0.000ms] [34;1m[rows:1][0m SELECT count(*) FROM pg_indexes WHERE tablename = 'task_handovers' AND indexname = 'idx_task_handovers_school_id' AND schemaname = CURRENT_SCHEMA()

2026/03/25 16:39:44 [32mD:/works/edulinker_v2/backend/internal/database/database.go:72
[0m[33m[0.000ms] [34;1m[rows:1][0m SELECT count(*) FROM information_schema.tables WHERE table_schema = CURRENT_SCHEMA() AND table_name = 'multi_evaluations' AND table_type = 'BASE TABLE'

2026/03/25 16:39:44 [32mD:/works/edulinker_v2/backend/internal/database/database.go:72
[0m[33m[0.511ms] [34;1m[rows:1][0m SELECT CURRENT_DATABASE()

2026/03/25 16:39:44 [32mD:/works/edulinker_v2/backend/internal/database/database.go:72
[0m[33m[0.000ms] [34;1m[rows:-][0m SELECT c.column_name, c.is_nullable = 'YES', c.udt_name, c.character_maximum_length, c.numeric_precision, c.numeric_precision_radix, c.numeric_scale, c.datetime_precision, 8 * typlen, c.column_default, pd.description, c.identity_increment FROM information_schema.columns AS c JOIN pg_type AS pgt ON c.udt_name = pgt.typname LEFT JOIN pg_catalog.pg_description as pd ON pd.objsubid = c.ordinal_position AND pd.objoid = (SELECT oid FROM pg_catalog.pg_class WHERE relname = c.table_name AND relnamespace = (SELECT oid FROM pg_catalog.pg_namespace WHERE nspname = c.table_schema)) where table_catalog = 'edulinker' AND table_schema = CURRENT_SCHEMA() AND table_name = 'multi_evaluations'

2026/03/25 16:39:44 [32mD:/works/edulinker_v2/backend/internal/database/database.go:72
[0m[33m[0.510ms] [34;1m[rows:-][0m SELECT * FROM "multi_evaluations" LIMIT 5

2026/03/25 16:39:44 [32mD:/works/edulinker_v2/backend/internal/database/database.go:72
[0m[33m[0.510ms] [34;1m[rows:-][0m SELECT constraint_name FROM information_schema.table_constraints tc JOIN information_schema.constraint_column_usage AS ccu USING (constraint_schema, constraint_catalog, table_name, constraint_name) JOIN information_schema.columns AS c ON c.table_schema = tc.constraint_schema AND tc.table_name = c.table_name AND ccu.column_name = c.column_name WHERE constraint_type IN ('PRIMARY KEY', 'UNIQUE') AND c.table_catalog = 'edulinker' AND c.table_schema = CURRENT_SCHEMA() AND c.table_name = 'multi_evaluations' AND constraint_type = 'UNIQUE'

2026/03/25 16:39:44 [32mD:/works/edulinker_v2/backend/internal/database/database.go:72
[0m[33m[0.000ms] [34;1m[rows:-][0m SELECT c.column_name, constraint_name, constraint_type FROM information_schema.table_constraints tc JOIN information_schema.constraint_column_usage AS ccu USING (constraint_schema, constraint_catalog, table_name, constraint_name) JOIN information_schema.columns AS c ON c.table_schema = tc.constraint_schema AND tc.table_name = c.table_name AND ccu.column_name = c.column_name WHERE constraint_type IN ('PRIMARY KEY', 'UNIQUE') AND c.table_catalog = 'edulinker' AND c.table_schema = CURRENT_SCHEMA() AND c.table_name = 'multi_evaluations'

2026/03/25 16:39:44 [32mD:/works/edulinker_v2/backend/internal/database/database.go:72
[0m[33m[0.000ms] [34;1m[rows:-][0m SELECT a.attname as column_name, format_type(a.atttypid, a.atttypmod) AS data_type
		FROM pg_attribute a JOIN pg_class b ON a.attrelid = b.oid AND relnamespace = (SELECT oid FROM pg_catalog.pg_namespace WHERE nspname = CURRENT_SCHEMA())
		WHERE a.attnum > 0 -- hide internal columns
		AND NOT a.attisdropped -- hide deleted columns
		AND b.relname = 'multi_evaluations'

2026/03/25 16:39:44 [32mD:/works/edulinker_v2/backend/internal/database/database.go:72
[0m[33m[0.545ms] [34;1m[rows:0][0m SELECT description FROM pg_catalog.pg_description WHERE objsubid = (SELECT ordinal_position FROM information_schema.columns WHERE table_schema = CURRENT_SCHEMA() AND table_name = 'multi_evaluations' AND column_name = 'id') AND objoid = (SELECT oid FROM pg_catalog.pg_class WHERE relname = 'multi_evaluations' AND relnamespace = (SELECT oid FROM pg_catalog.pg_namespace WHERE nspname = CURRENT_SCHEMA()))

2026/03/25 16:39:44 [32mD:/works/edulinker_v2/backend/internal/database/database.go:72
[0m[33m[0.000ms] [34;1m[rows:0][0m SELECT description FROM pg_catalog.pg_description WHERE objsubid = (SELECT ordinal_position FROM information_schema.columns WHERE table_schema = CURRENT_SCHEMA() AND table_name = 'multi_evaluations' AND column_name = 'school_id') AND objoid = (SELECT oid FROM pg_catalog.pg_class WHERE relname = 'multi_evaluations' AND relnamespace = (SELECT oid FROM pg_catalog.pg_namespace WHERE nspname = CURRENT_SCHEMA()))

2026/03/25 16:39:44 [32mD:/works/edulinker_v2/backend/internal/database/database.go:72
[0m[33m[0.000ms] [34;1m[rows:0][0m SELECT description FROM pg_catalog.pg_description WHERE objsubid = (SELECT ordinal_position FROM information_schema.columns WHERE table_schema = CURRENT_SCHEMA() AND table_name = 'multi_evaluations' AND column_name = 'target_teacher_id') AND objoid = (SELECT oid FROM pg_catalog.pg_class WHERE relname = 'multi_evaluations' AND relnamespace = (SELECT oid FROM pg_catalog.pg_namespace WHERE nspname = CURRENT_SCHEMA()))

2026/03/25 16:39:44 [32mD:/works/edulinker_v2/backend/internal/database/database.go:72
[0m[33m[0.000ms] [34;1m[rows:0][0m SELECT description FROM pg_catalog.pg_description WHERE objsubid = (SELECT ordinal_position FROM information_schema.columns WHERE table_schema = CURRENT_SCHEMA() AND table_name = 'multi_evaluations' AND column_name = 'evaluator_id') AND objoid = (SELECT oid FROM pg_catalog.pg_class WHERE relname = 'multi_evaluations' AND relnamespace = (SELECT oid FROM pg_catalog.pg_namespace WHERE nspname = CURRENT_SCHEMA()))

2026/03/25 16:39:44 [32mD:/works/edulinker_v2/backend/internal/database/database.go:72
[0m[33m[0.000ms] [34;1m[rows:0][0m SELECT description FROM pg_catalog.pg_description WHERE objsubid = (SELECT ordinal_position FROM information_schema.columns WHERE table_schema = CURRENT_SCHEMA() AND table_name = 'multi_evaluations' AND column_name = 'category') AND objoid = (SELECT oid FROM pg_catalog.pg_class WHERE relname = 'multi_evaluations' AND relnamespace = (SELECT oid FROM pg_catalog.pg_namespace WHERE nspname = CURRENT_SCHEMA()))

2026/03/25 16:39:44 [32mD:/works/edulinker_v2/backend/internal/database/database.go:72
[0m[33m[0.000ms] [34;1m[rows:0][0m SELECT description FROM pg_catalog.pg_description WHERE objsubid = (SELECT ordinal_position FROM information_schema.columns WHERE table_schema = CURRENT_SCHEMA() AND table_name = 'multi_evaluations' AND column_name = 'data_json') AND objoid = (SELECT oid FROM pg_catalog.pg_class WHERE relname = 'multi_evaluations' AND relnamespace = (SELECT oid FROM pg_catalog.pg_namespace WHERE nspname = CURRENT_SCHEMA()))

2026/03/25 16:39:44 [32mD:/works/edulinker_v2/backend/internal/database/database.go:72
[0m[33m[0.000ms] [34;1m[rows:0][0m SELECT description FROM pg_catalog.pg_description WHERE objsubid = (SELECT ordinal_position FROM information_schema.columns WHERE table_schema = CURRENT_SCHEMA() AND table_name = 'multi_evaluations' AND column_name = 'created_at') AND objoid = (SELECT oid FROM pg_catalog.pg_class WHERE relname = 'multi_evaluations' AND relnamespace = (SELECT oid FROM pg_catalog.pg_namespace WHERE nspname = CURRENT_SCHEMA()))

2026/03/25 16:39:44 [32mD:/works/edulinker_v2/backend/internal/database/database.go:72
[0m[33m[0.515ms] [34;1m[rows:1][0m SELECT count(*) FROM pg_indexes WHERE tablename = 'multi_evaluations' AND indexname = 'idx_multi_evaluations_school_id' AND schemaname = CURRENT_SCHEMA()

2026/03/25 16:39:44 [32mD:/works/edulinker_v2/backend/internal/database/database.go:72
[0m[33m[0.000ms] [34;1m[rows:1][0m SELECT count(*) FROM information_schema.tables WHERE table_schema = CURRENT_SCHEMA() AND table_name = 'knowledge_docs' AND table_type = 'BASE TABLE'

2026/03/25 16:39:44 [32mD:/works/edulinker_v2/backend/internal/database/database.go:72
[0m[33m[0.000ms] [34;1m[rows:1][0m SELECT CURRENT_DATABASE()

2026/03/25 16:39:44 [32mD:/works/edulinker_v2/backend/internal/database/database.go:72
[0m[33m[0.507ms] [34;1m[rows:-][0m SELECT c.column_name, c.is_nullable = 'YES', c.udt_name, c.character_maximum_length, c.numeric_precision, c.numeric_precision_radix, c.numeric_scale, c.datetime_precision, 8 * typlen, c.column_default, pd.description, c.identity_increment FROM information_schema.columns AS c JOIN pg_type AS pgt ON c.udt_name = pgt.typname LEFT JOIN pg_catalog.pg_description as pd ON pd.objsubid = c.ordinal_position AND pd.objoid = (SELECT oid FROM pg_catalog.pg_class WHERE relname = c.table_name AND relnamespace = (SELECT oid FROM pg_catalog.pg_namespace WHERE nspname = c.table_schema)) where table_catalog = 'edulinker' AND table_schema = CURRENT_SCHEMA() AND table_name = 'knowledge_docs'

2026/03/25 16:39:44 [32mD:/works/edulinker_v2/backend/internal/database/database.go:72
[0m[33m[0.508ms] [34;1m[rows:-][0m SELECT * FROM "knowledge_docs" LIMIT 5

2026/03/25 16:39:44 [32mD:/works/edulinker_v2/backend/internal/database/database.go:72
[0m[33m[0.000ms] [34;1m[rows:-][0m SELECT constraint_name FROM information_schema.table_constraints tc JOIN information_schema.constraint_column_usage AS ccu USING (constraint_schema, constraint_catalog, table_name, constraint_name) JOIN information_schema.columns AS c ON c.table_schema = tc.constraint_schema AND tc.table_name = c.table_name AND ccu.column_name = c.column_name WHERE constraint_type IN ('PRIMARY KEY', 'UNIQUE') AND c.table_catalog = 'edulinker' AND c.table_schema = CURRENT_SCHEMA() AND c.table_name = 'knowledge_docs' AND constraint_type = 'UNIQUE'

2026/03/25 16:39:44 [32mD:/works/edulinker_v2/backend/internal/database/database.go:72
[0m[33m[0.518ms] [34;1m[rows:-][0m SELECT c.column_name, constraint_name, constraint_type FROM information_schema.table_constraints tc JOIN information_schema.constraint_column_usage AS ccu USING (constraint_schema, constraint_catalog, table_name, constraint_name) JOIN information_schema.columns AS c ON c.table_schema = tc.constraint_schema AND tc.table_name = c.table_name AND ccu.column_name = c.column_name WHERE constraint_type IN ('PRIMARY KEY', 'UNIQUE') AND c.table_catalog = 'edulinker' AND c.table_schema = CURRENT_SCHEMA() AND c.table_name = 'knowledge_docs'

2026/03/25 16:39:44 [32mD:/works/edulinker_v2/backend/internal/database/database.go:72
[0m[33m[0.000ms] [34;1m[rows:-][0m SELECT a.attname as column_name, format_type(a.atttypid, a.atttypmod) AS data_type
		FROM pg_attribute a JOIN pg_class b ON a.attrelid = b.oid AND relnamespace = (SELECT oid FROM pg_catalog.pg_namespace WHERE nspname = CURRENT_SCHEMA())
		WHERE a.attnum > 0 -- hide internal columns
		AND NOT a.attisdropped -- hide deleted columns
		AND b.relname = 'knowledge_docs'

2026/03/25 16:39:44 [32mD:/works/edulinker_v2/backend/internal/database/database.go:72
[0m[33m[0.000ms] [34;1m[rows:0][0m SELECT description FROM pg_catalog.pg_description WHERE objsubid = (SELECT ordinal_position FROM information_schema.columns WHERE table_schema = CURRENT_SCHEMA() AND table_name = 'knowledge_docs' AND column_name = 'id') AND objoid = (SELECT oid FROM pg_catalog.pg_class WHERE relname = 'knowledge_docs' AND relnamespace = (SELECT oid FROM pg_catalog.pg_namespace WHERE nspname = CURRENT_SCHEMA()))

2026/03/25 16:39:44 [32mD:/works/edulinker_v2/backend/internal/database/database.go:72
[0m[33m[0.000ms] [34;1m[rows:0][0m SELECT description FROM pg_catalog.pg_description WHERE objsubid = (SELECT ordinal_position FROM information_schema.columns WHERE table_schema = CURRENT_SCHEMA() AND table_name = 'knowledge_docs' AND column_name = 'school_id') AND objoid = (SELECT oid FROM pg_catalog.pg_class WHERE relname = 'knowledge_docs' AND relnamespace = (SELECT oid FROM pg_catalog.pg_namespace WHERE nspname = CURRENT_SCHEMA()))

2026/03/25 16:39:44 [32mD:/works/edulinker_v2/backend/internal/database/database.go:72
[0m[33m[0.699ms] [34;1m[rows:0][0m SELECT description FROM pg_catalog.pg_description WHERE objsubid = (SELECT ordinal_position FROM information_schema.columns WHERE table_schema = CURRENT_SCHEMA() AND table_name = 'knowledge_docs' AND column_name = 'title') AND objoid = (SELECT oid FROM pg_catalog.pg_class WHERE relname = 'knowledge_docs' AND relnamespace = (SELECT oid FROM pg_catalog.pg_namespace WHERE nspname = CURRENT_SCHEMA()))

2026/03/25 16:39:44 [32mD:/works/edulinker_v2/backend/internal/database/database.go:72
[0m[33m[0.000ms] [34;1m[rows:0][0m SELECT description FROM pg_catalog.pg_description WHERE objsubid = (SELECT ordinal_position FROM information_schema.columns WHERE table_schema = CURRENT_SCHEMA() AND table_name = 'knowledge_docs' AND column_name = 'source_type') AND objoid = (SELECT oid FROM pg_catalog.pg_class WHERE relname = 'knowledge_docs' AND relnamespace = (SELECT oid FROM pg_catalog.pg_namespace WHERE nspname = CURRENT_SCHEMA()))

2026/03/25 16:39:44 [32mD:/works/edulinker_v2/backend/internal/database/database.go:72
[0m[33m[0.000ms] [34;1m[rows:0][0m SELECT description FROM pg_catalog.pg_description WHERE objsubid = (SELECT ordinal_position FROM information_schema.columns WHERE table_schema = CURRENT_SCHEMA() AND table_name = 'knowledge_docs' AND column_name = 'original_filename') AND objoid = (SELECT oid FROM pg_catalog.pg_class WHERE relname = 'knowledge_docs' AND relnamespace = (SELECT oid FROM pg_catalog.pg_namespace WHERE nspname = CURRENT_SCHEMA()))

2026/03/25 16:39:44 [32mD:/works/edulinker_v2/backend/internal/database/database.go:72
[0m[33m[0.507ms] [34;1m[rows:0][0m SELECT description FROM pg_catalog.pg_description WHERE objsubid = (SELECT ordinal_position FROM information_schema.columns WHERE table_schema = CURRENT_SCHEMA() AND table_name = 'knowledge_docs' AND column_name = 'file_url') AND objoid = (SELECT oid FROM pg_catalog.pg_class WHERE relname = 'knowledge_docs' AND relnamespace = (SELECT oid FROM pg_catalog.pg_namespace WHERE nspname = CURRENT_SCHEMA()))

2026/03/25 16:39:44 [32mD:/works/edulinker_v2/backend/internal/database/database.go:72
[0m[33m[0.000ms] [34;1m[rows:0][0m SELECT description FROM pg_catalog.pg_description WHERE objsubid = (SELECT ordinal_position FROM information_schema.columns WHERE table_schema = CURRENT_SCHEMA() AND table_name = 'knowledge_docs' AND column_name = 'markdown_content') AND objoid = (SELECT oid FROM pg_catalog.pg_class WHERE relname = 'knowledge_docs' AND relnamespace = (SELECT oid FROM pg_catalog.pg_namespace WHERE nspname = CURRENT_SCHEMA()))

2026/03/25 16:39:44 [32mD:/works/edulinker_v2/backend/internal/database/database.go:72
[0m[33m[0.000ms] [34;1m[rows:0][0m SELECT description FROM pg_catalog.pg_description WHERE objsubid = (SELECT ordinal_position FROM information_schema.columns WHERE table_schema = CURRENT_SCHEMA() AND table_name = 'knowledge_docs' AND column_name = 'created_by') AND objoid = (SELECT oid FROM pg_catalog.pg_class WHERE relname = 'knowledge_docs' AND relnamespace = (SELECT oid FROM pg_catalog.pg_namespace WHERE nspname = CURRENT_SCHEMA()))

2026/03/25 16:39:44 [32mD:/works/edulinker_v2/backend/internal/database/database.go:72
[0m[33m[0.000ms] [34;1m[rows:0][0m SELECT description FROM pg_catalog.pg_description WHERE objsubid = (SELECT ordinal_position FROM information_schema.columns WHERE table_schema = CURRENT_SCHEMA() AND table_name = 'knowledge_docs' AND column_name = 'created_at') AND objoid = (SELECT oid FROM pg_catalog.pg_class WHERE relname = 'knowledge_docs' AND relnamespace = (SELECT oid FROM pg_catalog.pg_namespace WHERE nspname = CURRENT_SCHEMA()))

2026/03/25 16:39:44 [32mD:/works/edulinker_v2/backend/internal/database/database.go:72
[0m[33m[0.000ms] [34;1m[rows:1][0m SELECT count(*) FROM INFORMATION_SCHEMA.table_constraints WHERE table_schema = CURRENT_SCHEMA() AND table_name = 'knowledge_docs' AND constraint_name = 'fk_knowledge_docs_user'

2026/03/25 16:39:44 [32mD:/works/edulinker_v2/backend/internal/database/database.go:72
[0m[33m[0.000ms] [34;1m[rows:1][0m SELECT count(*) FROM pg_indexes WHERE tablename = 'knowledge_docs' AND indexname = 'idx_knowledge_docs_school_id' AND schemaname = CURRENT_SCHEMA()

2026/03/25 16:39:44 [32mD:/works/edulinker_v2/backend/internal/database/database.go:72
[0m[33m[0.000ms] [34;1m[rows:1][0m SELECT count(*) FROM information_schema.tables WHERE table_schema = CURRENT_SCHEMA() AND table_name = 'knowledge_chunks' AND table_type = 'BASE TABLE'

2026/03/25 16:39:44 [32mD:/works/edulinker_v2/backend/internal/database/database.go:72
[0m[33m[0.000ms] [34;1m[rows:1][0m SELECT CURRENT_DATABASE()

2026/03/25 16:39:44 [32mD:/works/edulinker_v2/backend/internal/database/database.go:72
[0m[33m[0.509ms] [34;1m[rows:-][0m SELECT c.column_name, c.is_nullable = 'YES', c.udt_name, c.character_maximum_length, c.numeric_precision, c.numeric_precision_radix, c.numeric_scale, c.datetime_precision, 8 * typlen, c.column_default, pd.description, c.identity_increment FROM information_schema.columns AS c JOIN pg_type AS pgt ON c.udt_name = pgt.typname LEFT JOIN pg_catalog.pg_description as pd ON pd.objsubid = c.ordinal_position AND pd.objoid = (SELECT oid FROM pg_catalog.pg_class WHERE relname = c.table_name AND relnamespace = (SELECT oid FROM pg_catalog.pg_namespace WHERE nspname = c.table_schema)) where table_catalog = 'edulinker' AND table_schema = CURRENT_SCHEMA() AND table_name = 'knowledge_chunks'

2026/03/25 16:39:44 [32mD:/works/edulinker_v2/backend/internal/database/database.go:72
[0m[33m[0.509ms] [34;1m[rows:-][0m SELECT * FROM "knowledge_chunks" LIMIT 5

2026/03/25 16:39:44 [32mD:/works/edulinker_v2/backend/internal/database/database.go:72
[0m[33m[0.000ms] [34;1m[rows:-][0m SELECT constraint_name FROM information_schema.table_constraints tc JOIN information_schema.constraint_column_usage AS ccu USING (constraint_schema, constraint_catalog, table_name, constraint_name) JOIN information_schema.columns AS c ON c.table_schema = tc.constraint_schema AND tc.table_name = c.table_name AND ccu.column_name = c.column_name WHERE constraint_type IN ('PRIMARY KEY', 'UNIQUE') AND c.table_catalog = 'edulinker' AND c.table_schema = CURRENT_SCHEMA() AND c.table_name = 'knowledge_chunks' AND constraint_type = 'UNIQUE'

2026/03/25 16:39:44 [32mD:/works/edulinker_v2/backend/internal/database/database.go:72
[0m[33m[0.509ms] [34;1m[rows:-][0m SELECT c.column_name, constraint_name, constraint_type FROM information_schema.table_constraints tc JOIN information_schema.constraint_column_usage AS ccu USING (constraint_schema, constraint_catalog, table_name, constraint_name) JOIN information_schema.columns AS c ON c.table_schema = tc.constraint_schema AND tc.table_name = c.table_name AND ccu.column_name = c.column_name WHERE constraint_type IN ('PRIMARY KEY', 'UNIQUE') AND c.table_catalog = 'edulinker' AND c.table_schema = CURRENT_SCHEMA() AND c.table_name = 'knowledge_chunks'

2026/03/25 16:39:44 [32mD:/works/edulinker_v2/backend/internal/database/database.go:72
[0m[33m[0.000ms] [34;1m[rows:-][0m SELECT a.attname as column_name, format_type(a.atttypid, a.atttypmod) AS data_type
		FROM pg_attribute a JOIN pg_class b ON a.attrelid = b.oid AND relnamespace = (SELECT oid FROM pg_catalog.pg_namespace WHERE nspname = CURRENT_SCHEMA())
		WHERE a.attnum > 0 -- hide internal columns
		AND NOT a.attisdropped -- hide deleted columns
		AND b.relname = 'knowledge_chunks'

2026/03/25 16:39:44 [32mD:/works/edulinker_v2/backend/internal/database/database.go:72
[0m[33m[0.000ms] [34;1m[rows:0][0m SELECT description FROM pg_catalog.pg_description WHERE objsubid = (SELECT ordinal_position FROM information_schema.columns WHERE table_schema = CURRENT_SCHEMA() AND table_name = 'knowledge_chunks' AND column_name = 'id') AND objoid = (SELECT oid FROM pg_catalog.pg_class WHERE relname = 'knowledge_chunks' AND relnamespace = (SELECT oid FROM pg_catalog.pg_namespace WHERE nspname = CURRENT_SCHEMA()))

2026/03/25 16:39:44 [32mD:/works/edulinker_v2/backend/internal/database/database.go:72
[0m[33m[0.567ms] [34;1m[rows:0][0m SELECT description FROM pg_catalog.pg_description WHERE objsubid = (SELECT ordinal_position FROM information_schema.columns WHERE table_schema = CURRENT_SCHEMA() AND table_name = 'knowledge_chunks' AND column_name = 'doc_id') AND objoid = (SELECT oid FROM pg_catalog.pg_class WHERE relname = 'knowledge_chunks' AND relnamespace = (SELECT oid FROM pg_catalog.pg_namespace WHERE nspname = CURRENT_SCHEMA()))

2026/03/25 16:39:44 [32mD:/works/edulinker_v2/backend/internal/database/database.go:72
[0m[33m[0.000ms] [34;1m[rows:0][0m SELECT description FROM pg_catalog.pg_description WHERE objsubid = (SELECT ordinal_position FROM information_schema.columns WHERE table_schema = CURRENT_SCHEMA() AND table_name = 'knowledge_chunks' AND column_name = 'chunk_index') AND objoid = (SELECT oid FROM pg_catalog.pg_class WHERE relname = 'knowledge_chunks' AND relnamespace = (SELECT oid FROM pg_catalog.pg_namespace WHERE nspname = CURRENT_SCHEMA()))

2026/03/25 16:39:44 [32mD:/works/edulinker_v2/backend/internal/database/database.go:72
[0m[33m[0.000ms] [34;1m[rows:0][0m SELECT description FROM pg_catalog.pg_description WHERE objsubid = (SELECT ordinal_position FROM information_schema.columns WHERE table_schema = CURRENT_SCHEMA() AND table_name = 'knowledge_chunks' AND column_name = 'chunk_text') AND objoid = (SELECT oid FROM pg_catalog.pg_class WHERE relname = 'knowledge_chunks' AND relnamespace = (SELECT oid FROM pg_catalog.pg_namespace WHERE nspname = CURRENT_SCHEMA()))

2026/03/25 16:39:44 [32m
[0m[33m[0.000ms] [34;1m[rows:1][0m SELECT CURRENT_DATABASE()

2026/03/25 16:39:44 [32m
[0m[33m[0.511ms] [34;1m[rows:-][0m SELECT c.column_name, c.is_nullable = 'YES', c.udt_name, c.character_maximum_length, c.numeric_precision, c.numeric_precision_radix, c.numeric_scale, c.datetime_precision, 8 * typlen, c.column_default, pd.description, c.identity_increment FROM information_schema.columns AS c JOIN pg_type AS pgt ON c.udt_name = pgt.typname LEFT JOIN pg_catalog.pg_description as pd ON pd.objsubid = c.ordinal_position AND pd.objoid = (SELECT oid FROM pg_catalog.pg_class WHERE relname = c.table_name AND relnamespace = (SELECT oid FROM pg_catalog.pg_namespace WHERE nspname = c.table_schema)) where table_catalog = 'edulinker' AND table_schema = CURRENT_SCHEMA() AND table_name = 'knowledge_chunks'

2026/03/25 16:39:44 [32m
[0m[33m[0.000ms] [34;1m[rows:-][0m SELECT * FROM "knowledge_chunks" LIMIT 5

2026/03/25 16:39:44 [32m
[0m[33m[0.518ms] [34;1m[rows:-][0m SELECT constraint_name FROM information_schema.table_constraints tc JOIN information_schema.constraint_column_usage AS ccu USING (constraint_schema, constraint_catalog, table_name, constraint_name) JOIN information_schema.columns AS c ON c.table_schema = tc.constraint_schema AND tc.table_name = c.table_name AND ccu.column_name = c.column_name WHERE constraint_type IN ('PRIMARY KEY', 'UNIQUE') AND c.table_catalog = 'edulinker' AND c.table_schema = CURRENT_SCHEMA() AND c.table_name = 'knowledge_chunks' AND constraint_type = 'UNIQUE'

2026/03/25 16:39:44 [32m
[0m[33m[0.522ms] [34;1m[rows:-][0m SELECT c.column_name, constraint_name, constraint_type FROM information_schema.table_constraints tc JOIN information_schema.constraint_column_usage AS ccu USING (constraint_schema, constraint_catalog, table_name, constraint_name) JOIN information_schema.columns AS c ON c.table_schema = tc.constraint_schema AND tc.table_name = c.table_name AND ccu.column_name = c.column_name WHERE constraint_type IN ('PRIMARY KEY', 'UNIQUE') AND c.table_catalog = 'edulinker' AND c.table_schema = CURRENT_SCHEMA() AND c.table_name = 'knowledge_chunks'

2026/03/25 16:39:44 [32m
[0m[33m[0.000ms] [34;1m[rows:-][0m SELECT a.attname as column_name, format_type(a.atttypid, a.atttypmod) AS data_type
		FROM pg_attribute a JOIN pg_class b ON a.attrelid = b.oid AND relnamespace = (SELECT oid FROM pg_catalog.pg_namespace WHERE nspname = CURRENT_SCHEMA())
		WHERE a.attnum > 0 -- hide internal columns
		AND NOT a.attisdropped -- hide deleted columns
		AND b.relname = 'knowledge_chunks'

2026/03/25 16:39:44 [32m
[0m[33m[0.509ms] [34;1m[rows:0][0m ALTER TABLE "knowledge_chunks" ALTER COLUMN "embedding" TYPE float8[] USING "embedding"::float8[]

2026/03/25 16:39:44 [32mD:/works/edulinker_v2/backend/internal/database/database.go:72
[0m[33m[0.528ms] [34;1m[rows:0][0m SELECT description FROM pg_catalog.pg_description WHERE objsubid = (SELECT ordinal_position FROM information_schema.columns WHERE table_schema = CURRENT_SCHEMA() AND table_name = 'knowledge_chunks' AND column_name = 'embedding') AND objoid = (SELECT oid FROM pg_catalog.pg_class WHERE relname = 'knowledge_chunks' AND relnamespace = (SELECT oid FROM pg_catalog.pg_namespace WHERE nspname = CURRENT_SCHEMA()))

2026/03/25 16:39:44 [32mD:/works/edulinker_v2/backend/internal/database/database.go:72
[0m[33m[0.000ms] [34;1m[rows:0][0m SELECT description FROM pg_catalog.pg_description WHERE objsubid = (SELECT ordinal_position FROM information_schema.columns WHERE table_schema = CURRENT_SCHEMA() AND table_name = 'knowledge_chunks' AND column_name = 'created_at') AND objoid = (SELECT oid FROM pg_catalog.pg_class WHERE relname = 'knowledge_chunks' AND relnamespace = (SELECT oid FROM pg_catalog.pg_namespace WHERE nspname = CURRENT_SCHEMA()))

2026/03/25 16:39:44 [32mD:/works/edulinker_v2/backend/internal/database/database.go:72
[0m[33m[0.000ms] [34;1m[rows:1][0m SELECT count(*) FROM INFORMATION_SCHEMA.table_constraints WHERE table_schema = CURRENT_SCHEMA() AND table_name = 'knowledge_chunks' AND constraint_name = 'fk_knowledge_docs_chunks'

2026/03/25 16:39:44 [32mD:/works/edulinker_v2/backend/internal/database/database.go:72
[0m[33m[0.000ms] [34;1m[rows:1][0m SELECT count(*) FROM pg_indexes WHERE tablename = 'knowledge_chunks' AND indexname = 'idx_knowledge_chunks_doc_id' AND schemaname = CURRENT_SCHEMA()

2026/03/25 16:39:44 [32mD:/works/edulinker_v2/backend/internal/database/database.go:111
[0m[33m[1.049ms] [34;1m[rows:0][0m DROP INDEX IF EXISTS idx_users_phone
2026/03/25 16:39:44 ??Database migration completed

2026/03/25 16:39:44 [32mD:/works/edulinker_v2/backend/internal/database/database.go:145
[0m[33m[0.509ms] [34;1m[rows:1][0m SELECT * FROM "plugins" WHERE id = 'messenger' AND "plugins"."id" = 'messenger' ORDER BY "plugins"."id" LIMIT 1

2026/03/25 16:39:44 [32mD:/works/edulinker_v2/backend/internal/database/database.go:145
[0m[33m[0.000ms] [34;1m[rows:1][0m SELECT * FROM "plugins" WHERE id = 'announcement' AND "plugins"."id" = 'announcement' ORDER BY "plugins"."id" LIMIT 1

2026/03/25 16:39:44 [32mD:/works/edulinker_v2/backend/internal/database/database.go:145
[0m[33m[0.509ms] [34;1m[rows:1][0m SELECT * FROM "plugins" WHERE id = 'todo' AND "plugins"."id" = 'todo' ORDER BY "plugins"."id" LIMIT 1

2026/03/25 16:39:44 [32mD:/works/edulinker_v2/backend/internal/database/database.go:145
[0m[33m[0.000ms] [34;1m[rows:1][0m SELECT * FROM "plugins" WHERE id = 'student-alert' AND "plugins"."id" = 'student-alert' ORDER BY "plugins"."id" LIMIT 1

2026/03/25 16:39:44 [32mD:/works/edulinker_v2/backend/internal/database/database.go:145
[0m[33m[0.000ms] [34;1m[rows:1][0m SELECT * FROM "plugins" WHERE id = 'attendance' AND "plugins"."id" = 'attendance' ORDER BY "plugins"."id" LIMIT 1

2026/03/25 16:39:44 [32mD:/works/edulinker_v2/backend/internal/database/database.go:145
[0m[33m[0.000ms] [34;1m[rows:1][0m SELECT * FROM "plugins" WHERE id = 'gatong' AND "plugins"."id" = 'gatong' ORDER BY "plugins"."id" LIMIT 1

2026/03/25 16:39:44 [32mD:/works/edulinker_v2/backend/internal/database/database.go:145
[0m[33m[0.515ms] [34;1m[rows:1][0m SELECT * FROM "plugins" WHERE id = 'knowledge' AND "plugins"."id" = 'knowledge' ORDER BY "plugins"."id" LIMIT 1

2026/03/25 16:39:44 [32mD:/works/edulinker_v2/backend/internal/database/database.go:145
[0m[33m[0.000ms] [34;1m[rows:1][0m SELECT * FROM "plugins" WHERE id = 'sendoc' AND "plugins"."id" = 'sendoc' ORDER BY "plugins"."id" LIMIT 1

2026/03/25 16:39:44 [32mD:/works/edulinker_v2/backend/internal/database/database.go:145
[0m[33m[0.000ms] [34;1m[rows:1][0m SELECT * FROM "plugins" WHERE id = 'studentmgmt' AND "plugins"."id" = 'studentmgmt' ORDER BY "plugins"."id" LIMIT 1

2026/03/25 16:39:44 [32mD:/works/edulinker_v2/backend/internal/database/database.go:145
[0m[33m[0.000ms] [34;1m[rows:1][0m SELECT * FROM "plugins" WHERE id = 'curriculum' AND "plugins"."id" = 'curriculum' ORDER BY "plugins"."id" LIMIT 1

2026/03/25 16:39:44 [32mD:/works/edulinker_v2/backend/internal/database/database.go:145
[0m[33m[0.514ms] [34;1m[rows:1][0m SELECT * FROM "plugins" WHERE id = 'aianalysis' AND "plugins"."id" = 'aianalysis' ORDER BY "plugins"."id" LIMIT 1

2026/03/25 16:39:44 [32mD:/works/edulinker_v2/backend/internal/database/database.go:145
[0m[33m[0.000ms] [34;1m[rows:1][0m SELECT * FROM "plugins" WHERE id = 'schoolevents' AND "plugins"."id" = 'schoolevents' ORDER BY "plugins"."id" LIMIT 1

2026/03/25 16:39:44 [32mD:/works/edulinker_v2/backend/internal/database/database.go:145
[0m[33m[0.000ms] [34;1m[rows:1][0m SELECT * FROM "plugins" WHERE id = 'linker' AND "plugins"."id" = 'linker' ORDER BY "plugins"."id" LIMIT 1

2026/03/25 16:39:44 [32mD:/works/edulinker_v2/backend/internal/database/database.go:145
[0m[33m[0.000ms] [34;1m[rows:1][0m SELECT * FROM "plugins" WHERE id = 'pcinfo' AND "plugins"."id" = 'pcinfo' ORDER BY "plugins"."id" LIMIT 1

2026/03/25 16:39:44 [32mD:/works/edulinker_v2/backend/internal/database/database.go:145
[0m[33m[0.530ms] [34;1m[rows:1][0m SELECT * FROM "plugins" WHERE id = 'teacher-screen' AND "plugins"."id" = 'teacher-screen' ORDER BY "plugins"."id" LIMIT 1

2026/03/25 16:39:44 [32mD:/works/edulinker_v2/backend/internal/database/database.go:201
[0m[33m[0.000ms] [34;1m[rows:1][0m SELECT * FROM "plugin_permissions" WHERE (plugin_id = 'messenger' AND role = 'teacher') AND "plugin_permissions"."plugin_id" = 'messenger' AND "plugin_permissions"."role" = 'teacher' ORDER BY "plugin_permissions"."plugin_id" LIMIT 1

2026/03/25 16:39:44 [32mD:/works/edulinker_v2/backend/internal/database/database.go:201
[0m[33m[0.000ms] [34;1m[rows:1][0m SELECT * FROM "plugin_permissions" WHERE (plugin_id = 'announcement' AND role = 'teacher') AND "plugin_permissions"."plugin_id" = 'announcement' AND "plugin_permissions"."role" = 'teacher' ORDER BY "plugin_permissions"."plugin_id" LIMIT 1

2026/03/25 16:39:44 [32mD:/works/edulinker_v2/backend/internal/database/database.go:201
[0m[33m[0.554ms] [34;1m[rows:1][0m SELECT * FROM "plugin_permissions" WHERE (plugin_id = 'todo' AND role = 'teacher') AND "plugin_permissions"."plugin_id" = 'todo' AND "plugin_permissions"."role" = 'teacher' ORDER BY "plugin_permissions"."plugin_id" LIMIT 1

2026/03/25 16:39:44 [32mD:/works/edulinker_v2/backend/internal/database/database.go:201
[0m[33m[0.000ms] [34;1m[rows:1][0m SELECT * FROM "plugin_permissions" WHERE (plugin_id = 'student-alert' AND role = 'teacher') AND "plugin_permissions"."plugin_id" = 'student-alert' AND "plugin_permissions"."role" = 'teacher' ORDER BY "plugin_permissions"."plugin_id" LIMIT 1

2026/03/25 16:39:44 [32mD:/works/edulinker_v2/backend/internal/database/database.go:201
[0m[33m[0.000ms] [34;1m[rows:1][0m SELECT * FROM "plugin_permissions" WHERE (plugin_id = 'student-alert' AND role = 'student') AND "plugin_permissions"."plugin_id" = 'student-alert' AND "plugin_permissions"."role" = 'student' ORDER BY "plugin_permissions"."plugin_id" LIMIT 1

2026/03/25 16:39:44 [32mD:/works/edulinker_v2/backend/internal/database/database.go:201
[0m[33m[0.000ms] [34;1m[rows:1][0m SELECT * FROM "plugin_permissions" WHERE (plugin_id = 'student-alert' AND role = 'parent') AND "plugin_permissions"."plugin_id" = 'student-alert' AND "plugin_permissions"."role" = 'parent' ORDER BY "plugin_permissions"."plugin_id" LIMIT 1

2026/03/25 16:39:44 [32mD:/works/edulinker_v2/backend/internal/database/database.go:201
[0m[33m[0.000ms] [34;1m[rows:1][0m SELECT * FROM "plugin_permissions" WHERE (plugin_id = 'attendance' AND role = 'teacher') AND "plugin_permissions"."plugin_id" = 'attendance' AND "plugin_permissions"."role" = 'teacher' ORDER BY "plugin_permissions"."plugin_id" LIMIT 1

2026/03/25 16:39:44 [32mD:/works/edulinker_v2/backend/internal/database/database.go:201
[0m[33m[0.557ms] [34;1m[rows:1][0m SELECT * FROM "plugin_permissions" WHERE (plugin_id = 'attendance' AND role = 'parent') AND "plugin_permissions"."plugin_id" = 'attendance' AND "plugin_permissions"."role" = 'parent' ORDER BY "plugin_permissions"."plugin_id" LIMIT 1

2026/03/25 16:39:44 [32mD:/works/edulinker_v2/backend/internal/database/database.go:201
[0m[33m[0.000ms] [34;1m[rows:1][0m SELECT * FROM "plugin_permissions" WHERE (plugin_id = 'gatong' AND role = 'teacher') AND "plugin_permissions"."plugin_id" = 'gatong' AND "plugin_permissions"."role" = 'teacher' ORDER BY "plugin_permissions"."plugin_id" LIMIT 1

2026/03/25 16:39:44 [32mD:/works/edulinker_v2/backend/internal/database/database.go:201
[0m[33m[0.000ms] [34;1m[rows:1][0m SELECT * FROM "plugin_permissions" WHERE (plugin_id = 'gatong' AND role = 'parent') AND "plugin_permissions"."plugin_id" = 'gatong' AND "plugin_permissions"."role" = 'parent' ORDER BY "plugin_permissions"."plugin_id" LIMIT 1

2026/03/25 16:39:44 [32mD:/works/edulinker_v2/backend/internal/database/database.go:201
[0m[33m[0.000ms] [34;1m[rows:1][0m SELECT * FROM "plugin_permissions" WHERE (plugin_id = 'gatong' AND role = 'student') AND "plugin_permissions"."plugin_id" = 'gatong' AND "plugin_permissions"."role" = 'student' ORDER BY "plugin_permissions"."plugin_id" LIMIT 1

2026/03/25 16:39:44 [32mD:/works/edulinker_v2/backend/internal/database/database.go:201
[0m[33m[0.515ms] [34;1m[rows:1][0m SELECT * FROM "plugin_permissions" WHERE (plugin_id = 'sendoc' AND role = 'teacher') AND "plugin_permissions"."plugin_id" = 'sendoc' AND "plugin_permissions"."role" = 'teacher' ORDER BY "plugin_permissions"."plugin_id" LIMIT 1

2026/03/25 16:39:44 [32mD:/works/edulinker_v2/backend/internal/database/database.go:201
[0m[33m[0.000ms] [34;1m[rows:1][0m SELECT * FROM "plugin_permissions" WHERE (plugin_id = 'sendoc' AND role = 'parent') AND "plugin_permissions"."plugin_id" = 'sendoc' AND "plugin_permissions"."role" = 'parent' ORDER BY "plugin_permissions"."plugin_id" LIMIT 1

2026/03/25 16:39:44 [32mD:/works/edulinker_v2/backend/internal/database/database.go:201
[0m[33m[0.508ms] [34;1m[rows:1][0m SELECT * FROM "plugin_permissions" WHERE (plugin_id = 'sendoc' AND role = 'student') AND "plugin_permissions"."plugin_id" = 'sendoc' AND "plugin_permissions"."role" = 'student' ORDER BY "plugin_permissions"."plugin_id" LIMIT 1

2026/03/25 16:39:44 [32mD:/works/edulinker_v2/backend/internal/database/database.go:201
[0m[33m[0.000ms] [34;1m[rows:1][0m SELECT * FROM "plugin_permissions" WHERE (plugin_id = 'knowledge' AND role = 'teacher') AND "plugin_permissions"."plugin_id" = 'knowledge' AND "plugin_permissions"."role" = 'teacher' ORDER BY "plugin_permissions"."plugin_id" LIMIT 1

2026/03/25 16:39:44 [32mD:/works/edulinker_v2/backend/internal/database/database.go:201
[0m[33m[0.000ms] [34;1m[rows:1][0m SELECT * FROM "plugin_permissions" WHERE (plugin_id = 'studentmgmt' AND role = 'teacher') AND "plugin_permissions"."plugin_id" = 'studentmgmt' AND "plugin_permissions"."role" = 'teacher' ORDER BY "plugin_permissions"."plugin_id" LIMIT 1

2026/03/25 16:39:44 [32mD:/works/edulinker_v2/backend/internal/database/database.go:201
[0m[33m[0.000ms] [34;1m[rows:1][0m SELECT * FROM "plugin_permissions" WHERE (plugin_id = 'curriculum' AND role = 'teacher') AND "plugin_permissions"."plugin_id" = 'curriculum' AND "plugin_permissions"."role" = 'teacher' ORDER BY "plugin_permissions"."plugin_id" LIMIT 1

2026/03/25 16:39:44 [32mD:/works/edulinker_v2/backend/internal/database/database.go:201
[0m[33m[0.000ms] [34;1m[rows:1][0m SELECT * FROM "plugin_permissions" WHERE (plugin_id = 'curriculum' AND role = 'student') AND "plugin_permissions"."plugin_id" = 'curriculum' AND "plugin_permissions"."role" = 'student' ORDER BY "plugin_permissions"."plugin_id" LIMIT 1

2026/03/25 16:39:44 [32mD:/works/edulinker_v2/backend/internal/database/database.go:201
[0m[33m[0.000ms] [34;1m[rows:1][0m SELECT * FROM "plugin_permissions" WHERE (plugin_id = 'curriculum' AND role = 'parent') AND "plugin_permissions"."plugin_id" = 'curriculum' AND "plugin_permissions"."role" = 'parent' ORDER BY "plugin_permissions"."plugin_id" LIMIT 1

2026/03/25 16:39:44 [32mD:/works/edulinker_v2/backend/internal/database/database.go:201
[0m[33m[0.559ms] [34;1m[rows:1][0m SELECT * FROM "plugin_permissions" WHERE (plugin_id = 'aianalysis' AND role = 'teacher') AND "plugin_permissions"."plugin_id" = 'aianalysis' AND "plugin_permissions"."role" = 'teacher' ORDER BY "plugin_permissions"."plugin_id" LIMIT 1

2026/03/25 16:39:44 [32mD:/works/edulinker_v2/backend/internal/database/database.go:201
[0m[33m[0.000ms] [34;1m[rows:1][0m SELECT * FROM "plugin_permissions" WHERE (plugin_id = 'aianalysis' AND role = 'admin') AND "plugin_permissions"."plugin_id" = 'aianalysis' AND "plugin_permissions"."role" = 'admin' ORDER BY "plugin_permissions"."plugin_id" LIMIT 1

2026/03/25 16:39:44 [32mD:/works/edulinker_v2/backend/internal/database/database.go:201
[0m[33m[0.000ms] [34;1m[rows:1][0m SELECT * FROM "plugin_permissions" WHERE (plugin_id = 'schoolevents' AND role = 'teacher') AND "plugin_permissions"."plugin_id" = 'schoolevents' AND "plugin_permissions"."role" = 'teacher' ORDER BY "plugin_permissions"."plugin_id" LIMIT 1

2026/03/25 16:39:44 [32mD:/works/edulinker_v2/backend/internal/database/database.go:201
[0m[33m[0.000ms] [34;1m[rows:1][0m SELECT * FROM "plugin_permissions" WHERE (plugin_id = 'schoolevents' AND role = 'admin') AND "plugin_permissions"."plugin_id" = 'schoolevents' AND "plugin_permissions"."role" = 'admin' ORDER BY "plugin_permissions"."plugin_id" LIMIT 1

2026/03/25 16:39:44 [32mD:/works/edulinker_v2/backend/internal/database/database.go:201
[0m[33m[0.000ms] [34;1m[rows:1][0m SELECT * FROM "plugin_permissions" WHERE (plugin_id = 'schoolevents' AND role = 'student') AND "plugin_permissions"."plugin_id" = 'schoolevents' AND "plugin_permissions"."role" = 'student' ORDER BY "plugin_permissions"."plugin_id" LIMIT 1

2026/03/25 16:39:44 [32mD:/works/edulinker_v2/backend/internal/database/database.go:201
[0m[33m[0.000ms] [34;1m[rows:1][0m SELECT * FROM "plugin_permissions" WHERE (plugin_id = 'schoolevents' AND role = 'parent') AND "plugin_permissions"."plugin_id" = 'schoolevents' AND "plugin_permissions"."role" = 'parent' ORDER BY "plugin_permissions"."plugin_id" LIMIT 1

2026/03/25 16:39:44 [32mD:/works/edulinker_v2/backend/internal/database/database.go:201
[0m[33m[0.517ms] [34;1m[rows:1][0m SELECT * FROM "plugin_permissions" WHERE (plugin_id = 'linker' AND role = 'teacher') AND "plugin_permissions"."plugin_id" = 'linker' AND "plugin_permissions"."role" = 'teacher' ORDER BY "plugin_permissions"."plugin_id" LIMIT 1

2026/03/25 16:39:44 [32mD:/works/edulinker_v2/backend/internal/database/database.go:201
[0m[33m[0.000ms] [34;1m[rows:1][0m SELECT * FROM "plugin_permissions" WHERE (plugin_id = 'linker' AND role = 'student') AND "plugin_permissions"."plugin_id" = 'linker' AND "plugin_permissions"."role" = 'student' ORDER BY "plugin_permissions"."plugin_id" LIMIT 1

2026/03/25 16:39:44 [32mD:/works/edulinker_v2/backend/internal/database/database.go:201
[0m[33m[0.000ms] [34;1m[rows:1][0m SELECT * FROM "plugin_permissions" WHERE (plugin_id = 'linker' AND role = 'parent') AND "plugin_permissions"."plugin_id" = 'linker' AND "plugin_permissions"."role" = 'parent' ORDER BY "plugin_permissions"."plugin_id" LIMIT 1

2026/03/25 16:39:44 [32mD:/works/edulinker_v2/backend/internal/database/database.go:201
[0m[33m[0.000ms] [34;1m[rows:1][0m SELECT * FROM "plugin_permissions" WHERE (plugin_id = 'pcinfo' AND role = 'teacher') AND "plugin_permissions"."plugin_id" = 'pcinfo' AND "plugin_permissions"."role" = 'teacher' ORDER BY "plugin_permissions"."plugin_id" LIMIT 1

2026/03/25 16:39:44 [32mD:/works/edulinker_v2/backend/internal/database/database.go:201
[0m[33m[0.000ms] [34;1m[rows:1][0m SELECT * FROM "plugin_permissions" WHERE (plugin_id = 'teacher-screen' AND role = 'teacher') AND "plugin_permissions"."plugin_id" = 'teacher-screen' AND "plugin_permissions"."role" = 'teacher' ORDER BY "plugin_permissions"."plugin_id" LIMIT 1
2026/03/25 16:39:44 ??Plugin seed data inserted
2026/03/25 16:39:44 ??Connected to Redis
2026/03/25 16:39:44 ??Connected to MinIO
2026/03/25 16:39:44 ??File Gateway initialized

2026/03/25 16:39:44 [32mD:/works/edulinker_v2/backend/internal/plugins/messenger/messenger.go:117
[0m[33m[0.000ms] [34;1m[rows:1][0m SELECT count(*) FROM information_schema.tables WHERE table_schema = CURRENT_SCHEMA() AND table_name = 'chats' AND table_type = 'BASE TABLE'

2026/03/25 16:39:44 [32mD:/works/edulinker_v2/backend/internal/plugins/messenger/messenger.go:117
[0m[33m[0.000ms] [34;1m[rows:1][0m SELECT CURRENT_DATABASE()

2026/03/25 16:39:44 [32mD:/works/edulinker_v2/backend/internal/plugins/messenger/messenger.go:117
[0m[33m[0.510ms] [34;1m[rows:-][0m SELECT c.column_name, c.is_nullable = 'YES', c.udt_name, c.character_maximum_length, c.numeric_precision, c.numeric_precision_radix, c.numeric_scale, c.datetime_precision, 8 * typlen, c.column_default, pd.description, c.identity_increment FROM information_schema.columns AS c JOIN pg_type AS pgt ON c.udt_name = pgt.typname LEFT JOIN pg_catalog.pg_description as pd ON pd.objsubid = c.ordinal_position AND pd.objoid = (SELECT oid FROM pg_catalog.pg_class WHERE relname = c.table_name AND relnamespace = (SELECT oid FROM pg_catalog.pg_namespace WHERE nspname = c.table_schema)) where table_catalog = 'edulinker' AND table_schema = CURRENT_SCHEMA() AND table_name = 'chats'

2026/03/25 16:39:44 [32mD:/works/edulinker_v2/backend/internal/plugins/messenger/messenger.go:117
[0m[33m[0.511ms] [34;1m[rows:-][0m SELECT * FROM "chats" LIMIT 5

2026/03/25 16:39:44 [32mD:/works/edulinker_v2/backend/internal/plugins/messenger/messenger.go:117
[0m[33m[0.000ms] [34;1m[rows:-][0m SELECT constraint_name FROM information_schema.table_constraints tc JOIN information_schema.constraint_column_usage AS ccu USING (constraint_schema, constraint_catalog, table_name, constraint_name) JOIN information_schema.columns AS c ON c.table_schema = tc.constraint_schema AND tc.table_name = c.table_name AND ccu.column_name = c.column_name WHERE constraint_type IN ('PRIMARY KEY', 'UNIQUE') AND c.table_catalog = 'edulinker' AND c.table_schema = CURRENT_SCHEMA() AND c.table_name = 'chats' AND constraint_type = 'UNIQUE'

2026/03/25 16:39:44 [32mD:/works/edulinker_v2/backend/internal/plugins/messenger/messenger.go:117
[0m[33m[0.580ms] [34;1m[rows:-][0m SELECT c.column_name, constraint_name, constraint_type FROM information_schema.table_constraints tc JOIN information_schema.constraint_column_usage AS ccu USING (constraint_schema, constraint_catalog, table_name, constraint_name) JOIN information_schema.columns AS c ON c.table_schema = tc.constraint_schema AND tc.table_name = c.table_name AND ccu.column_name = c.column_name WHERE constraint_type IN ('PRIMARY KEY', 'UNIQUE') AND c.table_catalog = 'edulinker' AND c.table_schema = CURRENT_SCHEMA() AND c.table_name = 'chats'

2026/03/25 16:39:44 [32mD:/works/edulinker_v2/backend/internal/plugins/messenger/messenger.go:117
[0m[33m[0.000ms] [34;1m[rows:-][0m SELECT a.attname as column_name, format_type(a.atttypid, a.atttypmod) AS data_type
		FROM pg_attribute a JOIN pg_class b ON a.attrelid = b.oid AND relnamespace = (SELECT oid FROM pg_catalog.pg_namespace WHERE nspname = CURRENT_SCHEMA())
		WHERE a.attnum > 0 -- hide internal columns
		AND NOT a.attisdropped -- hide deleted columns
		AND b.relname = 'chats'

2026/03/25 16:39:44 [32mD:/works/edulinker_v2/backend/internal/plugins/messenger/messenger.go:117
[0m[33m[0.000ms] [34;1m[rows:0][0m SELECT description FROM pg_catalog.pg_description WHERE objsubid = (SELECT ordinal_position FROM information_schema.columns WHERE table_schema = CURRENT_SCHEMA() AND table_name = 'chats' AND column_name = 'id') AND objoid = (SELECT oid FROM pg_catalog.pg_class WHERE relname = 'chats' AND relnamespace = (SELECT oid FROM pg_catalog.pg_namespace WHERE nspname = CURRENT_SCHEMA()))

2026/03/25 16:39:44 [32mD:/works/edulinker_v2/backend/internal/plugins/messenger/messenger.go:117
[0m[33m[0.000ms] [34;1m[rows:0][0m SELECT description FROM pg_catalog.pg_description WHERE objsubid = (SELECT ordinal_position FROM information_schema.columns WHERE table_schema = CURRENT_SCHEMA() AND table_name = 'chats' AND column_name = 'school_id') AND objoid = (SELECT oid FROM pg_catalog.pg_class WHERE relname = 'chats' AND relnamespace = (SELECT oid FROM pg_catalog.pg_namespace WHERE nspname = CURRENT_SCHEMA()))

2026/03/25 16:39:44 [32mD:/works/edulinker_v2/backend/internal/plugins/messenger/messenger.go:117
[0m[33m[0.000ms] [34;1m[rows:0][0m SELECT description FROM pg_catalog.pg_description WHERE objsubid = (SELECT ordinal_position FROM information_schema.columns WHERE table_schema = CURRENT_SCHEMA() AND table_name = 'chats' AND column_name = 'type') AND objoid = (SELECT oid FROM pg_catalog.pg_class WHERE relname = 'chats' AND relnamespace = (SELECT oid FROM pg_catalog.pg_namespace WHERE nspname = CURRENT_SCHEMA()))

2026/03/25 16:39:44 [32mD:/works/edulinker_v2/backend/internal/plugins/messenger/messenger.go:117
[0m[33m[0.000ms] [34;1m[rows:0][0m SELECT description FROM pg_catalog.pg_description WHERE objsubid = (SELECT ordinal_position FROM information_schema.columns WHERE table_schema = CURRENT_SCHEMA() AND table_name = 'chats' AND column_name = 'name') AND objoid = (SELECT oid FROM pg_catalog.pg_class WHERE relname = 'chats' AND relnamespace = (SELECT oid FROM pg_catalog.pg_namespace WHERE nspname = CURRENT_SCHEMA()))

2026/03/25 16:39:44 [32mD:/works/edulinker_v2/backend/internal/plugins/messenger/messenger.go:117
[0m[33m[0.000ms] [34;1m[rows:0][0m SELECT description FROM pg_catalog.pg_description WHERE objsubid = (SELECT ordinal_position FROM information_schema.columns WHERE table_schema = CURRENT_SCHEMA() AND table_name = 'chats' AND column_name = 'created_by') AND objoid = (SELECT oid FROM pg_catalog.pg_class WHERE relname = 'chats' AND relnamespace = (SELECT oid FROM pg_catalog.pg_namespace WHERE nspname = CURRENT_SCHEMA()))

2026/03/25 16:39:44 [32mD:/works/edulinker_v2/backend/internal/plugins/messenger/messenger.go:117
[0m[33m[0.000ms] [34;1m[rows:0][0m SELECT description FROM pg_catalog.pg_description WHERE objsubid = (SELECT ordinal_position FROM information_schema.columns WHERE table_schema = CURRENT_SCHEMA() AND table_name = 'chats' AND column_name = 'created_at') AND objoid = (SELECT oid FROM pg_catalog.pg_class WHERE relname = 'chats' AND relnamespace = (SELECT oid FROM pg_catalog.pg_namespace WHERE nspname = CURRENT_SCHEMA()))

2026/03/25 16:39:44 [32mD:/works/edulinker_v2/backend/internal/plugins/messenger/messenger.go:117
[0m[33m[0.000ms] [34;1m[rows:0][0m SELECT description FROM pg_catalog.pg_description WHERE objsubid = (SELECT ordinal_position FROM information_schema.columns WHERE table_schema = CURRENT_SCHEMA() AND table_name = 'chats' AND column_name = 'updated_at') AND objoid = (SELECT oid FROM pg_catalog.pg_class WHERE relname = 'chats' AND relnamespace = (SELECT oid FROM pg_catalog.pg_namespace WHERE nspname = CURRENT_SCHEMA()))

2026/03/25 16:39:44 [32mD:/works/edulinker_v2/backend/internal/plugins/messenger/messenger.go:117
[0m[33m[0.000ms] [34;1m[rows:1][0m SELECT count(*) FROM pg_indexes WHERE tablename = 'chats' AND indexname = 'idx_chats_school_id' AND schemaname = CURRENT_SCHEMA()

2026/03/25 16:39:44 [32mD:/works/edulinker_v2/backend/internal/plugins/messenger/messenger.go:117
[0m[33m[0.513ms] [34;1m[rows:1][0m SELECT count(*) FROM information_schema.tables WHERE table_schema = CURRENT_SCHEMA() AND table_name = 'chat_members' AND table_type = 'BASE TABLE'

2026/03/25 16:39:44 [32mD:/works/edulinker_v2/backend/internal/plugins/messenger/messenger.go:117
[0m[33m[0.000ms] [34;1m[rows:1][0m SELECT CURRENT_DATABASE()

2026/03/25 16:39:44 [32mD:/works/edulinker_v2/backend/internal/plugins/messenger/messenger.go:117
[0m[33m[0.000ms] [34;1m[rows:-][0m SELECT c.column_name, c.is_nullable = 'YES', c.udt_name, c.character_maximum_length, c.numeric_precision, c.numeric_precision_radix, c.numeric_scale, c.datetime_precision, 8 * typlen, c.column_default, pd.description, c.identity_increment FROM information_schema.columns AS c JOIN pg_type AS pgt ON c.udt_name = pgt.typname LEFT JOIN pg_catalog.pg_description as pd ON pd.objsubid = c.ordinal_position AND pd.objoid = (SELECT oid FROM pg_catalog.pg_class WHERE relname = c.table_name AND relnamespace = (SELECT oid FROM pg_catalog.pg_namespace WHERE nspname = c.table_schema)) where table_catalog = 'edulinker' AND table_schema = CURRENT_SCHEMA() AND table_name = 'chat_members'

2026/03/25 16:39:44 [32mD:/works/edulinker_v2/backend/internal/plugins/messenger/messenger.go:117
[0m[33m[0.509ms] [34;1m[rows:-][0m SELECT * FROM "chat_members" LIMIT 5

2026/03/25 16:39:44 [32mD:/works/edulinker_v2/backend/internal/plugins/messenger/messenger.go:117
[0m[33m[0.510ms] [34;1m[rows:-][0m SELECT constraint_name FROM information_schema.table_constraints tc JOIN information_schema.constraint_column_usage AS ccu USING (constraint_schema, constraint_catalog, table_name, constraint_name) JOIN information_schema.columns AS c ON c.table_schema = tc.constraint_schema AND tc.table_name = c.table_name AND ccu.column_name = c.column_name WHERE constraint_type IN ('PRIMARY KEY', 'UNIQUE') AND c.table_catalog = 'edulinker' AND c.table_schema = CURRENT_SCHEMA() AND c.table_name = 'chat_members' AND constraint_type = 'UNIQUE'

2026/03/25 16:39:44 [32mD:/works/edulinker_v2/backend/internal/plugins/messenger/messenger.go:117
[0m[33m[0.000ms] [34;1m[rows:-][0m SELECT c.column_name, constraint_name, constraint_type FROM information_schema.table_constraints tc JOIN information_schema.constraint_column_usage AS ccu USING (constraint_schema, constraint_catalog, table_name, constraint_name) JOIN information_schema.columns AS c ON c.table_schema = tc.constraint_schema AND tc.table_name = c.table_name AND ccu.column_name = c.column_name WHERE constraint_type IN ('PRIMARY KEY', 'UNIQUE') AND c.table_catalog = 'edulinker' AND c.table_schema = CURRENT_SCHEMA() AND c.table_name = 'chat_members'

2026/03/25 16:39:44 [32mD:/works/edulinker_v2/backend/internal/plugins/messenger/messenger.go:117
[0m[33m[0.551ms] [34;1m[rows:-][0m SELECT a.attname as column_name, format_type(a.atttypid, a.atttypmod) AS data_type
		FROM pg_attribute a JOIN pg_class b ON a.attrelid = b.oid AND relnamespace = (SELECT oid FROM pg_catalog.pg_namespace WHERE nspname = CURRENT_SCHEMA())
		WHERE a.attnum > 0 -- hide internal columns
		AND NOT a.attisdropped -- hide deleted columns
		AND b.relname = 'chat_members'

2026/03/25 16:39:44 [32mD:/works/edulinker_v2/backend/internal/plugins/messenger/messenger.go:117
[0m[33m[0.000ms] [34;1m[rows:0][0m SELECT description FROM pg_catalog.pg_description WHERE objsubid = (SELECT ordinal_position FROM information_schema.columns WHERE table_schema = CURRENT_SCHEMA() AND table_name = 'chat_members' AND column_name = 'chat_id') AND objoid = (SELECT oid FROM pg_catalog.pg_class WHERE relname = 'chat_members' AND relnamespace = (SELECT oid FROM pg_catalog.pg_namespace WHERE nspname = CURRENT_SCHEMA()))

2026/03/25 16:39:44 [32mD:/works/edulinker_v2/backend/internal/plugins/messenger/messenger.go:117
[0m[33m[0.000ms] [34;1m[rows:0][0m SELECT description FROM pg_catalog.pg_description WHERE objsubid = (SELECT ordinal_position FROM information_schema.columns WHERE table_schema = CURRENT_SCHEMA() AND table_name = 'chat_members' AND column_name = 'user_id') AND objoid = (SELECT oid FROM pg_catalog.pg_class WHERE relname = 'chat_members' AND relnamespace = (SELECT oid FROM pg_catalog.pg_namespace WHERE nspname = CURRENT_SCHEMA()))

2026/03/25 16:39:44 [32mD:/works/edulinker_v2/backend/internal/plugins/messenger/messenger.go:117
[0m[33m[0.515ms] [34;1m[rows:0][0m SELECT description FROM pg_catalog.pg_description WHERE objsubid = (SELECT ordinal_position FROM information_schema.columns WHERE table_schema = CURRENT_SCHEMA() AND table_name = 'chat_members' AND column_name = 'joined_at') AND objoid = (SELECT oid FROM pg_catalog.pg_class WHERE relname = 'chat_members' AND relnamespace = (SELECT oid FROM pg_catalog.pg_namespace WHERE nspname = CURRENT_SCHEMA()))

2026/03/25 16:39:44 [32mD:/works/edulinker_v2/backend/internal/plugins/messenger/messenger.go:117
[0m[33m[0.000ms] [34;1m[rows:0][0m SELECT description FROM pg_catalog.pg_description WHERE objsubid = (SELECT ordinal_position FROM information_schema.columns WHERE table_schema = CURRENT_SCHEMA() AND table_name = 'chat_members' AND column_name = 'is_deleted') AND objoid = (SELECT oid FROM pg_catalog.pg_class WHERE relname = 'chat_members' AND relnamespace = (SELECT oid FROM pg_catalog.pg_namespace WHERE nspname = CURRENT_SCHEMA()))

2026/03/25 16:39:44 [32mD:/works/edulinker_v2/backend/internal/plugins/messenger/messenger.go:117
[0m[33m[0.000ms] [34;1m[rows:1][0m SELECT count(*) FROM information_schema.tables WHERE table_schema = CURRENT_SCHEMA() AND table_name = 'messages' AND table_type = 'BASE TABLE'

2026/03/25 16:39:44 [32mD:/works/edulinker_v2/backend/internal/plugins/messenger/messenger.go:117
[0m[33m[0.000ms] [34;1m[rows:1][0m SELECT CURRENT_DATABASE()

2026/03/25 16:39:44 [32mD:/works/edulinker_v2/backend/internal/plugins/messenger/messenger.go:117
[0m[33m[0.511ms] [34;1m[rows:-][0m SELECT c.column_name, c.is_nullable = 'YES', c.udt_name, c.character_maximum_length, c.numeric_precision, c.numeric_precision_radix, c.numeric_scale, c.datetime_precision, 8 * typlen, c.column_default, pd.description, c.identity_increment FROM information_schema.columns AS c JOIN pg_type AS pgt ON c.udt_name = pgt.typname LEFT JOIN pg_catalog.pg_description as pd ON pd.objsubid = c.ordinal_position AND pd.objoid = (SELECT oid FROM pg_catalog.pg_class WHERE relname = c.table_name AND relnamespace = (SELECT oid FROM pg_catalog.pg_namespace WHERE nspname = c.table_schema)) where table_catalog = 'edulinker' AND table_schema = CURRENT_SCHEMA() AND table_name = 'messages'

2026/03/25 16:39:44 [32mD:/works/edulinker_v2/backend/internal/plugins/messenger/messenger.go:117
[0m[33m[0.514ms] [34;1m[rows:-][0m SELECT * FROM "messages" LIMIT 5

2026/03/25 16:39:44 [32mD:/works/edulinker_v2/backend/internal/plugins/messenger/messenger.go:117
[0m[33m[0.558ms] [34;1m[rows:-][0m SELECT constraint_name FROM information_schema.table_constraints tc JOIN information_schema.constraint_column_usage AS ccu USING (constraint_schema, constraint_catalog, table_name, constraint_name) JOIN information_schema.columns AS c ON c.table_schema = tc.constraint_schema AND tc.table_name = c.table_name AND ccu.column_name = c.column_name WHERE constraint_type IN ('PRIMARY KEY', 'UNIQUE') AND c.table_catalog = 'edulinker' AND c.table_schema = CURRENT_SCHEMA() AND c.table_name = 'messages' AND constraint_type = 'UNIQUE'

2026/03/25 16:39:44 [32mD:/works/edulinker_v2/backend/internal/plugins/messenger/messenger.go:117
[0m[33m[0.508ms] [34;1m[rows:-][0m SELECT c.column_name, constraint_name, constraint_type FROM information_schema.table_constraints tc JOIN information_schema.constraint_column_usage AS ccu USING (constraint_schema, constraint_catalog, table_name, constraint_name) JOIN information_schema.columns AS c ON c.table_schema = tc.constraint_schema AND tc.table_name = c.table_name AND ccu.column_name = c.column_name WHERE constraint_type IN ('PRIMARY KEY', 'UNIQUE') AND c.table_catalog = 'edulinker' AND c.table_schema = CURRENT_SCHEMA() AND c.table_name = 'messages'

2026/03/25 16:39:44 [32mD:/works/edulinker_v2/backend/internal/plugins/messenger/messenger.go:117
[0m[33m[0.000ms] [34;1m[rows:-][0m SELECT a.attname as column_name, format_type(a.atttypid, a.atttypmod) AS data_type
		FROM pg_attribute a JOIN pg_class b ON a.attrelid = b.oid AND relnamespace = (SELECT oid FROM pg_catalog.pg_namespace WHERE nspname = CURRENT_SCHEMA())
		WHERE a.attnum > 0 -- hide internal columns
		AND NOT a.attisdropped -- hide deleted columns
		AND b.relname = 'messages'

2026/03/25 16:39:44 [32mD:/works/edulinker_v2/backend/internal/plugins/messenger/messenger.go:117
[0m[33m[0.000ms] [34;1m[rows:0][0m SELECT description FROM pg_catalog.pg_description WHERE objsubid = (SELECT ordinal_position FROM information_schema.columns WHERE table_schema = CURRENT_SCHEMA() AND table_name = 'messages' AND column_name = 'id') AND objoid = (SELECT oid FROM pg_catalog.pg_class WHERE relname = 'messages' AND relnamespace = (SELECT oid FROM pg_catalog.pg_namespace WHERE nspname = CURRENT_SCHEMA()))

2026/03/25 16:39:44 [32mD:/works/edulinker_v2/backend/internal/plugins/messenger/messenger.go:117
[0m[33m[0.000ms] [34;1m[rows:0][0m SELECT description FROM pg_catalog.pg_description WHERE objsubid = (SELECT ordinal_position FROM information_schema.columns WHERE table_schema = CURRENT_SCHEMA() AND table_name = 'messages' AND column_name = 'chat_id') AND objoid = (SELECT oid FROM pg_catalog.pg_class WHERE relname = 'messages' AND relnamespace = (SELECT oid FROM pg_catalog.pg_namespace WHERE nspname = CURRENT_SCHEMA()))

2026/03/25 16:39:44 [32mD:/works/edulinker_v2/backend/internal/plugins/messenger/messenger.go:117
[0m[33m[0.000ms] [34;1m[rows:0][0m SELECT description FROM pg_catalog.pg_description WHERE objsubid = (SELECT ordinal_position FROM information_schema.columns WHERE table_schema = CURRENT_SCHEMA() AND table_name = 'messages' AND column_name = 'sender_id') AND objoid = (SELECT oid FROM pg_catalog.pg_class WHERE relname = 'messages' AND relnamespace = (SELECT oid FROM pg_catalog.pg_namespace WHERE nspname = CURRENT_SCHEMA()))

2026/03/25 16:39:44 [32mD:/works/edulinker_v2/backend/internal/plugins/messenger/messenger.go:117
[0m[33m[0.000ms] [34;1m[rows:0][0m SELECT description FROM pg_catalog.pg_description WHERE objsubid = (SELECT ordinal_position FROM information_schema.columns WHERE table_schema = CURRENT_SCHEMA() AND table_name = 'messages' AND column_name = 'content') AND objoid = (SELECT oid FROM pg_catalog.pg_class WHERE relname = 'messages' AND relnamespace = (SELECT oid FROM pg_catalog.pg_namespace WHERE nspname = CURRENT_SCHEMA()))

2026/03/25 16:39:44 [32mD:/works/edulinker_v2/backend/internal/plugins/messenger/messenger.go:117
[0m[33m[0.000ms] [34;1m[rows:0][0m SELECT description FROM pg_catalog.pg_description WHERE objsubid = (SELECT ordinal_position FROM information_schema.columns WHERE table_schema = CURRENT_SCHEMA() AND table_name = 'messages' AND column_name = 'message_type') AND objoid = (SELECT oid FROM pg_catalog.pg_class WHERE relname = 'messages' AND relnamespace = (SELECT oid FROM pg_catalog.pg_namespace WHERE nspname = CURRENT_SCHEMA()))

2026/03/25 16:39:44 [32mD:/works/edulinker_v2/backend/internal/plugins/messenger/messenger.go:117
[0m[33m[0.000ms] [34;1m[rows:0][0m SELECT description FROM pg_catalog.pg_description WHERE objsubid = (SELECT ordinal_position FROM information_schema.columns WHERE table_schema = CURRENT_SCHEMA() AND table_name = 'messages' AND column_name = 'file_id') AND objoid = (SELECT oid FROM pg_catalog.pg_class WHERE relname = 'messages' AND relnamespace = (SELECT oid FROM pg_catalog.pg_namespace WHERE nspname = CURRENT_SCHEMA()))

2026/03/25 16:39:44 [32mD:/works/edulinker_v2/backend/internal/plugins/messenger/messenger.go:117
[0m[33m[0.000ms] [34;1m[rows:0][0m SELECT description FROM pg_catalog.pg_description WHERE objsubid = (SELECT ordinal_position FROM information_schema.columns WHERE table_schema = CURRENT_SCHEMA() AND table_name = 'messages' AND column_name = 'is_urgent') AND objoid = (SELECT oid FROM pg_catalog.pg_class WHERE relname = 'messages' AND relnamespace = (SELECT oid FROM pg_catalog.pg_namespace WHERE nspname = CURRENT_SCHEMA()))

2026/03/25 16:39:44 [32mD:/works/edulinker_v2/backend/internal/plugins/messenger/messenger.go:117
[0m[33m[0.517ms] [34;1m[rows:0][0m SELECT description FROM pg_catalog.pg_description WHERE objsubid = (SELECT ordinal_position FROM information_schema.columns WHERE table_schema = CURRENT_SCHEMA() AND table_name = 'messages' AND column_name = 'created_at') AND objoid = (SELECT oid FROM pg_catalog.pg_class WHERE relname = 'messages' AND relnamespace = (SELECT oid FROM pg_catalog.pg_namespace WHERE nspname = CURRENT_SCHEMA()))

2026/03/25 16:39:44 [32mD:/works/edulinker_v2/backend/internal/plugins/messenger/messenger.go:117
[0m[33m[0.000ms] [34;1m[rows:1][0m SELECT count(*) FROM pg_indexes WHERE tablename = 'messages' AND indexname = 'idx_messages_chat_id' AND schemaname = CURRENT_SCHEMA()

2026/03/25 16:39:44 [32mD:/works/edulinker_v2/backend/internal/plugins/messenger/messenger.go:117
[0m[33m[0.000ms] [34;1m[rows:1][0m SELECT count(*) FROM information_schema.tables WHERE table_schema = CURRENT_SCHEMA() AND table_name = 'message_read_receipts' AND table_type = 'BASE TABLE'

2026/03/25 16:39:44 [32mD:/works/edulinker_v2/backend/internal/plugins/messenger/messenger.go:117
[0m[33m[0.000ms] [34;1m[rows:1][0m SELECT CURRENT_DATABASE()

2026/03/25 16:39:44 [32mD:/works/edulinker_v2/backend/internal/plugins/messenger/messenger.go:117
[0m[33m[0.623ms] [34;1m[rows:-][0m SELECT c.column_name, c.is_nullable = 'YES', c.udt_name, c.character_maximum_length, c.numeric_precision, c.numeric_precision_radix, c.numeric_scale, c.datetime_precision, 8 * typlen, c.column_default, pd.description, c.identity_increment FROM information_schema.columns AS c JOIN pg_type AS pgt ON c.udt_name = pgt.typname LEFT JOIN pg_catalog.pg_description as pd ON pd.objsubid = c.ordinal_position AND pd.objoid = (SELECT oid FROM pg_catalog.pg_class WHERE relname = c.table_name AND relnamespace = (SELECT oid FROM pg_catalog.pg_namespace WHERE nspname = c.table_schema)) where table_catalog = 'edulinker' AND table_schema = CURRENT_SCHEMA() AND table_name = 'message_read_receipts'

2026/03/25 16:39:44 [32mD:/works/edulinker_v2/backend/internal/plugins/messenger/messenger.go:117
[0m[33m[0.508ms] [34;1m[rows:-][0m SELECT * FROM "message_read_receipts" LIMIT 5

2026/03/25 16:39:44 [32mD:/works/edulinker_v2/backend/internal/plugins/messenger/messenger.go:117
[0m[33m[0.000ms] [34;1m[rows:-][0m SELECT constraint_name FROM information_schema.table_constraints tc JOIN information_schema.constraint_column_usage AS ccu USING (constraint_schema, constraint_catalog, table_name, constraint_name) JOIN information_schema.columns AS c ON c.table_schema = tc.constraint_schema AND tc.table_name = c.table_name AND ccu.column_name = c.column_name WHERE constraint_type IN ('PRIMARY KEY', 'UNIQUE') AND c.table_catalog = 'edulinker' AND c.table_schema = CURRENT_SCHEMA() AND c.table_name = 'message_read_receipts' AND constraint_type = 'UNIQUE'

2026/03/25 16:39:44 [32mD:/works/edulinker_v2/backend/internal/plugins/messenger/messenger.go:117
[0m[33m[0.510ms] [34;1m[rows:-][0m SELECT c.column_name, constraint_name, constraint_type FROM information_schema.table_constraints tc JOIN information_schema.constraint_column_usage AS ccu USING (constraint_schema, constraint_catalog, table_name, constraint_name) JOIN information_schema.columns AS c ON c.table_schema = tc.constraint_schema AND tc.table_name = c.table_name AND ccu.column_name = c.column_name WHERE constraint_type IN ('PRIMARY KEY', 'UNIQUE') AND c.table_catalog = 'edulinker' AND c.table_schema = CURRENT_SCHEMA() AND c.table_name = 'message_read_receipts'

2026/03/25 16:39:44 [32mD:/works/edulinker_v2/backend/internal/plugins/messenger/messenger.go:117
[0m[33m[0.000ms] [34;1m[rows:-][0m SELECT a.attname as column_name, format_type(a.atttypid, a.atttypmod) AS data_type
		FROM pg_attribute a JOIN pg_class b ON a.attrelid = b.oid AND relnamespace = (SELECT oid FROM pg_catalog.pg_namespace WHERE nspname = CURRENT_SCHEMA())
		WHERE a.attnum > 0 -- hide internal columns
		AND NOT a.attisdropped -- hide deleted columns
		AND b.relname = 'message_read_receipts'

2026/03/25 16:39:44 [32mD:/works/edulinker_v2/backend/internal/plugins/messenger/messenger.go:117
[0m[33m[0.523ms] [34;1m[rows:0][0m SELECT description FROM pg_catalog.pg_description WHERE objsubid = (SELECT ordinal_position FROM information_schema.columns WHERE table_schema = CURRENT_SCHEMA() AND table_name = 'message_read_receipts' AND column_name = 'message_id') AND objoid = (SELECT oid FROM pg_catalog.pg_class WHERE relname = 'message_read_receipts' AND relnamespace = (SELECT oid FROM pg_catalog.pg_namespace WHERE nspname = CURRENT_SCHEMA()))

2026/03/25 16:39:44 [32mD:/works/edulinker_v2/backend/internal/plugins/messenger/messenger.go:117
[0m[33m[0.000ms] [34;1m[rows:0][0m SELECT description FROM pg_catalog.pg_description WHERE objsubid = (SELECT ordinal_position FROM information_schema.columns WHERE table_schema = CURRENT_SCHEMA() AND table_name = 'message_read_receipts' AND column_name = 'user_id') AND objoid = (SELECT oid FROM pg_catalog.pg_class WHERE relname = 'message_read_receipts' AND relnamespace = (SELECT oid FROM pg_catalog.pg_namespace WHERE nspname = CURRENT_SCHEMA()))

2026/03/25 16:39:44 [32mD:/works/edulinker_v2/backend/internal/plugins/messenger/messenger.go:117
[0m[33m[0.000ms] [34;1m[rows:0][0m SELECT description FROM pg_catalog.pg_description WHERE objsubid = (SELECT ordinal_position FROM information_schema.columns WHERE table_schema = CURRENT_SCHEMA() AND table_name = 'message_read_receipts' AND column_name = 'read_at') AND objoid = (SELECT oid FROM pg_catalog.pg_class WHERE relname = 'message_read_receipts' AND relnamespace = (SELECT oid FROM pg_catalog.pg_namespace WHERE nspname = CURRENT_SCHEMA()))

2026/03/25 16:39:44 [32mD:/works/edulinker_v2/backend/internal/plugins/todo/todo.go:43
[0m[33m[0.000ms] [34;1m[rows:1][0m SELECT count(*) FROM information_schema.tables WHERE table_schema = CURRENT_SCHEMA() AND table_name = 'todos' AND table_type = 'BASE TABLE'

2026/03/25 16:39:44 [32mD:/works/edulinker_v2/backend/internal/plugins/todo/todo.go:43
[0m[33m[0.000ms] [34;1m[rows:1][0m SELECT CURRENT_DATABASE()

2026/03/25 16:39:44 [32mD:/works/edulinker_v2/backend/internal/plugins/todo/todo.go:43
[0m[33m[0.508ms] [34;1m[rows:-][0m SELECT c.column_name, c.is_nullable = 'YES', c.udt_name, c.character_maximum_length, c.numeric_precision, c.numeric_precision_radix, c.numeric_scale, c.datetime_precision, 8 * typlen, c.column_default, pd.description, c.identity_increment FROM information_schema.columns AS c JOIN pg_type AS pgt ON c.udt_name = pgt.typname LEFT JOIN pg_catalog.pg_description as pd ON pd.objsubid = c.ordinal_position AND pd.objoid = (SELECT oid FROM pg_catalog.pg_class WHERE relname = c.table_name AND relnamespace = (SELECT oid FROM pg_catalog.pg_namespace WHERE nspname = c.table_schema)) where table_catalog = 'edulinker' AND table_schema = CURRENT_SCHEMA() AND table_name = 'todos'

2026/03/25 16:39:44 [32mD:/works/edulinker_v2/backend/internal/plugins/todo/todo.go:43
[0m[33m[0.508ms] [34;1m[rows:-][0m SELECT * FROM "todos" LIMIT 5

2026/03/25 16:39:44 [32mD:/works/edulinker_v2/backend/internal/plugins/todo/todo.go:43
[0m[33m[0.000ms] [34;1m[rows:-][0m SELECT constraint_name FROM information_schema.table_constraints tc JOIN information_schema.constraint_column_usage AS ccu USING (constraint_schema, constraint_catalog, table_name, constraint_name) JOIN information_schema.columns AS c ON c.table_schema = tc.constraint_schema AND tc.table_name = c.table_name AND ccu.column_name = c.column_name WHERE constraint_type IN ('PRIMARY KEY', 'UNIQUE') AND c.table_catalog = 'edulinker' AND c.table_schema = CURRENT_SCHEMA() AND c.table_name = 'todos' AND constraint_type = 'UNIQUE'

2026/03/25 16:39:44 [32mD:/works/edulinker_v2/backend/internal/plugins/todo/todo.go:43
[0m[33m[0.515ms] [34;1m[rows:-][0m SELECT c.column_name, constraint_name, constraint_type FROM information_schema.table_constraints tc JOIN information_schema.constraint_column_usage AS ccu USING (constraint_schema, constraint_catalog, table_name, constraint_name) JOIN information_schema.columns AS c ON c.table_schema = tc.constraint_schema AND tc.table_name = c.table_name AND ccu.column_name = c.column_name WHERE constraint_type IN ('PRIMARY KEY', 'UNIQUE') AND c.table_catalog = 'edulinker' AND c.table_schema = CURRENT_SCHEMA() AND c.table_name = 'todos'

2026/03/25 16:39:44 [32mD:/works/edulinker_v2/backend/internal/plugins/todo/todo.go:43
[0m[33m[0.000ms] [34;1m[rows:-][0m SELECT a.attname as column_name, format_type(a.atttypid, a.atttypmod) AS data_type
		FROM pg_attribute a JOIN pg_class b ON a.attrelid = b.oid AND relnamespace = (SELECT oid FROM pg_catalog.pg_namespace WHERE nspname = CURRENT_SCHEMA())
		WHERE a.attnum > 0 -- hide internal columns
		AND NOT a.attisdropped -- hide deleted columns
		AND b.relname = 'todos'

2026/03/25 16:39:44 [32mD:/works/edulinker_v2/backend/internal/plugins/todo/todo.go:43
[0m[33m[0.000ms] [34;1m[rows:0][0m SELECT description FROM pg_catalog.pg_description WHERE objsubid = (SELECT ordinal_position FROM information_schema.columns WHERE table_schema = CURRENT_SCHEMA() AND table_name = 'todos' AND column_name = 'id') AND objoid = (SELECT oid FROM pg_catalog.pg_class WHERE relname = 'todos' AND relnamespace = (SELECT oid FROM pg_catalog.pg_namespace WHERE nspname = CURRENT_SCHEMA()))

2026/03/25 16:39:44 [32mD:/works/edulinker_v2/backend/internal/plugins/todo/todo.go:43
[0m[33m[0.000ms] [34;1m[rows:0][0m SELECT description FROM pg_catalog.pg_description WHERE objsubid = (SELECT ordinal_position FROM information_schema.columns WHERE table_schema = CURRENT_SCHEMA() AND table_name = 'todos' AND column_name = 'school_id') AND objoid = (SELECT oid FROM pg_catalog.pg_class WHERE relname = 'todos' AND relnamespace = (SELECT oid FROM pg_catalog.pg_namespace WHERE nspname = CURRENT_SCHEMA()))

2026/03/25 16:39:44 [32mD:/works/edulinker_v2/backend/internal/plugins/todo/todo.go:43
[0m[33m[0.514ms] [34;1m[rows:0][0m SELECT description FROM pg_catalog.pg_description WHERE objsubid = (SELECT ordinal_position FROM information_schema.columns WHERE table_schema = CURRENT_SCHEMA() AND table_name = 'todos' AND column_name = 'user_id') AND objoid = (SELECT oid FROM pg_catalog.pg_class WHERE relname = 'todos' AND relnamespace = (SELECT oid FROM pg_catalog.pg_namespace WHERE nspname = CURRENT_SCHEMA()))

2026/03/25 16:39:44 [32mD:/works/edulinker_v2/backend/internal/plugins/todo/todo.go:43
[0m[33m[0.000ms] [34;1m[rows:0][0m SELECT description FROM pg_catalog.pg_description WHERE objsubid = (SELECT ordinal_position FROM information_schema.columns WHERE table_schema = CURRENT_SCHEMA() AND table_name = 'todos' AND column_name = 'scope') AND objoid = (SELECT oid FROM pg_catalog.pg_class WHERE relname = 'todos' AND relnamespace = (SELECT oid FROM pg_catalog.pg_namespace WHERE nspname = CURRENT_SCHEMA()))

2026/03/25 16:39:44 [32mD:/works/edulinker_v2/backend/internal/plugins/todo/todo.go:43
[0m[33m[0.000ms] [34;1m[rows:0][0m SELECT description FROM pg_catalog.pg_description WHERE objsubid = (SELECT ordinal_position FROM information_schema.columns WHERE table_schema = CURRENT_SCHEMA() AND table_name = 'todos' AND column_name = 'title') AND objoid = (SELECT oid FROM pg_catalog.pg_class WHERE relname = 'todos' AND relnamespace = (SELECT oid FROM pg_catalog.pg_namespace WHERE nspname = CURRENT_SCHEMA()))

2026/03/25 16:39:44 [32mD:/works/edulinker_v2/backend/internal/plugins/todo/todo.go:43
[0m[33m[0.000ms] [34;1m[rows:0][0m SELECT description FROM pg_catalog.pg_description WHERE objsubid = (SELECT ordinal_position FROM information_schema.columns WHERE table_schema = CURRENT_SCHEMA() AND table_name = 'todos' AND column_name = 'description') AND objoid = (SELECT oid FROM pg_catalog.pg_class WHERE relname = 'todos' AND relnamespace = (SELECT oid FROM pg_catalog.pg_namespace WHERE nspname = CURRENT_SCHEMA()))

2026/03/25 16:39:44 [32mD:/works/edulinker_v2/backend/internal/plugins/todo/todo.go:43
[0m[33m[0.000ms] [34;1m[rows:0][0m SELECT description FROM pg_catalog.pg_description WHERE objsubid = (SELECT ordinal_position FROM information_schema.columns WHERE table_schema = CURRENT_SCHEMA() AND table_name = 'todos' AND column_name = 'is_completed') AND objoid = (SELECT oid FROM pg_catalog.pg_class WHERE relname = 'todos' AND relnamespace = (SELECT oid FROM pg_catalog.pg_namespace WHERE nspname = CURRENT_SCHEMA()))

2026/03/25 16:39:44 [32mD:/works/edulinker_v2/backend/internal/plugins/todo/todo.go:43
[0m[33m[0.000ms] [34;1m[rows:0][0m SELECT description FROM pg_catalog.pg_description WHERE objsubid = (SELECT ordinal_position FROM information_schema.columns WHERE table_schema = CURRENT_SCHEMA() AND table_name = 'todos' AND column_name = 'due_date') AND objoid = (SELECT oid FROM pg_catalog.pg_class WHERE relname = 'todos' AND relnamespace = (SELECT oid FROM pg_catalog.pg_namespace WHERE nspname = CURRENT_SCHEMA()))

2026/03/25 16:39:44 [32mD:/works/edulinker_v2/backend/internal/plugins/todo/todo.go:43
[0m[33m[0.000ms] [34;1m[rows:0][0m SELECT description FROM pg_catalog.pg_description WHERE objsubid = (SELECT ordinal_position FROM information_schema.columns WHERE table_schema = CURRENT_SCHEMA() AND table_name = 'todos' AND column_name = 'linked_announcement_id') AND objoid = (SELECT oid FROM pg_catalog.pg_class WHERE relname = 'todos' AND relnamespace = (SELECT oid FROM pg_catalog.pg_namespace WHERE nspname = CURRENT_SCHEMA()))

2026/03/25 16:39:44 [32mD:/works/edulinker_v2/backend/internal/plugins/todo/todo.go:43
[0m[33m[0.507ms] [34;1m[rows:0][0m SELECT description FROM pg_catalog.pg_description WHERE objsubid = (SELECT ordinal_position FROM information_schema.columns WHERE table_schema = CURRENT_SCHEMA() AND table_name = 'todos' AND column_name = 'priority') AND objoid = (SELECT oid FROM pg_catalog.pg_class WHERE relname = 'todos' AND relnamespace = (SELECT oid FROM pg_catalog.pg_namespace WHERE nspname = CURRENT_SCHEMA()))

2026/03/25 16:39:44 [32mD:/works/edulinker_v2/backend/internal/plugins/todo/todo.go:43
[0m[33m[0.000ms] [34;1m[rows:0][0m SELECT description FROM pg_catalog.pg_description WHERE objsubid = (SELECT ordinal_position FROM information_schema.columns WHERE table_schema = CURRENT_SCHEMA() AND table_name = 'todos' AND column_name = 'completed_at') AND objoid = (SELECT oid FROM pg_catalog.pg_class WHERE relname = 'todos' AND relnamespace = (SELECT oid FROM pg_catalog.pg_namespace WHERE nspname = CURRENT_SCHEMA()))

2026/03/25 16:39:44 [32mD:/works/edulinker_v2/backend/internal/plugins/todo/todo.go:43
[0m[33m[0.000ms] [34;1m[rows:0][0m SELECT description FROM pg_catalog.pg_description WHERE objsubid = (SELECT ordinal_position FROM information_schema.columns WHERE table_schema = CURRENT_SCHEMA() AND table_name = 'todos' AND column_name = 'created_at') AND objoid = (SELECT oid FROM pg_catalog.pg_class WHERE relname = 'todos' AND relnamespace = (SELECT oid FROM pg_catalog.pg_namespace WHERE nspname = CURRENT_SCHEMA()))

2026/03/25 16:39:44 [32mD:/works/edulinker_v2/backend/internal/plugins/todo/todo.go:43
[0m[33m[0.000ms] [34;1m[rows:0][0m SELECT description FROM pg_catalog.pg_description WHERE objsubid = (SELECT ordinal_position FROM information_schema.columns WHERE table_schema = CURRENT_SCHEMA() AND table_name = 'todos' AND column_name = 'updated_at') AND objoid = (SELECT oid FROM pg_catalog.pg_class WHERE relname = 'todos' AND relnamespace = (SELECT oid FROM pg_catalog.pg_namespace WHERE nspname = CURRENT_SCHEMA()))

2026/03/25 16:39:44 [32mD:/works/edulinker_v2/backend/internal/plugins/todo/todo.go:43
[0m[33m[0.509ms] [34;1m[rows:1][0m SELECT count(*) FROM pg_indexes WHERE tablename = 'todos' AND indexname = 'idx_todos_school_id' AND schemaname = CURRENT_SCHEMA()

2026/03/25 16:39:44 [32mD:/works/edulinker_v2/backend/internal/plugins/todo/todo.go:43
[0m[33m[0.000ms] [34;1m[rows:1][0m SELECT count(*) FROM pg_indexes WHERE tablename = 'todos' AND indexname = 'idx_todos_user_id' AND schemaname = CURRENT_SCHEMA()

2026/03/25 16:39:44 [32mD:/works/edulinker_v2/backend/internal/plugins/announcement/announcement.go:54
[0m[33m[0.000ms] [34;1m[rows:1][0m SELECT count(*) FROM information_schema.tables WHERE table_schema = CURRENT_SCHEMA() AND table_name = 'announcements' AND table_type = 'BASE TABLE'

2026/03/25 16:39:44 [32mD:/works/edulinker_v2/backend/internal/plugins/announcement/announcement.go:54
[0m[33m[0.000ms] [34;1m[rows:1][0m SELECT CURRENT_DATABASE()

2026/03/25 16:39:44 [32mD:/works/edulinker_v2/backend/internal/plugins/announcement/announcement.go:54
[0m[33m[0.520ms] [34;1m[rows:-][0m SELECT c.column_name, c.is_nullable = 'YES', c.udt_name, c.character_maximum_length, c.numeric_precision, c.numeric_precision_radix, c.numeric_scale, c.datetime_precision, 8 * typlen, c.column_default, pd.description, c.identity_increment FROM information_schema.columns AS c JOIN pg_type AS pgt ON c.udt_name = pgt.typname LEFT JOIN pg_catalog.pg_description as pd ON pd.objsubid = c.ordinal_position AND pd.objoid = (SELECT oid FROM pg_catalog.pg_class WHERE relname = c.table_name AND relnamespace = (SELECT oid FROM pg_catalog.pg_namespace WHERE nspname = c.table_schema)) where table_catalog = 'edulinker' AND table_schema = CURRENT_SCHEMA() AND table_name = 'announcements'

2026/03/25 16:39:44 [32mD:/works/edulinker_v2/backend/internal/plugins/announcement/announcement.go:54
[0m[33m[0.509ms] [34;1m[rows:-][0m SELECT * FROM "announcements" LIMIT 5

2026/03/25 16:39:44 [32mD:/works/edulinker_v2/backend/internal/plugins/announcement/announcement.go:54
[0m[33m[0.509ms] [34;1m[rows:-][0m SELECT constraint_name FROM information_schema.table_constraints tc JOIN information_schema.constraint_column_usage AS ccu USING (constraint_schema, constraint_catalog, table_name, constraint_name) JOIN information_schema.columns AS c ON c.table_schema = tc.constraint_schema AND tc.table_name = c.table_name AND ccu.column_name = c.column_name WHERE constraint_type IN ('PRIMARY KEY', 'UNIQUE') AND c.table_catalog = 'edulinker' AND c.table_schema = CURRENT_SCHEMA() AND c.table_name = 'announcements' AND constraint_type = 'UNIQUE'

2026/03/25 16:39:44 [32mD:/works/edulinker_v2/backend/internal/plugins/announcement/announcement.go:54
[0m[33m[0.000ms] [34;1m[rows:-][0m SELECT c.column_name, constraint_name, constraint_type FROM information_schema.table_constraints tc JOIN information_schema.constraint_column_usage AS ccu USING (constraint_schema, constraint_catalog, table_name, constraint_name) JOIN information_schema.columns AS c ON c.table_schema = tc.constraint_schema AND tc.table_name = c.table_name AND ccu.column_name = c.column_name WHERE constraint_type IN ('PRIMARY KEY', 'UNIQUE') AND c.table_catalog = 'edulinker' AND c.table_schema = CURRENT_SCHEMA() AND c.table_name = 'announcements'

2026/03/25 16:39:44 [32mD:/works/edulinker_v2/backend/internal/plugins/announcement/announcement.go:54
[0m[33m[0.566ms] [34;1m[rows:-][0m SELECT a.attname as column_name, format_type(a.atttypid, a.atttypmod) AS data_type
		FROM pg_attribute a JOIN pg_class b ON a.attrelid = b.oid AND relnamespace = (SELECT oid FROM pg_catalog.pg_namespace WHERE nspname = CURRENT_SCHEMA())
		WHERE a.attnum > 0 -- hide internal columns
		AND NOT a.attisdropped -- hide deleted columns
		AND b.relname = 'announcements'

2026/03/25 16:39:44 [32mD:/works/edulinker_v2/backend/internal/plugins/announcement/announcement.go:54
[0m[33m[0.000ms] [34;1m[rows:0][0m SELECT description FROM pg_catalog.pg_description WHERE objsubid = (SELECT ordinal_position FROM information_schema.columns WHERE table_schema = CURRENT_SCHEMA() AND table_name = 'announcements' AND column_name = 'id') AND objoid = (SELECT oid FROM pg_catalog.pg_class WHERE relname = 'announcements' AND relnamespace = (SELECT oid FROM pg_catalog.pg_namespace WHERE nspname = CURRENT_SCHEMA()))

2026/03/25 16:39:44 [32mD:/works/edulinker_v2/backend/internal/plugins/announcement/announcement.go:54
[0m[33m[0.000ms] [34;1m[rows:0][0m SELECT description FROM pg_catalog.pg_description WHERE objsubid = (SELECT ordinal_position FROM information_schema.columns WHERE table_schema = CURRENT_SCHEMA() AND table_name = 'announcements' AND column_name = 'school_id') AND objoid = (SELECT oid FROM pg_catalog.pg_class WHERE relname = 'announcements' AND relnamespace = (SELECT oid FROM pg_catalog.pg_namespace WHERE nspname = CURRENT_SCHEMA()))

2026/03/25 16:39:44 [32mD:/works/edulinker_v2/backend/internal/plugins/announcement/announcement.go:54
[0m[33m[0.509ms] [34;1m[rows:0][0m SELECT description FROM pg_catalog.pg_description WHERE objsubid = (SELECT ordinal_position FROM information_schema.columns WHERE table_schema = CURRENT_SCHEMA() AND table_name = 'announcements' AND column_name = 'author_id') AND objoid = (SELECT oid FROM pg_catalog.pg_class WHERE relname = 'announcements' AND relnamespace = (SELECT oid FROM pg_catalog.pg_namespace WHERE nspname = CURRENT_SCHEMA()))

2026/03/25 16:39:44 [32mD:/works/edulinker_v2/backend/internal/plugins/announcement/announcement.go:54
[0m[33m[0.000ms] [34;1m[rows:0][0m SELECT description FROM pg_catalog.pg_description WHERE objsubid = (SELECT ordinal_position FROM information_schema.columns WHERE table_schema = CURRENT_SCHEMA() AND table_name = 'announcements' AND column_name = 'type') AND objoid = (SELECT oid FROM pg_catalog.pg_class WHERE relname = 'announcements' AND relnamespace = (SELECT oid FROM pg_catalog.pg_namespace WHERE nspname = CURRENT_SCHEMA()))

2026/03/25 16:39:44 [32mD:/works/edulinker_v2/backend/internal/plugins/announcement/announcement.go:54
[0m[33m[0.000ms] [34;1m[rows:0][0m SELECT description FROM pg_catalog.pg_description WHERE objsubid = (SELECT ordinal_position FROM information_schema.columns WHERE table_schema = CURRENT_SCHEMA() AND table_name = 'announcements' AND column_name = 'title') AND objoid = (SELECT oid FROM pg_catalog.pg_class WHERE relname = 'announcements' AND relnamespace = (SELECT oid FROM pg_catalog.pg_namespace WHERE nspname = CURRENT_SCHEMA()))

2026/03/25 16:39:44 [32mD:/works/edulinker_v2/backend/internal/plugins/announcement/announcement.go:54
[0m[33m[0.000ms] [34;1m[rows:0][0m SELECT description FROM pg_catalog.pg_description WHERE objsubid = (SELECT ordinal_position FROM information_schema.columns WHERE table_schema = CURRENT_SCHEMA() AND table_name = 'announcements' AND column_name = 'content') AND objoid = (SELECT oid FROM pg_catalog.pg_class WHERE relname = 'announcements' AND relnamespace = (SELECT oid FROM pg_catalog.pg_namespace WHERE nspname = CURRENT_SCHEMA()))

2026/03/25 16:39:44 [32mD:/works/edulinker_v2/backend/internal/plugins/announcement/announcement.go:54
[0m[33m[0.512ms] [34;1m[rows:0][0m SELECT description FROM pg_catalog.pg_description WHERE objsubid = (SELECT ordinal_position FROM information_schema.columns WHERE table_schema = CURRENT_SCHEMA() AND table_name = 'announcements' AND column_name = 'is_urgent') AND objoid = (SELECT oid FROM pg_catalog.pg_class WHERE relname = 'announcements' AND relnamespace = (SELECT oid FROM pg_catalog.pg_namespace WHERE nspname = CURRENT_SCHEMA()))

2026/03/25 16:39:44 [32mD:/works/edulinker_v2/backend/internal/plugins/announcement/announcement.go:54
[0m[33m[0.000ms] [34;1m[rows:0][0m SELECT description FROM pg_catalog.pg_description WHERE objsubid = (SELECT ordinal_position FROM information_schema.columns WHERE table_schema = CURRENT_SCHEMA() AND table_name = 'announcements' AND column_name = 'due_date') AND objoid = (SELECT oid FROM pg_catalog.pg_class WHERE relname = 'announcements' AND relnamespace = (SELECT oid FROM pg_catalog.pg_namespace WHERE nspname = CURRENT_SCHEMA()))

2026/03/25 16:39:44 [32mD:/works/edulinker_v2/backend/internal/plugins/announcement/announcement.go:54
[0m[33m[0.000ms] [34;1m[rows:0][0m SELECT description FROM pg_catalog.pg_description WHERE objsubid = (SELECT ordinal_position FROM information_schema.columns WHERE table_schema = CURRENT_SCHEMA() AND table_name = 'announcements' AND column_name = 'created_at') AND objoid = (SELECT oid FROM pg_catalog.pg_class WHERE relname = 'announcements' AND relnamespace = (SELECT oid FROM pg_catalog.pg_namespace WHERE nspname = CURRENT_SCHEMA()))

2026/03/25 16:39:44 [32mD:/works/edulinker_v2/backend/internal/plugins/announcement/announcement.go:54
[0m[33m[0.000ms] [34;1m[rows:0][0m SELECT description FROM pg_catalog.pg_description WHERE objsubid = (SELECT ordinal_position FROM information_schema.columns WHERE table_schema = CURRENT_SCHEMA() AND table_name = 'announcements' AND column_name = 'updated_at') AND objoid = (SELECT oid FROM pg_catalog.pg_class WHERE relname = 'announcements' AND relnamespace = (SELECT oid FROM pg_catalog.pg_namespace WHERE nspname = CURRENT_SCHEMA()))

2026/03/25 16:39:44 [32mD:/works/edulinker_v2/backend/internal/plugins/announcement/announcement.go:54
[0m[33m[0.506ms] [34;1m[rows:1][0m SELECT count(*) FROM pg_indexes WHERE tablename = 'announcements' AND indexname = 'idx_announcements_school_id' AND schemaname = CURRENT_SCHEMA()

2026/03/25 16:39:44 [32mD:/works/edulinker_v2/backend/internal/plugins/announcement/announcement.go:54
[0m[33m[0.000ms] [34;1m[rows:1][0m SELECT count(*) FROM information_schema.tables WHERE table_schema = CURRENT_SCHEMA() AND table_name = 'announcement_reads' AND table_type = 'BASE TABLE'

2026/03/25 16:39:44 [32mD:/works/edulinker_v2/backend/internal/plugins/announcement/announcement.go:54
[0m[33m[0.000ms] [34;1m[rows:1][0m SELECT CURRENT_DATABASE()

2026/03/25 16:39:44 [32mD:/works/edulinker_v2/backend/internal/plugins/announcement/announcement.go:54
[0m[33m[0.516ms] [34;1m[rows:-][0m SELECT c.column_name, c.is_nullable = 'YES', c.udt_name, c.character_maximum_length, c.numeric_precision, c.numeric_precision_radix, c.numeric_scale, c.datetime_precision, 8 * typlen, c.column_default, pd.description, c.identity_increment FROM information_schema.columns AS c JOIN pg_type AS pgt ON c.udt_name = pgt.typname LEFT JOIN pg_catalog.pg_description as pd ON pd.objsubid = c.ordinal_position AND pd.objoid = (SELECT oid FROM pg_catalog.pg_class WHERE relname = c.table_name AND relnamespace = (SELECT oid FROM pg_catalog.pg_namespace WHERE nspname = c.table_schema)) where table_catalog = 'edulinker' AND table_schema = CURRENT_SCHEMA() AND table_name = 'announcement_reads'

2026/03/25 16:39:44 [32mD:/works/edulinker_v2/backend/internal/plugins/announcement/announcement.go:54
[0m[33m[0.000ms] [34;1m[rows:-][0m SELECT * FROM "announcement_reads" LIMIT 5

2026/03/25 16:39:44 [32mD:/works/edulinker_v2/backend/internal/plugins/announcement/announcement.go:54
[0m[33m[0.000ms] [34;1m[rows:-][0m SELECT constraint_name FROM information_schema.table_constraints tc JOIN information_schema.constraint_column_usage AS ccu USING (constraint_schema, constraint_catalog, table_name, constraint_name) JOIN information_schema.columns AS c ON c.table_schema = tc.constraint_schema AND tc.table_name = c.table_name AND ccu.column_name = c.column_name WHERE constraint_type IN ('PRIMARY KEY', 'UNIQUE') AND c.table_catalog = 'edulinker' AND c.table_schema = CURRENT_SCHEMA() AND c.table_name = 'announcement_reads' AND constraint_type = 'UNIQUE'

2026/03/25 16:39:44 [32mD:/works/edulinker_v2/backend/internal/plugins/announcement/announcement.go:54
[0m[33m[0.517ms] [34;1m[rows:-][0m SELECT c.column_name, constraint_name, constraint_type FROM information_schema.table_constraints tc JOIN information_schema.constraint_column_usage AS ccu USING (constraint_schema, constraint_catalog, table_name, constraint_name) JOIN information_schema.columns AS c ON c.table_schema = tc.constraint_schema AND tc.table_name = c.table_name AND ccu.column_name = c.column_name WHERE constraint_type IN ('PRIMARY KEY', 'UNIQUE') AND c.table_catalog = 'edulinker' AND c.table_schema = CURRENT_SCHEMA() AND c.table_name = 'announcement_reads'

2026/03/25 16:39:44 [32mD:/works/edulinker_v2/backend/internal/plugins/announcement/announcement.go:54
[0m[33m[0.000ms] [34;1m[rows:-][0m SELECT a.attname as column_name, format_type(a.atttypid, a.atttypmod) AS data_type
		FROM pg_attribute a JOIN pg_class b ON a.attrelid = b.oid AND relnamespace = (SELECT oid FROM pg_catalog.pg_namespace WHERE nspname = CURRENT_SCHEMA())
		WHERE a.attnum > 0 -- hide internal columns
		AND NOT a.attisdropped -- hide deleted columns
		AND b.relname = 'announcement_reads'

2026/03/25 16:39:44 [32mD:/works/edulinker_v2/backend/internal/plugins/announcement/announcement.go:54
[0m[33m[0.559ms] [34;1m[rows:0][0m SELECT description FROM pg_catalog.pg_description WHERE objsubid = (SELECT ordinal_position FROM information_schema.columns WHERE table_schema = CURRENT_SCHEMA() AND table_name = 'announcement_reads' AND column_name = 'announcement_id') AND objoid = (SELECT oid FROM pg_catalog.pg_class WHERE relname = 'announcement_reads' AND relnamespace = (SELECT oid FROM pg_catalog.pg_namespace WHERE nspname = CURRENT_SCHEMA()))

2026/03/25 16:39:44 [32mD:/works/edulinker_v2/backend/internal/plugins/announcement/announcement.go:54
[0m[33m[0.000ms] [34;1m[rows:0][0m SELECT description FROM pg_catalog.pg_description WHERE objsubid = (SELECT ordinal_position FROM information_schema.columns WHERE table_schema = CURRENT_SCHEMA() AND table_name = 'announcement_reads' AND column_name = 'user_id') AND objoid = (SELECT oid FROM pg_catalog.pg_class WHERE relname = 'announcement_reads' AND relnamespace = (SELECT oid FROM pg_catalog.pg_namespace WHERE nspname = CURRENT_SCHEMA()))

2026/03/25 16:39:44 [32mD:/works/edulinker_v2/backend/internal/plugins/announcement/announcement.go:54
[0m[33m[0.000ms] [34;1m[rows:0][0m SELECT description FROM pg_catalog.pg_description WHERE objsubid = (SELECT ordinal_position FROM information_schema.columns WHERE table_schema = CURRENT_SCHEMA() AND table_name = 'announcement_reads' AND column_name = 'is_confirmed') AND objoid = (SELECT oid FROM pg_catalog.pg_class WHERE relname = 'announcement_reads' AND relnamespace = (SELECT oid FROM pg_catalog.pg_namespace WHERE nspname = CURRENT_SCHEMA()))

2026/03/25 16:39:44 [32mD:/works/edulinker_v2/backend/internal/plugins/announcement/announcement.go:54
[0m[33m[0.000ms] [34;1m[rows:0][0m SELECT description FROM pg_catalog.pg_description WHERE objsubid = (SELECT ordinal_position FROM information_schema.columns WHERE table_schema = CURRENT_SCHEMA() AND table_name = 'announcement_reads' AND column_name = 'confirmed_at') AND objoid = (SELECT oid FROM pg_catalog.pg_class WHERE relname = 'announcement_reads' AND relnamespace = (SELECT oid FROM pg_catalog.pg_namespace WHERE nspname = CURRENT_SCHEMA()))

2026/03/25 16:39:44 [32mD:/works/edulinker_v2/backend/internal/plugins/announcement/announcement.go:54
[0m[33m[0.000ms] [34;1m[rows:0][0m SELECT description FROM pg_catalog.pg_description WHERE objsubid = (SELECT ordinal_position FROM information_schema.columns WHERE table_schema = CURRENT_SCHEMA() AND table_name = 'announcement_reads' AND column_name = 'read_at') AND objoid = (SELECT oid FROM pg_catalog.pg_class WHERE relname = 'announcement_reads' AND relnamespace = (SELECT oid FROM pg_catalog.pg_namespace WHERE nspname = CURRENT_SCHEMA()))

2026/03/25 16:39:44 [32mD:/works/edulinker_v2/backend/internal/plugins/studentalert/studentalert.go:34
[0m[33m[0.000ms] [34;1m[rows:1][0m SELECT count(*) FROM information_schema.tables WHERE table_schema = CURRENT_SCHEMA() AND table_name = 'alerts' AND table_type = 'BASE TABLE'

2026/03/25 16:39:44 [32mD:/works/edulinker_v2/backend/internal/plugins/studentalert/studentalert.go:34
[0m[33m[0.513ms] [34;1m[rows:1][0m SELECT CURRENT_DATABASE()

2026/03/25 16:39:44 [32mD:/works/edulinker_v2/backend/internal/plugins/studentalert/studentalert.go:34
[0m[33m[0.000ms] [34;1m[rows:-][0m SELECT c.column_name, c.is_nullable = 'YES', c.udt_name, c.character_maximum_length, c.numeric_precision, c.numeric_precision_radix, c.numeric_scale, c.datetime_precision, 8 * typlen, c.column_default, pd.description, c.identity_increment FROM information_schema.columns AS c JOIN pg_type AS pgt ON c.udt_name = pgt.typname LEFT JOIN pg_catalog.pg_description as pd ON pd.objsubid = c.ordinal_position AND pd.objoid = (SELECT oid FROM pg_catalog.pg_class WHERE relname = c.table_name AND relnamespace = (SELECT oid FROM pg_catalog.pg_namespace WHERE nspname = c.table_schema)) where table_catalog = 'edulinker' AND table_schema = CURRENT_SCHEMA() AND table_name = 'alerts'

2026/03/25 16:39:44 [32mD:/works/edulinker_v2/backend/internal/plugins/studentalert/studentalert.go:34
[0m[33m[0.000ms] [34;1m[rows:-][0m SELECT * FROM "alerts" LIMIT 5

2026/03/25 16:39:44 [32mD:/works/edulinker_v2/backend/internal/plugins/studentalert/studentalert.go:34
[0m[33m[0.000ms] [34;1m[rows:-][0m SELECT constraint_name FROM information_schema.table_constraints tc JOIN information_schema.constraint_column_usage AS ccu USING (constraint_schema, constraint_catalog, table_name, constraint_name) JOIN information_schema.columns AS c ON c.table_schema = tc.constraint_schema AND tc.table_name = c.table_name AND ccu.column_name = c.column_name WHERE constraint_type IN ('PRIMARY KEY', 'UNIQUE') AND c.table_catalog = 'edulinker' AND c.table_schema = CURRENT_SCHEMA() AND c.table_name = 'alerts' AND constraint_type = 'UNIQUE'

2026/03/25 16:39:44 [32mD:/works/edulinker_v2/backend/internal/plugins/studentalert/studentalert.go:34
[0m[33m[0.509ms] [34;1m[rows:-][0m SELECT c.column_name, constraint_name, constraint_type FROM information_schema.table_constraints tc JOIN information_schema.constraint_column_usage AS ccu USING (constraint_schema, constraint_catalog, table_name, constraint_name) JOIN information_schema.columns AS c ON c.table_schema = tc.constraint_schema AND tc.table_name = c.table_name AND ccu.column_name = c.column_name WHERE constraint_type IN ('PRIMARY KEY', 'UNIQUE') AND c.table_catalog = 'edulinker' AND c.table_schema = CURRENT_SCHEMA() AND c.table_name = 'alerts'

2026/03/25 16:39:44 [32mD:/works/edulinker_v2/backend/internal/plugins/studentalert/studentalert.go:34
[0m[33m[0.000ms] [34;1m[rows:-][0m SELECT a.attname as column_name, format_type(a.atttypid, a.atttypmod) AS data_type
		FROM pg_attribute a JOIN pg_class b ON a.attrelid = b.oid AND relnamespace = (SELECT oid FROM pg_catalog.pg_namespace WHERE nspname = CURRENT_SCHEMA())
		WHERE a.attnum > 0 -- hide internal columns
		AND NOT a.attisdropped -- hide deleted columns
		AND b.relname = 'alerts'

2026/03/25 16:39:44 [32mD:/works/edulinker_v2/backend/internal/plugins/studentalert/studentalert.go:34
[0m[33m[0.510ms] [34;1m[rows:0][0m SELECT description FROM pg_catalog.pg_description WHERE objsubid = (SELECT ordinal_position FROM information_schema.columns WHERE table_schema = CURRENT_SCHEMA() AND table_name = 'alerts' AND column_name = 'id') AND objoid = (SELECT oid FROM pg_catalog.pg_class WHERE relname = 'alerts' AND relnamespace = (SELECT oid FROM pg_catalog.pg_namespace WHERE nspname = CURRENT_SCHEMA()))

2026/03/25 16:39:44 [32mD:/works/edulinker_v2/backend/internal/plugins/studentalert/studentalert.go:34
[0m[33m[0.000ms] [34;1m[rows:0][0m SELECT description FROM pg_catalog.pg_description WHERE objsubid = (SELECT ordinal_position FROM information_schema.columns WHERE table_schema = CURRENT_SCHEMA() AND table_name = 'alerts' AND column_name = 'school_id') AND objoid = (SELECT oid FROM pg_catalog.pg_class WHERE relname = 'alerts' AND relnamespace = (SELECT oid FROM pg_catalog.pg_namespace WHERE nspname = CURRENT_SCHEMA()))

2026/03/25 16:39:44 [32mD:/works/edulinker_v2/backend/internal/plugins/studentalert/studentalert.go:34
[0m[33m[0.000ms] [34;1m[rows:0][0m SELECT description FROM pg_catalog.pg_description WHERE objsubid = (SELECT ordinal_position FROM information_schema.columns WHERE table_schema = CURRENT_SCHEMA() AND table_name = 'alerts' AND column_name = 'teacher_id') AND objoid = (SELECT oid FROM pg_catalog.pg_class WHERE relname = 'alerts' AND relnamespace = (SELECT oid FROM pg_catalog.pg_namespace WHERE nspname = CURRENT_SCHEMA()))

2026/03/25 16:39:44 [32mD:/works/edulinker_v2/backend/internal/plugins/studentalert/studentalert.go:34
[0m[33m[0.000ms] [34;1m[rows:0][0m SELECT description FROM pg_catalog.pg_description WHERE objsubid = (SELECT ordinal_position FROM information_schema.columns WHERE table_schema = CURRENT_SCHEMA() AND table_name = 'alerts' AND column_name = 'title') AND objoid = (SELECT oid FROM pg_catalog.pg_class WHERE relname = 'alerts' AND relnamespace = (SELECT oid FROM pg_catalog.pg_namespace WHERE nspname = CURRENT_SCHEMA()))

2026/03/25 16:39:44 [32mD:/works/edulinker_v2/backend/internal/plugins/studentalert/studentalert.go:34
[0m[33m[0.524ms] [34;1m[rows:0][0m SELECT description FROM pg_catalog.pg_description WHERE objsubid = (SELECT ordinal_position FROM information_schema.columns WHERE table_schema = CURRENT_SCHEMA() AND table_name = 'alerts' AND column_name = 'content') AND objoid = (SELECT oid FROM pg_catalog.pg_class WHERE relname = 'alerts' AND relnamespace = (SELECT oid FROM pg_catalog.pg_namespace WHERE nspname = CURRENT_SCHEMA()))

2026/03/25 16:39:44 [32mD:/works/edulinker_v2/backend/internal/plugins/studentalert/studentalert.go:34
[0m[33m[0.000ms] [34;1m[rows:0][0m SELECT description FROM pg_catalog.pg_description WHERE objsubid = (SELECT ordinal_position FROM information_schema.columns WHERE table_schema = CURRENT_SCHEMA() AND table_name = 'alerts' AND column_name = 'category') AND objoid = (SELECT oid FROM pg_catalog.pg_class WHERE relname = 'alerts' AND relnamespace = (SELECT oid FROM pg_catalog.pg_namespace WHERE nspname = CURRENT_SCHEMA()))

2026/03/25 16:39:44 [32mD:/works/edulinker_v2/backend/internal/plugins/studentalert/studentalert.go:34
[0m[33m[0.000ms] [34;1m[rows:0][0m SELECT description FROM pg_catalog.pg_description WHERE objsubid = (SELECT ordinal_position FROM information_schema.columns WHERE table_schema = CURRENT_SCHEMA() AND table_name = 'alerts' AND column_name = 'is_active') AND objoid = (SELECT oid FROM pg_catalog.pg_class WHERE relname = 'alerts' AND relnamespace = (SELECT oid FROM pg_catalog.pg_namespace WHERE nspname = CURRENT_SCHEMA()))

2026/03/25 16:39:44 [32mD:/works/edulinker_v2/backend/internal/plugins/studentalert/studentalert.go:34
[0m[33m[0.508ms] [34;1m[rows:0][0m SELECT description FROM pg_catalog.pg_description WHERE objsubid = (SELECT ordinal_position FROM information_schema.columns WHERE table_schema = CURRENT_SCHEMA() AND table_name = 'alerts' AND column_name = 'expires_at') AND objoid = (SELECT oid FROM pg_catalog.pg_class WHERE relname = 'alerts' AND relnamespace = (SELECT oid FROM pg_catalog.pg_namespace WHERE nspname = CURRENT_SCHEMA()))

2026/03/25 16:39:44 [32mD:/works/edulinker_v2/backend/internal/plugins/studentalert/studentalert.go:34
[0m[33m[0.000ms] [34;1m[rows:0][0m SELECT description FROM pg_catalog.pg_description WHERE objsubid = (SELECT ordinal_position FROM information_schema.columns WHERE table_schema = CURRENT_SCHEMA() AND table_name = 'alerts' AND column_name = 'created_at') AND objoid = (SELECT oid FROM pg_catalog.pg_class WHERE relname = 'alerts' AND relnamespace = (SELECT oid FROM pg_catalog.pg_namespace WHERE nspname = CURRENT_SCHEMA()))

2026/03/25 16:39:44 [32mD:/works/edulinker_v2/backend/internal/plugins/studentalert/studentalert.go:34
[0m[33m[0.000ms] [34;1m[rows:1][0m SELECT count(*) FROM pg_indexes WHERE tablename = 'alerts' AND indexname = 'idx_alerts_school_id' AND schemaname = CURRENT_SCHEMA()

2026/03/25 16:39:44 [32mD:/works/edulinker_v2/backend/internal/plugins/attendance/attendance.go:44
[0m[33m[0.510ms] [34;1m[rows:1][0m SELECT count(*) FROM information_schema.tables WHERE table_schema = CURRENT_SCHEMA() AND table_name = 'attendance_records' AND table_type = 'BASE TABLE'

2026/03/25 16:39:44 [32mD:/works/edulinker_v2/backend/internal/plugins/attendance/attendance.go:44
[0m[33m[0.000ms] [34;1m[rows:1][0m SELECT CURRENT_DATABASE()

2026/03/25 16:39:44 [32mD:/works/edulinker_v2/backend/internal/plugins/attendance/attendance.go:44
[0m[33m[0.542ms] [34;1m[rows:-][0m SELECT c.column_name, c.is_nullable = 'YES', c.udt_name, c.character_maximum_length, c.numeric_precision, c.numeric_precision_radix, c.numeric_scale, c.datetime_precision, 8 * typlen, c.column_default, pd.description, c.identity_increment FROM information_schema.columns AS c JOIN pg_type AS pgt ON c.udt_name = pgt.typname LEFT JOIN pg_catalog.pg_description as pd ON pd.objsubid = c.ordinal_position AND pd.objoid = (SELECT oid FROM pg_catalog.pg_class WHERE relname = c.table_name AND relnamespace = (SELECT oid FROM pg_catalog.pg_namespace WHERE nspname = c.table_schema)) where table_catalog = 'edulinker' AND table_schema = CURRENT_SCHEMA() AND table_name = 'attendance_records'

2026/03/25 16:39:44 [32mD:/works/edulinker_v2/backend/internal/plugins/attendance/attendance.go:44
[0m[33m[0.508ms] [34;1m[rows:-][0m SELECT * FROM "attendance_records" LIMIT 5

2026/03/25 16:39:44 [32mD:/works/edulinker_v2/backend/internal/plugins/attendance/attendance.go:44
[0m[33m[0.000ms] [34;1m[rows:-][0m SELECT constraint_name FROM information_schema.table_constraints tc JOIN information_schema.constraint_column_usage AS ccu USING (constraint_schema, constraint_catalog, table_name, constraint_name) JOIN information_schema.columns AS c ON c.table_schema = tc.constraint_schema AND tc.table_name = c.table_name AND ccu.column_name = c.column_name WHERE constraint_type IN ('PRIMARY KEY', 'UNIQUE') AND c.table_catalog = 'edulinker' AND c.table_schema = CURRENT_SCHEMA() AND c.table_name = 'attendance_records' AND constraint_type = 'UNIQUE'

2026/03/25 16:39:44 [32mD:/works/edulinker_v2/backend/internal/plugins/attendance/attendance.go:44
[0m[33m[0.509ms] [34;1m[rows:-][0m SELECT c.column_name, constraint_name, constraint_type FROM information_schema.table_constraints tc JOIN information_schema.constraint_column_usage AS ccu USING (constraint_schema, constraint_catalog, table_name, constraint_name) JOIN information_schema.columns AS c ON c.table_schema = tc.constraint_schema AND tc.table_name = c.table_name AND ccu.column_name = c.column_name WHERE constraint_type IN ('PRIMARY KEY', 'UNIQUE') AND c.table_catalog = 'edulinker' AND c.table_schema = CURRENT_SCHEMA() AND c.table_name = 'attendance_records'

2026/03/25 16:39:44 [32mD:/works/edulinker_v2/backend/internal/plugins/attendance/attendance.go:44
[0m[33m[0.000ms] [34;1m[rows:-][0m SELECT a.attname as column_name, format_type(a.atttypid, a.atttypmod) AS data_type
		FROM pg_attribute a JOIN pg_class b ON a.attrelid = b.oid AND relnamespace = (SELECT oid FROM pg_catalog.pg_namespace WHERE nspname = CURRENT_SCHEMA())
		WHERE a.attnum > 0 -- hide internal columns
		AND NOT a.attisdropped -- hide deleted columns
		AND b.relname = 'attendance_records'

2026/03/25 16:39:44 [32mD:/works/edulinker_v2/backend/internal/plugins/attendance/attendance.go:44
[0m[33m[0.521ms] [34;1m[rows:0][0m SELECT description FROM pg_catalog.pg_description WHERE objsubid = (SELECT ordinal_position FROM information_schema.columns WHERE table_schema = CURRENT_SCHEMA() AND table_name = 'attendance_records' AND column_name = 'id') AND objoid = (SELECT oid FROM pg_catalog.pg_class WHERE relname = 'attendance_records' AND relnamespace = (SELECT oid FROM pg_catalog.pg_namespace WHERE nspname = CURRENT_SCHEMA()))

2026/03/25 16:39:44 [32mD:/works/edulinker_v2/backend/internal/plugins/attendance/attendance.go:44
[0m[33m[0.000ms] [34;1m[rows:0][0m SELECT description FROM pg_catalog.pg_description WHERE objsubid = (SELECT ordinal_position FROM information_schema.columns WHERE table_schema = CURRENT_SCHEMA() AND table_name = 'attendance_records' AND column_name = 'school_id') AND objoid = (SELECT oid FROM pg_catalog.pg_class WHERE relname = 'attendance_records' AND relnamespace = (SELECT oid FROM pg_catalog.pg_namespace WHERE nspname = CURRENT_SCHEMA()))

2026/03/25 16:39:44 [32mD:/works/edulinker_v2/backend/internal/plugins/attendance/attendance.go:44
[0m[33m[0.000ms] [34;1m[rows:0][0m SELECT description FROM pg_catalog.pg_description WHERE objsubid = (SELECT ordinal_position FROM information_schema.columns WHERE table_schema = CURRENT_SCHEMA() AND table_name = 'attendance_records' AND column_name = 'student_id') AND objoid = (SELECT oid FROM pg_catalog.pg_class WHERE relname = 'attendance_records' AND relnamespace = (SELECT oid FROM pg_catalog.pg_namespace WHERE nspname = CURRENT_SCHEMA()))

2026/03/25 16:39:44 [32mD:/works/edulinker_v2/backend/internal/plugins/attendance/attendance.go:44
[0m[33m[0.000ms] [34;1m[rows:0][0m SELECT description FROM pg_catalog.pg_description WHERE objsubid = (SELECT ordinal_position FROM information_schema.columns WHERE table_schema = CURRENT_SCHEMA() AND table_name = 'attendance_records' AND column_name = 'reporter_id') AND objoid = (SELECT oid FROM pg_catalog.pg_class WHERE relname = 'attendance_records' AND relnamespace = (SELECT oid FROM pg_catalog.pg_namespace WHERE nspname = CURRENT_SCHEMA()))

2026/03/25 16:39:44 [32mD:/works/edulinker_v2/backend/internal/plugins/attendance/attendance.go:44
[0m[33m[0.585ms] [34;1m[rows:0][0m SELECT description FROM pg_catalog.pg_description WHERE objsubid = (SELECT ordinal_position FROM information_schema.columns WHERE table_schema = CURRENT_SCHEMA() AND table_name = 'attendance_records' AND column_name = 'teacher_id') AND objoid = (SELECT oid FROM pg_catalog.pg_class WHERE relname = 'attendance_records' AND relnamespace = (SELECT oid FROM pg_catalog.pg_namespace WHERE nspname = CURRENT_SCHEMA()))

2026/03/25 16:39:44 [32mD:/works/edulinker_v2/backend/internal/plugins/attendance/attendance.go:44
[0m[33m[0.000ms] [34;1m[rows:0][0m SELECT description FROM pg_catalog.pg_description WHERE objsubid = (SELECT ordinal_position FROM information_schema.columns WHERE table_schema = CURRENT_SCHEMA() AND table_name = 'attendance_records' AND column_name = 'type') AND objoid = (SELECT oid FROM pg_catalog.pg_class WHERE relname = 'attendance_records' AND relnamespace = (SELECT oid FROM pg_catalog.pg_namespace WHERE nspname = CURRENT_SCHEMA()))

2026/03/25 16:39:44 [32mD:/works/edulinker_v2/backend/internal/plugins/attendance/attendance.go:44
[0m[33m[0.000ms] [34;1m[rows:0][0m SELECT description FROM pg_catalog.pg_description WHERE objsubid = (SELECT ordinal_position FROM information_schema.columns WHERE table_schema = CURRENT_SCHEMA() AND table_name = 'attendance_records' AND column_name = 'reason') AND objoid = (SELECT oid FROM pg_catalog.pg_class WHERE relname = 'attendance_records' AND relnamespace = (SELECT oid FROM pg_catalog.pg_namespace WHERE nspname = CURRENT_SCHEMA()))

2026/03/25 16:39:44 [32mD:/works/edulinker_v2/backend/internal/plugins/attendance/attendance.go:44
[0m[33m[0.506ms] [34;1m[rows:0][0m SELECT description FROM pg_catalog.pg_description WHERE objsubid = (SELECT ordinal_position FROM information_schema.columns WHERE table_schema = CURRENT_SCHEMA() AND table_name = 'attendance_records' AND column_name = 'date') AND objoid = (SELECT oid FROM pg_catalog.pg_class WHERE relname = 'attendance_records' AND relnamespace = (SELECT oid FROM pg_catalog.pg_namespace WHERE nspname = CURRENT_SCHEMA()))

2026/03/25 16:39:44 [32mD:/works/edulinker_v2/backend/internal/plugins/attendance/attendance.go:44
[0m[33m[0.000ms] [34;1m[rows:0][0m SELECT description FROM pg_catalog.pg_description WHERE objsubid = (SELECT ordinal_position FROM information_schema.columns WHERE table_schema = CURRENT_SCHEMA() AND table_name = 'attendance_records' AND column_name = 'is_confirmed') AND objoid = (SELECT oid FROM pg_catalog.pg_class WHERE relname = 'attendance_records' AND relnamespace = (SELECT oid FROM pg_catalog.pg_namespace WHERE nspname = CURRENT_SCHEMA()))

2026/03/25 16:39:44 [32mD:/works/edulinker_v2/backend/internal/plugins/attendance/attendance.go:44
[0m[33m[0.000ms] [34;1m[rows:0][0m SELECT description FROM pg_catalog.pg_description WHERE objsubid = (SELECT ordinal_position FROM information_schema.columns WHERE table_schema = CURRENT_SCHEMA() AND table_name = 'attendance_records' AND column_name = 'confirmed_at') AND objoid = (SELECT oid FROM pg_catalog.pg_class WHERE relname = 'attendance_records' AND relnamespace = (SELECT oid FROM pg_catalog.pg_namespace WHERE nspname = CURRENT_SCHEMA()))

2026/03/25 16:39:44 [32mD:/works/edulinker_v2/backend/internal/plugins/attendance/attendance.go:44
[0m[33m[0.509ms] [34;1m[rows:0][0m SELECT description FROM pg_catalog.pg_description WHERE objsubid = (SELECT ordinal_position FROM information_schema.columns WHERE table_schema = CURRENT_SCHEMA() AND table_name = 'attendance_records' AND column_name = 'created_at') AND objoid = (SELECT oid FROM pg_catalog.pg_class WHERE relname = 'attendance_records' AND relnamespace = (SELECT oid FROM pg_catalog.pg_namespace WHERE nspname = CURRENT_SCHEMA()))

2026/03/25 16:39:44 [32mD:/works/edulinker_v2/backend/internal/plugins/attendance/attendance.go:44
[0m[33m[0.000ms] [34;1m[rows:1][0m SELECT count(*) FROM pg_indexes WHERE tablename = 'attendance_records' AND indexname = 'idx_attendance_records_school_id' AND schemaname = CURRENT_SCHEMA()

2026/03/25 16:39:44 [32mD:/works/edulinker_v2/backend/internal/plugins/attendance/attendance.go:44
[0m[33m[0.000ms] [34;1m[rows:1][0m SELECT count(*) FROM pg_indexes WHERE tablename = 'attendance_records' AND indexname = 'idx_attendance_records_student_id' AND schemaname = CURRENT_SCHEMA()

2026/03/25 16:39:44 [32mD:/works/edulinker_v2/backend/internal/plugins/attendance/attendance.go:44
[0m[33m[0.000ms] [34;1m[rows:1][0m SELECT count(*) FROM pg_indexes WHERE tablename = 'attendance_records' AND indexname = 'idx_attendance_records_date' AND schemaname = CURRENT_SCHEMA()

2026/03/25 16:39:44 [32mD:/works/edulinker_v2/backend/internal/plugins/linker/linker.go:35
[0m[33m[0.528ms] [34;1m[rows:1][0m SELECT count(*) FROM information_schema.tables WHERE table_schema = CURRENT_SCHEMA() AND table_name = 'bookmarks' AND table_type = 'BASE TABLE'

2026/03/25 16:39:44 [32mD:/works/edulinker_v2/backend/internal/plugins/linker/linker.go:35
[0m[33m[0.000ms] [34;1m[rows:1][0m SELECT CURRENT_DATABASE()

2026/03/25 16:39:44 [32mD:/works/edulinker_v2/backend/internal/plugins/linker/linker.go:35
[0m[33m[0.509ms] [34;1m[rows:-][0m SELECT c.column_name, c.is_nullable = 'YES', c.udt_name, c.character_maximum_length, c.numeric_precision, c.numeric_precision_radix, c.numeric_scale, c.datetime_precision, 8 * typlen, c.column_default, pd.description, c.identity_increment FROM information_schema.columns AS c JOIN pg_type AS pgt ON c.udt_name = pgt.typname LEFT JOIN pg_catalog.pg_description as pd ON pd.objsubid = c.ordinal_position AND pd.objoid = (SELECT oid FROM pg_catalog.pg_class WHERE relname = c.table_name AND relnamespace = (SELECT oid FROM pg_catalog.pg_namespace WHERE nspname = c.table_schema)) where table_catalog = 'edulinker' AND table_schema = CURRENT_SCHEMA() AND table_name = 'bookmarks'

2026/03/25 16:39:44 [32mD:/works/edulinker_v2/backend/internal/plugins/linker/linker.go:35
[0m[33m[0.507ms] [34;1m[rows:-][0m SELECT * FROM "bookmarks" LIMIT 5

2026/03/25 16:39:44 [32mD:/works/edulinker_v2/backend/internal/plugins/linker/linker.go:35
[0m[33m[0.523ms] [34;1m[rows:-][0m SELECT constraint_name FROM information_schema.table_constraints tc JOIN information_schema.constraint_column_usage AS ccu USING (constraint_schema, constraint_catalog, table_name, constraint_name) JOIN information_schema.columns AS c ON c.table_schema = tc.constraint_schema AND tc.table_name = c.table_name AND ccu.column_name = c.column_name WHERE constraint_type IN ('PRIMARY KEY', 'UNIQUE') AND c.table_catalog = 'edulinker' AND c.table_schema = CURRENT_SCHEMA() AND c.table_name = 'bookmarks' AND constraint_type = 'UNIQUE'

2026/03/25 16:39:44 [32mD:/works/edulinker_v2/backend/internal/plugins/linker/linker.go:35
[0m[33m[0.519ms] [34;1m[rows:-][0m SELECT c.column_name, constraint_name, constraint_type FROM information_schema.table_constraints tc JOIN information_schema.constraint_column_usage AS ccu USING (constraint_schema, constraint_catalog, table_name, constraint_name) JOIN information_schema.columns AS c ON c.table_schema = tc.constraint_schema AND tc.table_name = c.table_name AND ccu.column_name = c.column_name WHERE constraint_type IN ('PRIMARY KEY', 'UNIQUE') AND c.table_catalog = 'edulinker' AND c.table_schema = CURRENT_SCHEMA() AND c.table_name = 'bookmarks'

2026/03/25 16:39:44 [32mD:/works/edulinker_v2/backend/internal/plugins/linker/linker.go:35
[0m[33m[0.000ms] [34;1m[rows:-][0m SELECT a.attname as column_name, format_type(a.atttypid, a.atttypmod) AS data_type
		FROM pg_attribute a JOIN pg_class b ON a.attrelid = b.oid AND relnamespace = (SELECT oid FROM pg_catalog.pg_namespace WHERE nspname = CURRENT_SCHEMA())
		WHERE a.attnum > 0 -- hide internal columns
		AND NOT a.attisdropped -- hide deleted columns
		AND b.relname = 'bookmarks'

2026/03/25 16:39:44 [32mD:/works/edulinker_v2/backend/internal/plugins/linker/linker.go:35
[0m[33m[0.000ms] [34;1m[rows:0][0m SELECT description FROM pg_catalog.pg_description WHERE objsubid = (SELECT ordinal_position FROM information_schema.columns WHERE table_schema = CURRENT_SCHEMA() AND table_name = 'bookmarks' AND column_name = 'id') AND objoid = (SELECT oid FROM pg_catalog.pg_class WHERE relname = 'bookmarks' AND relnamespace = (SELECT oid FROM pg_catalog.pg_namespace WHERE nspname = CURRENT_SCHEMA()))

2026/03/25 16:39:44 [32mD:/works/edulinker_v2/backend/internal/plugins/linker/linker.go:35
[0m[33m[0.000ms] [34;1m[rows:0][0m SELECT description FROM pg_catalog.pg_description WHERE objsubid = (SELECT ordinal_position FROM information_schema.columns WHERE table_schema = CURRENT_SCHEMA() AND table_name = 'bookmarks' AND column_name = 'school_id') AND objoid = (SELECT oid FROM pg_catalog.pg_class WHERE relname = 'bookmarks' AND relnamespace = (SELECT oid FROM pg_catalog.pg_namespace WHERE nspname = CURRENT_SCHEMA()))

2026/03/25 16:39:44 [32mD:/works/edulinker_v2/backend/internal/plugins/linker/linker.go:35
[0m[33m[0.510ms] [34;1m[rows:0][0m SELECT description FROM pg_catalog.pg_description WHERE objsubid = (SELECT ordinal_position FROM information_schema.columns WHERE table_schema = CURRENT_SCHEMA() AND table_name = 'bookmarks' AND column_name = 'user_id') AND objoid = (SELECT oid FROM pg_catalog.pg_class WHERE relname = 'bookmarks' AND relnamespace = (SELECT oid FROM pg_catalog.pg_namespace WHERE nspname = CURRENT_SCHEMA()))

2026/03/25 16:39:44 [32mD:/works/edulinker_v2/backend/internal/plugins/linker/linker.go:35
[0m[33m[0.000ms] [34;1m[rows:0][0m SELECT description FROM pg_catalog.pg_description WHERE objsubid = (SELECT ordinal_position FROM information_schema.columns WHERE table_schema = CURRENT_SCHEMA() AND table_name = 'bookmarks' AND column_name = 'title') AND objoid = (SELECT oid FROM pg_catalog.pg_class WHERE relname = 'bookmarks' AND relnamespace = (SELECT oid FROM pg_catalog.pg_namespace WHERE nspname = CURRENT_SCHEMA()))

2026/03/25 16:39:44 [32mD:/works/edulinker_v2/backend/internal/plugins/linker/linker.go:35
[0m[33m[0.000ms] [34;1m[rows:0][0m SELECT description FROM pg_catalog.pg_description WHERE objsubid = (SELECT ordinal_position FROM information_schema.columns WHERE table_schema = CURRENT_SCHEMA() AND table_name = 'bookmarks' AND column_name = 'url') AND objoid = (SELECT oid FROM pg_catalog.pg_class WHERE relname = 'bookmarks' AND relnamespace = (SELECT oid FROM pg_catalog.pg_namespace WHERE nspname = CURRENT_SCHEMA()))

2026/03/25 16:39:44 [32mD:/works/edulinker_v2/backend/internal/plugins/linker/linker.go:35
[0m[33m[0.508ms] [34;1m[rows:0][0m SELECT description FROM pg_catalog.pg_description WHERE objsubid = (SELECT ordinal_position FROM information_schema.columns WHERE table_schema = CURRENT_SCHEMA() AND table_name = 'bookmarks' AND column_name = 'student_url') AND objoid = (SELECT oid FROM pg_catalog.pg_class WHERE relname = 'bookmarks' AND relnamespace = (SELECT oid FROM pg_catalog.pg_namespace WHERE nspname = CURRENT_SCHEMA()))

2026/03/25 16:39:44 [32mD:/works/edulinker_v2/backend/internal/plugins/linker/linker.go:35
[0m[33m[0.000ms] [34;1m[rows:0][0m SELECT description FROM pg_catalog.pg_description WHERE objsubid = (SELECT ordinal_position FROM information_schema.columns WHERE table_schema = CURRENT_SCHEMA() AND table_name = 'bookmarks' AND column_name = 'icon') AND objoid = (SELECT oid FROM pg_catalog.pg_class WHERE relname = 'bookmarks' AND relnamespace = (SELECT oid FROM pg_catalog.pg_namespace WHERE nspname = CURRENT_SCHEMA()))

2026/03/25 16:39:44 [32mD:/works/edulinker_v2/backend/internal/plugins/linker/linker.go:35
[0m[33m[0.000ms] [34;1m[rows:0][0m SELECT description FROM pg_catalog.pg_description WHERE objsubid = (SELECT ordinal_position FROM information_schema.columns WHERE table_schema = CURRENT_SCHEMA() AND table_name = 'bookmarks' AND column_name = 'category') AND objoid = (SELECT oid FROM pg_catalog.pg_class WHERE relname = 'bookmarks' AND relnamespace = (SELECT oid FROM pg_catalog.pg_namespace WHERE nspname = CURRENT_SCHEMA()))

2026/03/25 16:39:44 [32mD:/works/edulinker_v2/backend/internal/plugins/linker/linker.go:35
[0m[33m[0.518ms] [34;1m[rows:0][0m SELECT description FROM pg_catalog.pg_description WHERE objsubid = (SELECT ordinal_position FROM information_schema.columns WHERE table_schema = CURRENT_SCHEMA() AND table_name = 'bookmarks' AND column_name = 'sort_order') AND objoid = (SELECT oid FROM pg_catalog.pg_class WHERE relname = 'bookmarks' AND relnamespace = (SELECT oid FROM pg_catalog.pg_namespace WHERE nspname = CURRENT_SCHEMA()))

2026/03/25 16:39:44 [32mD:/works/edulinker_v2/backend/internal/plugins/linker/linker.go:35
[0m[33m[0.000ms] [34;1m[rows:0][0m SELECT description FROM pg_catalog.pg_description WHERE objsubid = (SELECT ordinal_position FROM information_schema.columns WHERE table_schema = CURRENT_SCHEMA() AND table_name = 'bookmarks' AND column_name = 'is_shared') AND objoid = (SELECT oid FROM pg_catalog.pg_class WHERE relname = 'bookmarks' AND relnamespace = (SELECT oid FROM pg_catalog.pg_namespace WHERE nspname = CURRENT_SCHEMA()))

2026/03/25 16:39:44 [32mD:/works/edulinker_v2/backend/internal/plugins/linker/linker.go:35
[0m[33m[0.000ms] [34;1m[rows:0][0m SELECT description FROM pg_catalog.pg_description WHERE objsubid = (SELECT ordinal_position FROM information_schema.columns WHERE table_schema = CURRENT_SCHEMA() AND table_name = 'bookmarks' AND column_name = 'share_teachers') AND objoid = (SELECT oid FROM pg_catalog.pg_class WHERE relname = 'bookmarks' AND relnamespace = (SELECT oid FROM pg_catalog.pg_namespace WHERE nspname = CURRENT_SCHEMA()))

2026/03/25 16:39:44 [32mD:/works/edulinker_v2/backend/internal/plugins/linker/linker.go:35
[0m[33m[0.000ms] [34;1m[rows:0][0m SELECT description FROM pg_catalog.pg_description WHERE objsubid = (SELECT ordinal_position FROM information_schema.columns WHERE table_schema = CURRENT_SCHEMA() AND table_name = 'bookmarks' AND column_name = 'share_class') AND objoid = (SELECT oid FROM pg_catalog.pg_class WHERE relname = 'bookmarks' AND relnamespace = (SELECT oid FROM pg_catalog.pg_namespace WHERE nspname = CURRENT_SCHEMA()))

2026/03/25 16:39:44 [32mD:/works/edulinker_v2/backend/internal/plugins/linker/linker.go:35
[0m[33m[0.510ms] [34;1m[rows:0][0m SELECT description FROM pg_catalog.pg_description WHERE objsubid = (SELECT ordinal_position FROM information_schema.columns WHERE table_schema = CURRENT_SCHEMA() AND table_name = 'bookmarks' AND column_name = 'target_ids') AND objoid = (SELECT oid FROM pg_catalog.pg_class WHERE relname = 'bookmarks' AND relnamespace = (SELECT oid FROM pg_catalog.pg_namespace WHERE nspname = CURRENT_SCHEMA()))

2026/03/25 16:39:44 [32mD:/works/edulinker_v2/backend/internal/plugins/linker/linker.go:35
[0m[33m[0.000ms] [34;1m[rows:0][0m SELECT description FROM pg_catalog.pg_description WHERE objsubid = (SELECT ordinal_position FROM information_schema.columns WHERE table_schema = CURRENT_SCHEMA() AND table_name = 'bookmarks' AND column_name = 'created_at') AND objoid = (SELECT oid FROM pg_catalog.pg_class WHERE relname = 'bookmarks' AND relnamespace = (SELECT oid FROM pg_catalog.pg_namespace WHERE nspname = CURRENT_SCHEMA()))

2026/03/25 16:39:44 [32mD:/works/edulinker_v2/backend/internal/plugins/linker/linker.go:35
[0m[33m[0.000ms] [34;1m[rows:1][0m SELECT count(*) FROM pg_indexes WHERE tablename = 'bookmarks' AND indexname = 'idx_bookmarks_school_id' AND schemaname = CURRENT_SCHEMA()

2026/03/25 16:39:44 [32mD:/works/edulinker_v2/backend/internal/plugins/linker/linker.go:35
[0m[33m[0.000ms] [34;1m[rows:1][0m SELECT count(*) FROM pg_indexes WHERE tablename = 'bookmarks' AND indexname = 'idx_bookmarks_user_id' AND schemaname = CURRENT_SCHEMA()

2026/03/25 16:39:44 [32mD:/works/edulinker_v2/backend/internal/plugins/pcinfo/pcinfo.go:41
[0m[33m[0.000ms] [34;1m[rows:1][0m SELECT count(*) FROM information_schema.tables WHERE table_schema = CURRENT_SCHEMA() AND table_name = 'pc_records' AND table_type = 'BASE TABLE'

2026/03/25 16:39:44 [32mD:/works/edulinker_v2/backend/internal/plugins/pcinfo/pcinfo.go:41
[0m[33m[0.000ms] [34;1m[rows:1][0m SELECT CURRENT_DATABASE()

2026/03/25 16:39:44 [32mD:/works/edulinker_v2/backend/internal/plugins/pcinfo/pcinfo.go:41
[0m[33m[0.512ms] [34;1m[rows:-][0m SELECT c.column_name, c.is_nullable = 'YES', c.udt_name, c.character_maximum_length, c.numeric_precision, c.numeric_precision_radix, c.numeric_scale, c.datetime_precision, 8 * typlen, c.column_default, pd.description, c.identity_increment FROM information_schema.columns AS c JOIN pg_type AS pgt ON c.udt_name = pgt.typname LEFT JOIN pg_catalog.pg_description as pd ON pd.objsubid = c.ordinal_position AND pd.objoid = (SELECT oid FROM pg_catalog.pg_class WHERE relname = c.table_name AND relnamespace = (SELECT oid FROM pg_catalog.pg_namespace WHERE nspname = c.table_schema)) where table_catalog = 'edulinker' AND table_schema = CURRENT_SCHEMA() AND table_name = 'pc_records'

2026/03/25 16:39:44 [32mD:/works/edulinker_v2/backend/internal/plugins/pcinfo/pcinfo.go:41
[0m[33m[0.527ms] [34;1m[rows:-][0m SELECT * FROM "pc_records" LIMIT 5

2026/03/25 16:39:44 [32mD:/works/edulinker_v2/backend/internal/plugins/pcinfo/pcinfo.go:41
[0m[33m[0.512ms] [34;1m[rows:-][0m SELECT constraint_name FROM information_schema.table_constraints tc JOIN information_schema.constraint_column_usage AS ccu USING (constraint_schema, constraint_catalog, table_name, constraint_name) JOIN information_schema.columns AS c ON c.table_schema = tc.constraint_schema AND tc.table_name = c.table_name AND ccu.column_name = c.column_name WHERE constraint_type IN ('PRIMARY KEY', 'UNIQUE') AND c.table_catalog = 'edulinker' AND c.table_schema = CURRENT_SCHEMA() AND c.table_name = 'pc_records' AND constraint_type = 'UNIQUE'

2026/03/25 16:39:44 [32mD:/works/edulinker_v2/backend/internal/plugins/pcinfo/pcinfo.go:41
[0m[33m[0.546ms] [34;1m[rows:-][0m SELECT c.column_name, constraint_name, constraint_type FROM information_schema.table_constraints tc JOIN information_schema.constraint_column_usage AS ccu USING (constraint_schema, constraint_catalog, table_name, constraint_name) JOIN information_schema.columns AS c ON c.table_schema = tc.constraint_schema AND tc.table_name = c.table_name AND ccu.column_name = c.column_name WHERE constraint_type IN ('PRIMARY KEY', 'UNIQUE') AND c.table_catalog = 'edulinker' AND c.table_schema = CURRENT_SCHEMA() AND c.table_name = 'pc_records'

2026/03/25 16:39:44 [32mD:/works/edulinker_v2/backend/internal/plugins/pcinfo/pcinfo.go:41
[0m[33m[0.000ms] [34;1m[rows:-][0m SELECT a.attname as column_name, format_type(a.atttypid, a.atttypmod) AS data_type
		FROM pg_attribute a JOIN pg_class b ON a.attrelid = b.oid AND relnamespace = (SELECT oid FROM pg_catalog.pg_namespace WHERE nspname = CURRENT_SCHEMA())
		WHERE a.attnum > 0 -- hide internal columns
		AND NOT a.attisdropped -- hide deleted columns
		AND b.relname = 'pc_records'

2026/03/25 16:39:44 [32mD:/works/edulinker_v2/backend/internal/plugins/pcinfo/pcinfo.go:41
[0m[33m[0.523ms] [34;1m[rows:0][0m SELECT description FROM pg_catalog.pg_description WHERE objsubid = (SELECT ordinal_position FROM information_schema.columns WHERE table_schema = CURRENT_SCHEMA() AND table_name = 'pc_records' AND column_name = 'id') AND objoid = (SELECT oid FROM pg_catalog.pg_class WHERE relname = 'pc_records' AND relnamespace = (SELECT oid FROM pg_catalog.pg_namespace WHERE nspname = CURRENT_SCHEMA()))

2026/03/25 16:39:44 [32mD:/works/edulinker_v2/backend/internal/plugins/pcinfo/pcinfo.go:41
[0m[33m[0.000ms] [34;1m[rows:0][0m SELECT description FROM pg_catalog.pg_description WHERE objsubid = (SELECT ordinal_position FROM information_schema.columns WHERE table_schema = CURRENT_SCHEMA() AND table_name = 'pc_records' AND column_name = 'school_id') AND objoid = (SELECT oid FROM pg_catalog.pg_class WHERE relname = 'pc_records' AND relnamespace = (SELECT oid FROM pg_catalog.pg_namespace WHERE nspname = CURRENT_SCHEMA()))

2026/03/25 16:39:44 [32mD:/works/edulinker_v2/backend/internal/plugins/pcinfo/pcinfo.go:41
[0m[33m[0.000ms] [34;1m[rows:0][0m SELECT description FROM pg_catalog.pg_description WHERE objsubid = (SELECT ordinal_position FROM information_schema.columns WHERE table_schema = CURRENT_SCHEMA() AND table_name = 'pc_records' AND column_name = 'user_id') AND objoid = (SELECT oid FROM pg_catalog.pg_class WHERE relname = 'pc_records' AND relnamespace = (SELECT oid FROM pg_catalog.pg_namespace WHERE nspname = CURRENT_SCHEMA()))

2026/03/25 16:39:44 [32mD:/works/edulinker_v2/backend/internal/plugins/pcinfo/pcinfo.go:41
[0m[33m[0.000ms] [34;1m[rows:0][0m SELECT description FROM pg_catalog.pg_description WHERE objsubid = (SELECT ordinal_position FROM information_schema.columns WHERE table_schema = CURRENT_SCHEMA() AND table_name = 'pc_records' AND column_name = 'hostname') AND objoid = (SELECT oid FROM pg_catalog.pg_class WHERE relname = 'pc_records' AND relnamespace = (SELECT oid FROM pg_catalog.pg_namespace WHERE nspname = CURRENT_SCHEMA()))

2026/03/25 16:39:44 [32mD:/works/edulinker_v2/backend/internal/plugins/pcinfo/pcinfo.go:41
[0m[33m[0.000ms] [34;1m[rows:0][0m SELECT description FROM pg_catalog.pg_description WHERE objsubid = (SELECT ordinal_position FROM information_schema.columns WHERE table_schema = CURRENT_SCHEMA() AND table_name = 'pc_records' AND column_name = 'ip_address') AND objoid = (SELECT oid FROM pg_catalog.pg_class WHERE relname = 'pc_records' AND relnamespace = (SELECT oid FROM pg_catalog.pg_namespace WHERE nspname = CURRENT_SCHEMA()))

2026/03/25 16:39:44 [32mD:/works/edulinker_v2/backend/internal/plugins/pcinfo/pcinfo.go:41
[0m[33m[0.515ms] [34;1m[rows:0][0m SELECT description FROM pg_catalog.pg_description WHERE objsubid = (SELECT ordinal_position FROM information_schema.columns WHERE table_schema = CURRENT_SCHEMA() AND table_name = 'pc_records' AND column_name = 'mac_address') AND objoid = (SELECT oid FROM pg_catalog.pg_class WHERE relname = 'pc_records' AND relnamespace = (SELECT oid FROM pg_catalog.pg_namespace WHERE nspname = CURRENT_SCHEMA()))

2026/03/25 16:39:44 [32mD:/works/edulinker_v2/backend/internal/plugins/pcinfo/pcinfo.go:41
[0m[33m[0.000ms] [34;1m[rows:0][0m SELECT description FROM pg_catalog.pg_description WHERE objsubid = (SELECT ordinal_position FROM information_schema.columns WHERE table_schema = CURRENT_SCHEMA() AND table_name = 'pc_records' AND column_name = 'os') AND objoid = (SELECT oid FROM pg_catalog.pg_class WHERE relname = 'pc_records' AND relnamespace = (SELECT oid FROM pg_catalog.pg_namespace WHERE nspname = CURRENT_SCHEMA()))

2026/03/25 16:39:44 [32mD:/works/edulinker_v2/backend/internal/plugins/pcinfo/pcinfo.go:41
[0m[33m[0.000ms] [34;1m[rows:0][0m SELECT description FROM pg_catalog.pg_description WHERE objsubid = (SELECT ordinal_position FROM information_schema.columns WHERE table_schema = CURRENT_SCHEMA() AND table_name = 'pc_records' AND column_name = 'cpu') AND objoid = (SELECT oid FROM pg_catalog.pg_class WHERE relname = 'pc_records' AND relnamespace = (SELECT oid FROM pg_catalog.pg_namespace WHERE nspname = CURRENT_SCHEMA()))

2026/03/25 16:39:44 [32mD:/works/edulinker_v2/backend/internal/plugins/pcinfo/pcinfo.go:41
[0m[33m[0.000ms] [34;1m[rows:0][0m SELECT description FROM pg_catalog.pg_description WHERE objsubid = (SELECT ordinal_position FROM information_schema.columns WHERE table_schema = CURRENT_SCHEMA() AND table_name = 'pc_records' AND column_name = 'ram') AND objoid = (SELECT oid FROM pg_catalog.pg_class WHERE relname = 'pc_records' AND relnamespace = (SELECT oid FROM pg_catalog.pg_namespace WHERE nspname = CURRENT_SCHEMA()))

2026/03/25 16:39:44 [32mD:/works/edulinker_v2/backend/internal/plugins/pcinfo/pcinfo.go:41
[0m[33m[0.000ms] [34;1m[rows:0][0m SELECT description FROM pg_catalog.pg_description WHERE objsubid = (SELECT ordinal_position FROM information_schema.columns WHERE table_schema = CURRENT_SCHEMA() AND table_name = 'pc_records' AND column_name = 'disk') AND objoid = (SELECT oid FROM pg_catalog.pg_class WHERE relname = 'pc_records' AND relnamespace = (SELECT oid FROM pg_catalog.pg_namespace WHERE nspname = CURRENT_SCHEMA()))

2026/03/25 16:39:44 [32mD:/works/edulinker_v2/backend/internal/plugins/pcinfo/pcinfo.go:41
[0m[33m[0.000ms] [34;1m[rows:0][0m SELECT description FROM pg_catalog.pg_description WHERE objsubid = (SELECT ordinal_position FROM information_schema.columns WHERE table_schema = CURRENT_SCHEMA() AND table_name = 'pc_records' AND column_name = 'grade') AND objoid = (SELECT oid FROM pg_catalog.pg_class WHERE relname = 'pc_records' AND relnamespace = (SELECT oid FROM pg_catalog.pg_namespace WHERE nspname = CURRENT_SCHEMA()))

2026/03/25 16:39:44 [32mD:/works/edulinker_v2/backend/internal/plugins/pcinfo/pcinfo.go:41
[0m[33m[0.000ms] [34;1m[rows:0][0m SELECT description FROM pg_catalog.pg_description WHERE objsubid = (SELECT ordinal_position FROM information_schema.columns WHERE table_schema = CURRENT_SCHEMA() AND table_name = 'pc_records' AND column_name = 'class_num') AND objoid = (SELECT oid FROM pg_catalog.pg_class WHERE relname = 'pc_records' AND relnamespace = (SELECT oid FROM pg_catalog.pg_namespace WHERE nspname = CURRENT_SCHEMA()))

2026/03/25 16:39:44 [32mD:/works/edulinker_v2/backend/internal/plugins/pcinfo/pcinfo.go:41
[0m[33m[0.513ms] [34;1m[rows:0][0m SELECT description FROM pg_catalog.pg_description WHERE objsubid = (SELECT ordinal_position FROM information_schema.columns WHERE table_schema = CURRENT_SCHEMA() AND table_name = 'pc_records' AND column_name = 'department') AND objoid = (SELECT oid FROM pg_catalog.pg_class WHERE relname = 'pc_records' AND relnamespace = (SELECT oid FROM pg_catalog.pg_namespace WHERE nspname = CURRENT_SCHEMA()))

2026/03/25 16:39:44 [32mD:/works/edulinker_v2/backend/internal/plugins/pcinfo/pcinfo.go:41
[0m[33m[0.508ms] [34;1m[rows:0][0m SELECT description FROM pg_catalog.pg_description WHERE objsubid = (SELECT ordinal_position FROM information_schema.columns WHERE table_schema = CURRENT_SCHEMA() AND table_name = 'pc_records' AND column_name = 'user_name') AND objoid = (SELECT oid FROM pg_catalog.pg_class WHERE relname = 'pc_records' AND relnamespace = (SELECT oid FROM pg_catalog.pg_namespace WHERE nspname = CURRENT_SCHEMA()))

2026/03/25 16:39:44 [32mD:/works/edulinker_v2/backend/internal/plugins/pcinfo/pcinfo.go:41
[0m[33m[0.000ms] [34;1m[rows:0][0m SELECT description FROM pg_catalog.pg_description WHERE objsubid = (SELECT ordinal_position FROM information_schema.columns WHERE table_schema = CURRENT_SCHEMA() AND table_name = 'pc_records' AND column_name = 'location') AND objoid = (SELECT oid FROM pg_catalog.pg_class WHERE relname = 'pc_records' AND relnamespace = (SELECT oid FROM pg_catalog.pg_namespace WHERE nspname = CURRENT_SCHEMA()))

2026/03/25 16:39:44 [32mD:/works/edulinker_v2/backend/internal/plugins/pcinfo/pcinfo.go:41
[0m[33m[0.000ms] [34;1m[rows:0][0m SELECT description FROM pg_catalog.pg_description WHERE objsubid = (SELECT ordinal_position FROM information_schema.columns WHERE table_schema = CURRENT_SCHEMA() AND table_name = 'pc_records' AND column_name = 'label') AND objoid = (SELECT oid FROM pg_catalog.pg_class WHERE relname = 'pc_records' AND relnamespace = (SELECT oid FROM pg_catalog.pg_namespace WHERE nspname = CURRENT_SCHEMA()))

2026/03/25 16:39:44 [32mD:/works/edulinker_v2/backend/internal/plugins/pcinfo/pcinfo.go:41
[0m[33m[0.510ms] [34;1m[rows:0][0m SELECT description FROM pg_catalog.pg_description WHERE objsubid = (SELECT ordinal_position FROM information_schema.columns WHERE table_schema = CURRENT_SCHEMA() AND table_name = 'pc_records' AND column_name = 'printers') AND objoid = (SELECT oid FROM pg_catalog.pg_class WHERE relname = 'pc_records' AND relnamespace = (SELECT oid FROM pg_catalog.pg_namespace WHERE nspname = CURRENT_SCHEMA()))

2026/03/25 16:39:44 [32mD:/works/edulinker_v2/backend/internal/plugins/pcinfo/pcinfo.go:41
[0m[33m[0.000ms] [34;1m[rows:0][0m SELECT description FROM pg_catalog.pg_description WHERE objsubid = (SELECT ordinal_position FROM information_schema.columns WHERE table_schema = CURRENT_SCHEMA() AND table_name = 'pc_records' AND column_name = 'monitors') AND objoid = (SELECT oid FROM pg_catalog.pg_class WHERE relname = 'pc_records' AND relnamespace = (SELECT oid FROM pg_catalog.pg_namespace WHERE nspname = CURRENT_SCHEMA()))

2026/03/25 16:39:44 [32mD:/works/edulinker_v2/backend/internal/plugins/pcinfo/pcinfo.go:41
[0m[33m[0.000ms] [34;1m[rows:0][0m SELECT description FROM pg_catalog.pg_description WHERE objsubid = (SELECT ordinal_position FROM information_schema.columns WHERE table_schema = CURRENT_SCHEMA() AND table_name = 'pc_records' AND column_name = 'last_seen') AND objoid = (SELECT oid FROM pg_catalog.pg_class WHERE relname = 'pc_records' AND relnamespace = (SELECT oid FROM pg_catalog.pg_namespace WHERE nspname = CURRENT_SCHEMA()))

2026/03/25 16:39:44 [32mD:/works/edulinker_v2/backend/internal/plugins/pcinfo/pcinfo.go:41
[0m[33m[0.000ms] [34;1m[rows:0][0m SELECT description FROM pg_catalog.pg_description WHERE objsubid = (SELECT ordinal_position FROM information_schema.columns WHERE table_schema = CURRENT_SCHEMA() AND table_name = 'pc_records' AND column_name = 'created_at') AND objoid = (SELECT oid FROM pg_catalog.pg_class WHERE relname = 'pc_records' AND relnamespace = (SELECT oid FROM pg_catalog.pg_namespace WHERE nspname = CURRENT_SCHEMA()))

2026/03/25 16:39:44 [32mD:/works/edulinker_v2/backend/internal/plugins/pcinfo/pcinfo.go:41
[0m[33m[0.524ms] [34;1m[rows:1][0m SELECT count(*) FROM pg_indexes WHERE tablename = 'pc_records' AND indexname = 'idx_pc_records_school_id' AND schemaname = CURRENT_SCHEMA()

2026/03/25 16:39:44 [32mD:/works/edulinker_v2/backend/internal/plugins/pcinfo/pcinfo.go:41
[0m[33m[0.000ms] [34;1m[rows:1][0m SELECT count(*) FROM pg_indexes WHERE tablename = 'pc_records' AND indexname = 'idx_pc_records_user_id' AND schemaname = CURRENT_SCHEMA()

2026/03/25 16:39:44 [32mD:/works/edulinker_v2/backend/internal/plugins/teacherscreen/teacherscreen.go:28
[0m[33m[0.000ms] [34;1m[rows:1][0m SELECT count(*) FROM information_schema.tables WHERE table_schema = CURRENT_SCHEMA() AND table_name = 'screen_configs' AND table_type = 'BASE TABLE'

2026/03/25 16:39:44 [32mD:/works/edulinker_v2/backend/internal/plugins/teacherscreen/teacherscreen.go:28
[0m[33m[0.000ms] [34;1m[rows:1][0m SELECT CURRENT_DATABASE()

2026/03/25 16:39:44 [32mD:/works/edulinker_v2/backend/internal/plugins/teacherscreen/teacherscreen.go:28
[0m[33m[1.020ms] [34;1m[rows:-][0m SELECT c.column_name, c.is_nullable = 'YES', c.udt_name, c.character_maximum_length, c.numeric_precision, c.numeric_precision_radix, c.numeric_scale, c.datetime_precision, 8 * typlen, c.column_default, pd.description, c.identity_increment FROM information_schema.columns AS c JOIN pg_type AS pgt ON c.udt_name = pgt.typname LEFT JOIN pg_catalog.pg_description as pd ON pd.objsubid = c.ordinal_position AND pd.objoid = (SELECT oid FROM pg_catalog.pg_class WHERE relname = c.table_name AND relnamespace = (SELECT oid FROM pg_catalog.pg_namespace WHERE nspname = c.table_schema)) where table_catalog = 'edulinker' AND table_schema = CURRENT_SCHEMA() AND table_name = 'screen_configs'

2026/03/25 16:39:44 [32mD:/works/edulinker_v2/backend/internal/plugins/teacherscreen/teacherscreen.go:28
[0m[33m[0.522ms] [34;1m[rows:-][0m SELECT * FROM "screen_configs" LIMIT 5

2026/03/25 16:39:44 [32mD:/works/edulinker_v2/backend/internal/plugins/teacherscreen/teacherscreen.go:28
[0m[33m[0.000ms] [34;1m[rows:-][0m SELECT constraint_name FROM information_schema.table_constraints tc JOIN information_schema.constraint_column_usage AS ccu USING (constraint_schema, constraint_catalog, table_name, constraint_name) JOIN information_schema.columns AS c ON c.table_schema = tc.constraint_schema AND tc.table_name = c.table_name AND ccu.column_name = c.column_name WHERE constraint_type IN ('PRIMARY KEY', 'UNIQUE') AND c.table_catalog = 'edulinker' AND c.table_schema = CURRENT_SCHEMA() AND c.table_name = 'screen_configs' AND constraint_type = 'UNIQUE'

2026/03/25 16:39:44 [32mD:/works/edulinker_v2/backend/internal/plugins/teacherscreen/teacherscreen.go:28
[0m[33m[0.519ms] [34;1m[rows:-][0m SELECT c.column_name, constraint_name, constraint_type FROM information_schema.table_constraints tc JOIN information_schema.constraint_column_usage AS ccu USING (constraint_schema, constraint_catalog, table_name, constraint_name) JOIN information_schema.columns AS c ON c.table_schema = tc.constraint_schema AND tc.table_name = c.table_name AND ccu.column_name = c.column_name WHERE constraint_type IN ('PRIMARY KEY', 'UNIQUE') AND c.table_catalog = 'edulinker' AND c.table_schema = CURRENT_SCHEMA() AND c.table_name = 'screen_configs'

2026/03/25 16:39:44 [32mD:/works/edulinker_v2/backend/internal/plugins/teacherscreen/teacherscreen.go:28
[0m[33m[0.000ms] [34;1m[rows:-][0m SELECT a.attname as column_name, format_type(a.atttypid, a.atttypmod) AS data_type
		FROM pg_attribute a JOIN pg_class b ON a.attrelid = b.oid AND relnamespace = (SELECT oid FROM pg_catalog.pg_namespace WHERE nspname = CURRENT_SCHEMA())
		WHERE a.attnum > 0 -- hide internal columns
		AND NOT a.attisdropped -- hide deleted columns
		AND b.relname = 'screen_configs'

2026/03/25 16:39:44 [32mD:/works/edulinker_v2/backend/internal/plugins/teacherscreen/teacherscreen.go:28
[0m[33m[0.510ms] [34;1m[rows:0][0m SELECT description FROM pg_catalog.pg_description WHERE objsubid = (SELECT ordinal_position FROM information_schema.columns WHERE table_schema = CURRENT_SCHEMA() AND table_name = 'screen_configs' AND column_name = 'id') AND objoid = (SELECT oid FROM pg_catalog.pg_class WHERE relname = 'screen_configs' AND relnamespace = (SELECT oid FROM pg_catalog.pg_namespace WHERE nspname = CURRENT_SCHEMA()))

2026/03/25 16:39:44 [32mD:/works/edulinker_v2/backend/internal/plugins/teacherscreen/teacherscreen.go:28
[0m[33m[0.000ms] [34;1m[rows:0][0m SELECT description FROM pg_catalog.pg_description WHERE objsubid = (SELECT ordinal_position FROM information_schema.columns WHERE table_schema = CURRENT_SCHEMA() AND table_name = 'screen_configs' AND column_name = 'school_id') AND objoid = (SELECT oid FROM pg_catalog.pg_class WHERE relname = 'screen_configs' AND relnamespace = (SELECT oid FROM pg_catalog.pg_namespace WHERE nspname = CURRENT_SCHEMA()))

2026/03/25 16:39:44 [32mD:/works/edulinker_v2/backend/internal/plugins/teacherscreen/teacherscreen.go:28
[0m[33m[0.000ms] [34;1m[rows:0][0m SELECT description FROM pg_catalog.pg_description WHERE objsubid = (SELECT ordinal_position FROM information_schema.columns WHERE table_schema = CURRENT_SCHEMA() AND table_name = 'screen_configs' AND column_name = 'teacher_id') AND objoid = (SELECT oid FROM pg_catalog.pg_class WHERE relname = 'screen_configs' AND relnamespace = (SELECT oid FROM pg_catalog.pg_namespace WHERE nspname = CURRENT_SCHEMA()))

2026/03/25 16:39:44 [32mD:/works/edulinker_v2/backend/internal/plugins/teacherscreen/teacherscreen.go:28
[0m[33m[0.519ms] [34;1m[rows:0][0m SELECT description FROM pg_catalog.pg_description WHERE objsubid = (SELECT ordinal_position FROM information_schema.columns WHERE table_schema = CURRENT_SCHEMA() AND table_name = 'screen_configs' AND column_name = 'class_name') AND objoid = (SELECT oid FROM pg_catalog.pg_class WHERE relname = 'screen_configs' AND relnamespace = (SELECT oid FROM pg_catalog.pg_namespace WHERE nspname = CURRENT_SCHEMA()))

2026/03/25 16:39:44 [32mD:/works/edulinker_v2/backend/internal/plugins/teacherscreen/teacherscreen.go:28
[0m[33m[0.000ms] [34;1m[rows:0][0m SELECT description FROM pg_catalog.pg_description WHERE objsubid = (SELECT ordinal_position FROM information_schema.columns WHERE table_schema = CURRENT_SCHEMA() AND table_name = 'screen_configs' AND column_name = 'services') AND objoid = (SELECT oid FROM pg_catalog.pg_class WHERE relname = 'screen_configs' AND relnamespace = (SELECT oid FROM pg_catalog.pg_namespace WHERE nspname = CURRENT_SCHEMA()))

2026/03/25 16:39:44 [32mD:/works/edulinker_v2/backend/internal/plugins/teacherscreen/teacherscreen.go:28
[0m[33m[0.000ms] [34;1m[rows:0][0m SELECT description FROM pg_catalog.pg_description WHERE objsubid = (SELECT ordinal_position FROM information_schema.columns WHERE table_schema = CURRENT_SCHEMA() AND table_name = 'screen_configs' AND column_name = 'updated_at') AND objoid = (SELECT oid FROM pg_catalog.pg_class WHERE relname = 'screen_configs' AND relnamespace = (SELECT oid FROM pg_catalog.pg_namespace WHERE nspname = CURRENT_SCHEMA()))

2026/03/25 16:39:44 [32mD:/works/edulinker_v2/backend/internal/plugins/teacherscreen/teacherscreen.go:28
[0m[33m[0.000ms] [34;1m[rows:0][0m SELECT description FROM pg_catalog.pg_description WHERE objsubid = (SELECT ordinal_position FROM information_schema.columns WHERE table_schema = CURRENT_SCHEMA() AND table_name = 'screen_configs' AND column_name = 'created_at') AND objoid = (SELECT oid FROM pg_catalog.pg_class WHERE relname = 'screen_configs' AND relnamespace = (SELECT oid FROM pg_catalog.pg_namespace WHERE nspname = CURRENT_SCHEMA()))

2026/03/25 16:39:44 [32mD:/works/edulinker_v2/backend/internal/plugins/teacherscreen/teacherscreen.go:28
[0m[33m[0.000ms] [34;1m[rows:1][0m SELECT count(*) FROM pg_indexes WHERE tablename = 'screen_configs' AND indexname = 'idx_screen_configs_school_id' AND schemaname = CURRENT_SCHEMA()

2026/03/25 16:39:44 [32mD:/works/edulinker_v2/backend/internal/plugins/teacherscreen/teacherscreen.go:28
[0m[33m[0.000ms] [34;1m[rows:1][0m SELECT count(*) FROM pg_indexes WHERE tablename = 'screen_configs' AND indexname = 'idx_screen_configs_teacher_id' AND schemaname = CURRENT_SCHEMA()

2026/03/25 16:39:44 [32mD:/works/edulinker_v2/backend/internal/plugins/teacherscreen/teacherscreen.go:28
[0m[33m[0.000ms] [34;1m[rows:1][0m SELECT count(*) FROM pg_indexes WHERE tablename = 'screen_configs' AND indexname = 'idx_teacher_screen' AND schemaname = CURRENT_SCHEMA()
[90m2026-03-25T16:39:44+09:00[0m [32mINF[0m [1mcmd\api-server\main.go:333[0m[36m >[0m [1medulinker API server starting[0m [36maddr=[0m0.0.0.0:5200
[90m2026-03-25T16:39:44+09:00[0m [31mFTL[0m [1mcmd\api-server\main.go:341[0m[36m >[0m [1mServer failed[0m [36merror=[0m[31m[1m"failed to listen: listen tcp4 0.0.0.0:5200: bind: Only one usage of each socket address (protocol/network address/port) is normally permitted."[0m[0m
exit status 1
